Archive member included to satisfy reference by file (symbol)

d:/l/program/gcc-arm-none-eabi-10.3/bin/../lib/gcc/arm-none-eabi/10.3.1/../../../../arm-none-eabi/lib/thumb/v7e-m+dp/hard\libc_nano.a(lib_a-exit.o)
                              d:/l/program/gcc-arm-none-eabi-10.3/bin/../lib/gcc/arm-none-eabi/10.3.1/../../../../arm-none-eabi/lib/thumb/v7e-m+dp/hard/crt0.o (exit)
d:/l/program/gcc-arm-none-eabi-10.3/bin/../lib/gcc/arm-none-eabi/10.3.1/../../../../arm-none-eabi/lib/thumb/v7e-m+dp/hard\libc_nano.a(lib_a-impure.o)
                              d:/l/program/gcc-arm-none-eabi-10.3/bin/../lib/gcc/arm-none-eabi/10.3.1/../../../../arm-none-eabi/lib/thumb/v7e-m+dp/hard\libc_nano.a(lib_a-exit.o) (_global_impure_ptr)
d:/l/program/gcc-arm-none-eabi-10.3/bin/../lib/gcc/arm-none-eabi/10.3.1/../../../../arm-none-eabi/lib/thumb/v7e-m+dp/hard\libc_nano.a(lib_a-init.o)
                              d:/l/program/gcc-arm-none-eabi-10.3/bin/../lib/gcc/arm-none-eabi/10.3.1/../../../../arm-none-eabi/lib/thumb/v7e-m+dp/hard/crt0.o (__libc_init_array)
d:/l/program/gcc-arm-none-eabi-10.3/bin/../lib/gcc/arm-none-eabi/10.3.1/../../../../arm-none-eabi/lib/thumb/v7e-m+dp/hard\libc_nano.a(lib_a-memset.o)
                              d:/l/program/gcc-arm-none-eabi-10.3/bin/../lib/gcc/arm-none-eabi/10.3.1/../../../../arm-none-eabi/lib/thumb/v7e-m+dp/hard/crt0.o (memset)
d:/l/program/gcc-arm-none-eabi-10.3/bin/../lib/gcc/arm-none-eabi/10.3.1/../../../../arm-none-eabi/lib/thumb/v7e-m+dp/hard\libnosys.a(_exit.o)
                              d:/l/program/gcc-arm-none-eabi-10.3/bin/../lib/gcc/arm-none-eabi/10.3.1/../../../../arm-none-eabi/lib/thumb/v7e-m+dp/hard\libc_nano.a(lib_a-exit.o) (_exit)
d:/l/program/gcc-arm-none-eabi-10.3/bin/../lib/gcc/arm-none-eabi/10.3.1/thumb/v7e-m+dp/hard\libgcc.a(_aeabi_uldivmod.o)
                              build/stm32h7xx_hal_uart.o (__aeabi_uldivmod)
d:/l/program/gcc-arm-none-eabi-10.3/bin/../lib/gcc/arm-none-eabi/10.3.1/thumb/v7e-m+dp/hard\libgcc.a(_udivmoddi4.o)
                              d:/l/program/gcc-arm-none-eabi-10.3/bin/../lib/gcc/arm-none-eabi/10.3.1/thumb/v7e-m+dp/hard\libgcc.a(_aeabi_uldivmod.o) (__udivmoddi4)
d:/l/program/gcc-arm-none-eabi-10.3/bin/../lib/gcc/arm-none-eabi/10.3.1/thumb/v7e-m+dp/hard\libgcc.a(_dvmd_tls.o)
                              d:/l/program/gcc-arm-none-eabi-10.3/bin/../lib/gcc/arm-none-eabi/10.3.1/thumb/v7e-m+dp/hard\libgcc.a(_aeabi_uldivmod.o) (__aeabi_ldiv0)

Discarded input sections

 .text          0x00000000        0x0 d:/l/program/gcc-arm-none-eabi-10.3/bin/../lib/gcc/arm-none-eabi/10.3.1/thumb/v7e-m+dp/hard/crti.o
 .data          0x00000000        0x0 d:/l/program/gcc-arm-none-eabi-10.3/bin/../lib/gcc/arm-none-eabi/10.3.1/thumb/v7e-m+dp/hard/crti.o
 .bss           0x00000000        0x0 d:/l/program/gcc-arm-none-eabi-10.3/bin/../lib/gcc/arm-none-eabi/10.3.1/thumb/v7e-m+dp/hard/crti.o
 .data          0x00000000        0x4 d:/l/program/gcc-arm-none-eabi-10.3/bin/../lib/gcc/arm-none-eabi/10.3.1/thumb/v7e-m+dp/hard/crtbegin.o
 .rodata        0x00000000       0x24 d:/l/program/gcc-arm-none-eabi-10.3/bin/../lib/gcc/arm-none-eabi/10.3.1/thumb/v7e-m+dp/hard/crtbegin.o
 .text          0x00000000       0x7c d:/l/program/gcc-arm-none-eabi-10.3/bin/../lib/gcc/arm-none-eabi/10.3.1/../../../../arm-none-eabi/lib/thumb/v7e-m+dp/hard/crt0.o
 .data          0x00000000        0x0 d:/l/program/gcc-arm-none-eabi-10.3/bin/../lib/gcc/arm-none-eabi/10.3.1/../../../../arm-none-eabi/lib/thumb/v7e-m+dp/hard/crt0.o
 .bss           0x00000000        0x0 d:/l/program/gcc-arm-none-eabi-10.3/bin/../lib/gcc/arm-none-eabi/10.3.1/../../../../arm-none-eabi/lib/thumb/v7e-m+dp/hard/crt0.o
 .ARM.extab     0x00000000        0x0 d:/l/program/gcc-arm-none-eabi-10.3/bin/../lib/gcc/arm-none-eabi/10.3.1/../../../../arm-none-eabi/lib/thumb/v7e-m+dp/hard/crt0.o
 .ARM.exidx     0x00000000       0x10 d:/l/program/gcc-arm-none-eabi-10.3/bin/../lib/gcc/arm-none-eabi/10.3.1/../../../../arm-none-eabi/lib/thumb/v7e-m+dp/hard/crt0.o
 .ARM.attributes
                0x00000000       0x1c d:/l/program/gcc-arm-none-eabi-10.3/bin/../lib/gcc/arm-none-eabi/10.3.1/../../../../arm-none-eabi/lib/thumb/v7e-m+dp/hard/crt0.o
 .text          0x00000000        0x0 build/main.o
 .data          0x00000000        0x0 build/main.o
 .bss           0x00000000        0x0 build/main.o
 .text          0x00000000        0x0 build/stm32h7xx_it.o
 .data          0x00000000        0x0 build/stm32h7xx_it.o
 .bss           0x00000000        0x0 build/stm32h7xx_it.o
 .text          0x00000000        0x0 build/stm32h7xx_hal_msp.o
 .data          0x00000000        0x0 build/stm32h7xx_hal_msp.o
 .bss           0x00000000        0x0 build/stm32h7xx_hal_msp.o
 .text.HAL_DCMI_MspDeInit
                0x00000000       0x58 build/stm32h7xx_hal_msp.o
 .text.HAL_ETH_MspDeInit
                0x00000000       0x70 build/stm32h7xx_hal_msp.o
 .text.HAL_UART_MspDeInit
                0x00000000       0x34 build/stm32h7xx_hal_msp.o
[...]
Memory Configuration

Name             Origin             Length             Attributes
DTCMRAM          0x20000000         0x00020000         xrw
RAM_D1           0x24000000         0x00080000         xrw
RAM_D2           0x30000000         0x00048000         xrw
RAM_D3           0x38000000         0x00010000         xrw
ITCMRAM          0x00000000         0x00010000         xrw
FLASH            0x08000000         0x00200000         xr
*default*        0x00000000         0xffffffff

Linker script and memory map

LOAD d:/l/program/gcc-arm-none-eabi-10.3/bin/../lib/gcc/arm-none-eabi/10.3.1/thumb/v7e-m+dp/hard/crti.o
LOAD d:/l/program/gcc-arm-none-eabi-10.3/bin/../lib/gcc/arm-none-eabi/10.3.1/thumb/v7e-m+dp/hard/crtbegin.o
LOAD d:/l/program/gcc-arm-none-eabi-10.3/bin/../lib/gcc/arm-none-eabi/10.3.1/../../../../arm-none-eabi/lib/thumb/v7e-m+dp/hard/crt0.o
LOAD build/main.o
LOAD build/stm32h7xx_it.o
LOAD build/stm32h7xx_hal_msp.o
LOAD build/stm32h7xx_hal_cortex.o
LOAD build/stm32h7xx_hal_eth.o
LOAD build/stm32h7xx_hal_eth_ex.o
LOAD build/stm32h7xx_hal_rcc.o
LOAD build/stm32h7xx_hal_rcc_ex.o
LOAD build/stm32h7xx_hal_flash.o
LOAD build/stm32h7xx_hal_flash_ex.o
LOAD build/stm32h7xx_hal_gpio.o
LOAD build/stm32h7xx_hal_hsem.o
LOAD build/stm32h7xx_hal_dma.o
LOAD build/stm32h7xx_hal_dma_ex.o
LOAD build/stm32h7xx_hal_mdma.o
LOAD build/stm32h7xx_hal_pwr.o
LOAD build/stm32h7xx_hal_pwr_ex.o
LOAD build/stm32h7xx_hal.o
LOAD build/stm32h7xx_hal_i2c.o
LOAD build/stm32h7xx_hal_i2c_ex.o
LOAD build/stm32h7xx_hal_exti.o
LOAD build/stm32h7xx_hal_tim.o
LOAD build/stm32h7xx_hal_tim_ex.o
LOAD build/stm32h7xx_hal_uart.o
LOAD build/stm32h7xx_hal_uart_ex.o
LOAD build/stm32h7xx_hal_pcd.o
LOAD build/stm32h7xx_hal_pcd_ex.o
LOAD build/stm32h7xx_ll_usb.o
LOAD build/system_stm32h7xx.o
LOAD build/stm32h7xx_hal_dcmi.o
LOAD build/startup_stm32h743xx.o
LOAD d:/l/program/gcc-arm-none-eabi-10.3/bin/../lib/gcc/arm-none-eabi/10.3.1/../../../../arm-none-eabi/lib/thumb/v7e-m+dp/hard\libc_nano.a
LOAD d:/l/program/gcc-arm-none-eabi-10.3/bin/../lib/gcc/arm-none-eabi/10.3.1/../../../../arm-none-eabi/lib/thumb/v7e-m+dp/hard\libm.a
LOAD d:/l/program/gcc-arm-none-eabi-10.3/bin/../lib/gcc/arm-none-eabi/10.3.1/../../../../arm-none-eabi/lib/thumb/v7e-m+dp/hard\libnosys.a
START GROUP
LOAD d:/l/program/gcc-arm-none-eabi-10.3/bin/../lib/gcc/arm-none-eabi/10.3.1/thumb/v7e-m+dp/hard\libgcc.a
LOAD d:/l/program/gcc-arm-none-eabi-10.3/bin/../lib/gcc/arm-none-eabi/10.3.1/../../../../arm-none-eabi/lib/thumb/v7e-m+dp/hard\libc_nano.a
END GROUP
START GROUP
LOAD d:/l/program/gcc-arm-none-eabi-10.3/bin/../lib/gcc/arm-none-eabi/10.3.1/thumb/v7e-m+dp/hard\libgcc.a
LOAD d:/l/program/gcc-arm-none-eabi-10.3/bin/../lib/gcc/arm-none-eabi/10.3.1/../../../../arm-none-eabi/lib/thumb/v7e-m+dp/hard\libc_nano.a
END GROUP
LOAD d:/l/program/gcc-arm-none-eabi-10.3/bin/../lib/gcc/arm-none-eabi/10.3.1/thumb/v7e-m+dp/hard/crtend.o
LOAD d:/l/program/gcc-arm-none-eabi-10.3/bin/../lib/gcc/arm-none-eabi/10.3.1/thumb/v7e-m+dp/hard/crtn.o
                0x20020000                _estack = (ORIGIN (DTCMRAM) + LENGTH (DTCMRAM))
                0x00000200                _Min_Heap_Size = 0x200
                0x00000400                _Min_Stack_Size = 0x400

.isr_vector     0x08000000      0x298
                0x08000000                . = ALIGN (0x4)
 *(.isr_vector)
 .isr_vector    0x08000000      0x298 build/startup_stm32h743xx.o
                0x08000000                g_pfnVectors
                0x08000298                . = ALIGN (0x4)

.text           0x08000298     0x43b8
                0x08000298                . = ALIGN (0x4)
 *(.text)
 .text          0x08000298       0x40 d:/l/program/gcc-arm-none-eabi-10.3/bin/../lib/gcc/arm-none-eabi/10.3.1/thumb/v7e-m+dp/hard/crtbegin.o
 .text          0x080002d8       0x30 d:/l/program/gcc-arm-none-eabi-10.3/bin/../lib/gcc/arm-none-eabi/10.3.1/thumb/v7e-m+dp/hard\libgcc.a(_aeabi_uldivmod.o)
                0x080002d8                __aeabi_uldivmod
 .text          0x08000308      0x2d0 d:/l/program/gcc-arm-none-eabi-10.3/bin/../lib/gcc/arm-none-eabi/10.3.1/thumb/v7e-m+dp/hard\libgcc.a(_udivmoddi4.o)
                0x08000308                __udivmoddi4
 .text          0x080005d8        0x4 d:/l/program/gcc-arm-none-eabi-10.3/bin/../lib/gcc/arm-none-eabi/10.3.1/thumb/v7e-m+dp/hard\libgcc.a(_dvmd_tls.o)
                0x080005d8                __aeabi_idiv0
                0x080005d8                __aeabi_ldiv0
 *(.text*)
 .text.MX_GPIO_Init
                0x080005dc      0x168 build/main.o
 .text.Error_Handler
                0x08000744        0x4 build/main.o
                0x08000744                Error_Handler
 .text.MX_ETH_Init
                0x08000748       0x6c build/main.o
 .text.MX_USART3_UART_Init
                0x080007b4       0x60 build/main.o
 .text.MX_USB_OTG_FS_PCD_Init
                0x08000814       0x38 build/main.o
 .text.MX_DCMI_Init
                0x0800084c       0x3c build/main.o
 .text.SystemClock_Config
                0x08000888       0xc4 build/main.o
                0x08000888                SystemClock_Config
 .text.main     0x0800094c       0x58 build/main.o
                0x0800094c                main
 .text.NMI_Handler
                0x080009a4        0x2 build/stm32h7xx_it.o
                0x080009a4                NMI_Handler
 .text.HardFault_Handler
                0x080009a6        0x2 build/stm32h7xx_it.o
                0x080009a6                HardFault_Handler
 .text.MemManage_Handler
                0x080009a8        0x2 build/stm32h7xx_it.o
                0x080009a8                MemManage_Handler
 .text.BusFault_Handler
                0x080009aa        0x2 build/stm32h7xx_it.o
                0x080009aa                BusFault_Handler
 .text.UsageFault_Handler
                0x080009ac        0x2 build/stm32h7xx_it.o
                0x080009ac                UsageFault_Handler
 .text.SVC_Handler
                0x080009ae        0x2 build/stm32h7xx_it.o
                0x080009ae                SVC_Handler
 .text.DebugMon_Handler
                0x080009b0        0x2 build/stm32h7xx_it.o
                0x080009b0                DebugMon_Handler
 .text.PendSV_Handler
                0x080009b2        0x2 build/stm32h7xx_it.o
                0x080009b2                PendSV_Handler
 .text.SysTick_Handler
                0x080009b4        0x8 build/stm32h7xx_it.o
                0x080009b4                SysTick_Handler
 .text.HAL_MspInit
                0x080009bc       0x24 build/stm32h7xx_hal_msp.o
                0x080009bc                HAL_MspInit
 .text.HAL_DCMI_MspInit
                0x080009e0      0x104 build/stm32h7xx_hal_msp.o
                0x080009e0                HAL_DCMI_MspInit
 .text.HAL_ETH_MspInit
                0x08000ae4      0x138 build/stm32h7xx_hal_msp.o
                0x08000ae4                HAL_ETH_MspInit
 .text.HAL_UART_MspInit
                0x08000c1c       0x98 build/stm32h7xx_hal_msp.o
                0x08000c1c                HAL_UART_MspInit
 .text.HAL_PCD_MspInit
                0x08000cb4       0xbc build/stm32h7xx_hal_msp.o
                0x08000cb4                HAL_PCD_MspInit
 .text.HAL_NVIC_SetPriorityGrouping
                0x08000d70       0x24 build/stm32h7xx_hal_cortex.o
                0x08000d70                HAL_NVIC_SetPriorityGrouping
 .text.HAL_NVIC_SetPriority
                0x08000d94       0x6c build/stm32h7xx_hal_cortex.o
                0x08000d94                HAL_NVIC_SetPriority
 .text.HAL_SYSTICK_Config
                0x08000e00       0x28 build/stm32h7xx_hal_cortex.o
                0x08000e00                HAL_SYSTICK_Config
 .text.ETH_SetMACConfig
                0x08000e28      0x1b0 build/stm32h7xx_hal_eth.o
 .text.ETH_SetDMAConfig
                0x08000fd8       0xb0 build/stm32h7xx_hal_eth.o
 .text.ETH_MACDMAConfig
                0x08001088       0xdc build/stm32h7xx_hal_eth.o
 .text.ETH_DMATxDescListInit
                0x08001164       0x5a build/stm32h7xx_hal_eth.o
 .text.ETH_DMARxDescListInit
                0x080011be       0x6c build/stm32h7xx_hal_eth.o
 *fill*         0x0800122a        0x2 
 .text.HAL_ETH_SetMDIOClockRange
                0x0800122c       0x78 build/stm32h7xx_hal_eth.o
                0x0800122c                HAL_ETH_SetMDIOClockRange
 .text.HAL_ETH_Init
                0x080012a4      0x14c build/stm32h7xx_hal_eth.o
                0x080012a4                HAL_ETH_Init
 .text.HAL_RCC_OscConfig
                0x080013f0      0x6b4 build/stm32h7xx_hal_rcc.o
                0x080013f0                HAL_RCC_OscConfig
 .text.HAL_RCC_GetSysClockFreq
                0x08001aa4      0x1f4 build/stm32h7xx_hal_rcc.o
                0x08001aa4                HAL_RCC_GetSysClockFreq
 .text.HAL_RCC_ClockConfig
                0x08001c98      0x294 build/stm32h7xx_hal_rcc.o
                0x08001c98                HAL_RCC_ClockConfig
 .text.HAL_RCC_GetHCLKFreq
                0x08001f2c       0x44 build/stm32h7xx_hal_rcc.o
                0x08001f2c                HAL_RCC_GetHCLKFreq
 .text.HAL_RCC_GetPCLK1Freq
                0x08001f70       0x24 build/stm32h7xx_hal_rcc.o
                0x08001f70                HAL_RCC_GetPCLK1Freq
 .text.HAL_RCC_GetPCLK2Freq
                0x08001f94       0x24 build/stm32h7xx_hal_rcc.o
                0x08001f94                HAL_RCC_GetPCLK2Freq
 .text.RCCEx_PLL2_Config
                0x08001fb8      0x10c build/stm32h7xx_hal_rcc_ex.o
 .text.RCCEx_PLL3_Config
                0x080020c4      0x10c build/stm32h7xx_hal_rcc_ex.o
 .text.HAL_RCCEx_PeriphCLKConfig
                0x080021d0      0xa8c build/stm32h7xx_hal_rcc_ex.o
                0x080021d0                HAL_RCCEx_PeriphCLKConfig
 .text.HAL_RCCEx_GetD3PCLK1Freq
                0x08002c5c       0x24 build/stm32h7xx_hal_rcc_ex.o
                0x08002c5c                HAL_RCCEx_GetD3PCLK1Freq
 .text.HAL_RCCEx_GetPLL2ClockFreq
                0x08002c80      0x1f8 build/stm32h7xx_hal_rcc_ex.o
                0x08002c80                HAL_RCCEx_GetPLL2ClockFreq
 .text.HAL_RCCEx_GetPLL3ClockFreq
                0x08002e78      0x1f8 build/stm32h7xx_hal_rcc_ex.o
                0x08002e78                HAL_RCCEx_GetPLL3ClockFreq
 .text.HAL_GPIO_Init
                0x08003070      0x220 build/stm32h7xx_hal_gpio.o
                0x08003070                HAL_GPIO_Init
 .text.HAL_GPIO_ReadPin
                0x08003290        0xe build/stm32h7xx_hal_gpio.o
                0x08003290                HAL_GPIO_ReadPin
 .text.HAL_GPIO_WritePin
                0x0800329e        0xc build/stm32h7xx_hal_gpio.o
                0x0800329e                HAL_GPIO_WritePin
 .text.HAL_GPIO_TogglePin
                0x080032aa       0x12 build/stm32h7xx_hal_gpio.o
                0x080032aa                HAL_GPIO_TogglePin
 .text.HAL_PWREx_ConfigSupply
                0x080032bc       0x54 build/stm32h7xx_hal_pwr_ex.o
                0x080032bc                HAL_PWREx_ConfigSupply
 .text.HAL_PWREx_EnableUSBVoltageDetector
                0x08003310       0x10 build/stm32h7xx_hal_pwr_ex.o
                0x08003310                HAL_PWREx_EnableUSBVoltageDetector
 .text.HAL_InitTick
                0x08003320       0x50 build/stm32h7xx_hal.o
                0x08003320                HAL_InitTick
 .text.HAL_Init
                0x08003370       0x5c build/stm32h7xx_hal.o
                0x08003370                HAL_Init
 .text.HAL_IncTick
                0x080033cc       0x18 build/stm32h7xx_hal.o
                0x080033cc                HAL_IncTick
 .text.HAL_GetTick
                0x080033e4        0xc build/stm32h7xx_hal.o
                0x080033e4                HAL_GetTick
 .text.HAL_Delay
                0x080033f0       0x28 build/stm32h7xx_hal.o
                0x080033f0                HAL_Delay
 .text.HAL_GetREVID
                0x08003418        0xc build/stm32h7xx_hal.o
                0x08003418                HAL_GetREVID
 .text.HAL_SYSCFG_ETHInterfaceSelect
                0x08003424       0x14 build/stm32h7xx_hal.o
                0x08003424                HAL_SYSCFG_ETHInterfaceSelect
 .text.UART_EndRxTransfer
                0x08003438       0x58 build/stm32h7xx_hal_uart.o
 .text.UART_SetConfig
                0x08003490      0x5f4 build/stm32h7xx_hal_uart.o
                0x08003490                UART_SetConfig
 .text.UART_AdvFeatureConfig
                0x08003a84       0xca build/stm32h7xx_hal_uart.o
                0x08003a84                UART_AdvFeatureConfig
 .text.UART_WaitOnFlagUntilTimeout
                0x08003b4e       0x9a build/stm32h7xx_hal_uart.o
                0x08003b4e                UART_WaitOnFlagUntilTimeout
 .text.HAL_UART_Transmit
                0x08003be8       0xd0 build/stm32h7xx_hal_uart.o
                0x08003be8                HAL_UART_Transmit
 .text.UART_CheckIdleState
                0x08003cb8       0xca build/stm32h7xx_hal_uart.o
                0x08003cb8                UART_CheckIdleState
 .text.HAL_UART_Init
                0x08003d82       0x66 build/stm32h7xx_hal_uart.o
                0x08003d82                HAL_UART_Init
 .text.UARTEx_SetNbDataToProcess
                0x08003de8       0x4c build/stm32h7xx_hal_uart_ex.o
 .text.HAL_UARTEx_DisableFifoMode
                0x08003e34       0x3e build/stm32h7xx_hal_uart_ex.o
                0x08003e34                HAL_UARTEx_DisableFifoMode
 .text.HAL_UARTEx_SetTxFifoThreshold
                0x08003e72       0x4a build/stm32h7xx_hal_uart_ex.o
                0x08003e72                HAL_UARTEx_SetTxFifoThreshold
 .text.HAL_UARTEx_SetRxFifoThreshold
                0x08003ebc       0x4a build/stm32h7xx_hal_uart_ex.o
                0x08003ebc                HAL_UARTEx_SetRxFifoThreshold
 .text.HAL_PCD_Init
                0x08003f06      0x13c build/stm32h7xx_hal_pcd.o
                0x08003f06                HAL_PCD_Init
 *fill*         0x08004042        0x2 
 .text.HAL_PCDEx_ActivateLPM
                0x08004044       0x28 build/stm32h7xx_hal_pcd_ex.o
                0x08004044                HAL_PCDEx_ActivateLPM
 .text.USB_CoreReset
                0x0800406c       0x50 build/stm32h7xx_ll_usb.o
 .text.USB_CoreInit
                0x080040bc       0x9c build/stm32h7xx_ll_usb.o
                0x080040bc                USB_CoreInit
 .text.USB_DisableGlobalInt
                0x08004158        0xc build/stm32h7xx_ll_usb.o
                0x08004158                USB_DisableGlobalInt
 .text.USB_FlushTxFifo
                0x08004164       0x50 build/stm32h7xx_ll_usb.o
                0x08004164                USB_FlushTxFifo
 .text.USB_FlushRxFifo
                0x080041b4       0x4c build/stm32h7xx_ll_usb.o
                0x080041b4                USB_FlushRxFifo
 .text.USB_SetDevSpeed
                0x08004200        0xe build/stm32h7xx_ll_usb.o
                0x08004200                USB_SetDevSpeed
 *fill*         0x0800420e        0x2 
 .text.USB_DevInit
                0x08004210      0x188 build/stm32h7xx_ll_usb.o
                0x08004210                USB_DevInit
 .text.USB_DevDisconnect
                0x08004398       0x1c build/stm32h7xx_ll_usb.o
                0x08004398                USB_DevDisconnect
 .text.USB_GetMode
                0x080043b4        0x8 build/stm32h7xx_ll_usb.o
                0x080043b4                USB_GetMode
 .text.USB_SetCurrentMode
                0x080043bc       0x62 build/stm32h7xx_ll_usb.o
                0x080043bc                USB_SetCurrentMode
 *fill*         0x0800441e        0x2 
 .text.SystemInit
                0x08004420       0xcc build/system_stm32h7xx.o
                0x08004420                SystemInit
 .text.HAL_DCMI_Init
                0x080044ec       0xa0 build/stm32h7xx_hal_dcmi.o
                0x080044ec                HAL_DCMI_Init
 .text.Reset_Handler
                0x0800458c       0x50 build/startup_stm32h743xx.o
                0x0800458c                Reset_Handler
 .text.Default_Handler
                0x080045dc        0x2 build/startup_stm32h743xx.o
                0x080045dc                RTC_Alarm_IRQHandler
                0x080045dc                EXTI2_IRQHandler
                0x080045dc                TIM8_CC_IRQHandler
                0x080045dc                HRTIM1_Master_IRQHandler
                0x080045dc                UART8_IRQHandler
                0x080045dc                SPI4_IRQHandler
                0x080045dc                TIM1_CC_IRQHandler
                0x080045dc                BDMA_Channel6_IRQHandler
                0x080045dc                DMA2_Stream5_IRQHandler
                0x080045dc                HRTIM1_FLT_IRQHandler
                0x080045dc                JPEG_IRQHandler
                0x080045dc                DMA1_Stream5_IRQHandler
                0x080045dc                BDMA_Channel1_IRQHandler
                0x080045dc                HRTIM1_TIMD_IRQHandler
                0x080045dc                TAMP_STAMP_IRQHandler
                0x080045dc                EXTI3_IRQHandler
                0x080045dc                LPTIM4_IRQHandler
                0x080045dc                TIM8_TRG_COM_TIM14_IRQHandler
                0x080045dc                LPTIM2_IRQHandler
                0x080045dc                DFSDM1_FLT1_IRQHandler
                0x080045dc                DMAMUX2_OVR_IRQHandler
                0x080045dc                TIM8_UP_TIM13_IRQHandler
                0x080045dc                I2C3_ER_IRQHandler
                0x080045dc                DFSDM1_FLT2_IRQHandler
                0x080045dc                MDMA_IRQHandler
                0x080045dc                LPTIM3_IRQHandler
                0x080045dc                HSEM1_IRQHandler
                0x080045dc                EXTI0_IRQHandler
                0x080045dc                I2C2_EV_IRQHandler
                0x080045dc                DMA1_Stream2_IRQHandler
                0x080045dc                FPU_IRQHandler
                0x080045dc                OTG_HS_WKUP_IRQHandler
                0x080045dc                FDCAN1_IT1_IRQHandler
                0x080045dc                LTDC_ER_IRQHandler
                0x080045dc                DMA2_Stream2_IRQHandler
                0x080045dc                HRTIM1_TIME_IRQHandler
                0x080045dc                SPI1_IRQHandler
                0x080045dc                TIM6_DAC_IRQHandler
                0x080045dc                DCMI_IRQHandler
                0x080045dc                HRTIM1_TIMC_IRQHandler
                0x080045dc                DMA2_Stream3_IRQHandler
                0x080045dc                SAI2_IRQHandler
                0x080045dc                DFSDM1_FLT3_IRQHandler
                0x080045dc                USART6_IRQHandler
                0x080045dc                TIM17_IRQHandler
                0x080045dc                USART3_IRQHandler
                0x080045dc                BDMA_Channel7_IRQHandler
                0x080045dc                LPTIM5_IRQHandler
                0x080045dc                UART5_IRQHandler
                0x080045dc                ADC3_IRQHandler
                0x080045dc                DMA2_Stream0_IRQHandler
                0x080045dc                TIM4_IRQHandler
                0x080045dc                BDMA_Channel2_IRQHandler
                0x080045dc                QUADSPI_IRQHandler
                0x080045dc                I2C1_EV_IRQHandler
                0x080045dc                DMA1_Stream6_IRQHandler
                0x080045dc                DMAMUX1_OVR_IRQHandler
                0x080045dc                DMA1_Stream1_IRQHandler
                0x080045dc                TIM16_IRQHandler
                0x080045dc                UART4_IRQHandler
                0x080045dc                BDMA_Channel5_IRQHandler
                0x080045dc                TIM3_IRQHandler
                0x080045dc                RCC_IRQHandler
                0x080045dc                TIM8_BRK_TIM12_IRQHandler
                0x080045dc                TIM1_TRG_COM_IRQHandler
                0x080045dc                Default_Handler
                0x080045dc                ECC_IRQHandler
                0x080045dc                CEC_IRQHandler
                0x080045dc                EXTI15_10_IRQHandler
                0x080045dc                BDMA_Channel0_IRQHandler
                0x080045dc                ADC_IRQHandler
                0x080045dc                DMA1_Stream7_IRQHandler
                0x080045dc                HRTIM1_TIMA_IRQHandler
                0x080045dc                SPI5_IRQHandler
                0x080045dc                TIM7_IRQHandler
                0x080045dc                SDMMC1_IRQHandler
                0x080045dc                TIM5_IRQHandler
                0x080045dc                DMA2_Stream7_IRQHandler
                0x080045dc                TIM15_IRQHandler
                0x080045dc                PVD_AVD_IRQHandler
                0x080045dc                I2C3_EV_IRQHandler
                0x080045dc                EXTI9_5_IRQHandler
                0x080045dc                RTC_WKUP_IRQHandler
                0x080045dc                LTDC_IRQHandler
                0x080045dc                SAI3_IRQHandler
                0x080045dc                ETH_WKUP_IRQHandler
                0x080045dc                SPDIF_RX_IRQHandler
                0x080045dc                SPI2_IRQHandler
                0x080045dc                OTG_HS_EP1_IN_IRQHandler
                0x080045dc                DMA1_Stream0_IRQHandler
                0x080045dc                CRS_IRQHandler
                0x080045dc                EXTI4_IRQHandler
                0x080045dc                RNG_IRQHandler
                0x080045dc                HRTIM1_TIMB_IRQHandler
                0x080045dc                FDCAN2_IT1_IRQHandler
                0x080045dc                ETH_IRQHandler
                0x080045dc                TIM1_UP_IRQHandler
                0x080045dc                BDMA_Channel4_IRQHandler
                0x080045dc                OTG_HS_EP1_OUT_IRQHandler
                0x080045dc                WWDG_IRQHandler
                0x080045dc                SPI6_IRQHandler
                0x080045dc                MDIOS_IRQHandler
                0x080045dc                I2C4_EV_IRQHandler
                0x080045dc                FDCAN2_IT0_IRQHandler
                0x080045dc                LPUART1_IRQHandler
                0x080045dc                FDCAN1_IT0_IRQHandler
                0x080045dc                TIM2_IRQHandler
                0x080045dc                OTG_FS_WKUP_IRQHandler
                0x080045dc                OTG_HS_IRQHandler
                0x080045dc                DMA2D_IRQHandler
                0x080045dc                TIM1_BRK_IRQHandler
                0x080045dc                EXTI1_IRQHandler
                0x080045dc                SDMMC2_IRQHandler
                0x080045dc                OTG_FS_EP1_OUT_IRQHandler
                0x080045dc                BDMA_Channel3_IRQHandler
                0x080045dc                UART7_IRQHandler
                0x080045dc                MDIOS_WKUP_IRQHandler
                0x080045dc                USART2_IRQHandler
                0x080045dc                DFSDM1_FLT0_IRQHandler
                0x080045dc                SAI4_IRQHandler
                0x080045dc                I2C2_ER_IRQHandler
                0x080045dc                DMA2_Stream1_IRQHandler
                0x080045dc                FLASH_IRQHandler
                0x080045dc                DMA2_Stream4_IRQHandler
                0x080045dc                USART1_IRQHandler
                0x080045dc                OTG_FS_IRQHandler
                0x080045dc                SPI3_IRQHandler
                0x080045dc                WAKEUP_PIN_IRQHandler
                0x080045dc                DMA1_Stream4_IRQHandler
                0x080045dc                OTG_FS_EP1_IN_IRQHandler
                0x080045dc                I2C1_ER_IRQHandler
                0x080045dc                FMC_IRQHandler
                0x080045dc                FDCAN_CAL_IRQHandler
                0x080045dc                SWPMI1_IRQHandler
                0x080045dc                COMP1_IRQHandler
                0x080045dc                LPTIM1_IRQHandler
                0x080045dc                I2C4_ER_IRQHandler
                0x080045dc                DMA2_Stream6_IRQHandler
                0x080045dc                SAI1_IRQHandler
                0x080045dc                DMA1_Stream3_IRQHandler
 *fill*         0x080045de        0x2 
 .text.__libc_init_array
                0x080045e0       0x48 d:/l/program/gcc-arm-none-eabi-10.3/bin/../lib/gcc/arm-none-eabi/10.3.1/../../../../arm-none-eabi/lib/thumb/v7e-m+dp/hard\libc_nano.a(lib_a-init.o)
                0x080045e0                __libc_init_array
 .text.memset   0x08004628       0x10 d:/l/program/gcc-arm-none-eabi-10.3/bin/../lib/gcc/arm-none-eabi/10.3.1/../../../../arm-none-eabi/lib/thumb/v7e-m+dp/hard\libc_nano.a(lib_a-memset.o)
                0x08004628                memset
 *(.glue_7)
 .glue_7        0x08004638        0x0 linker stubs
 *(.glue_7t)
 .glue_7t       0x08004638        0x0 linker stubs
 *(.eh_frame)
 .eh_frame      0x08004638        0x0 d:/l/program/gcc-arm-none-eabi-10.3/bin/../lib/gcc/arm-none-eabi/10.3.1/thumb/v7e-m+dp/hard/crtbegin.o
 *(.init)
 .init          0x08004638        0x4 d:/l/program/gcc-arm-none-eabi-10.3/bin/../lib/gcc/arm-none-eabi/10.3.1/thumb/v7e-m+dp/hard/crti.o
                0x08004638                _init
 .init          0x0800463c        0x8 d:/l/program/gcc-arm-none-eabi-10.3/bin/../lib/gcc/arm-none-eabi/10.3.1/thumb/v7e-m+dp/hard/crtn.o
 *(.fini)
 .fini          0x08004644        0x4 d:/l/program/gcc-arm-none-eabi-10.3/bin/../lib/gcc/arm-none-eabi/10.3.1/thumb/v7e-m+dp/hard/crti.o
                0x08004644                _fini
 .fini          0x08004648        0x8 d:/l/program/gcc-arm-none-eabi-10.3/bin/../lib/gcc/arm-none-eabi/10.3.1/thumb/v7e-m+dp/hard/crtn.o
                0x08004650                . = ALIGN (0x4)
                0x08004650                _etext = .

.vfp11_veneer   0x08004650        0x0
 .vfp11_veneer  0x08004650        0x0 linker stubs

.v4_bx          0x08004650        0x0
 .v4_bx         0x08004650        0x0 linker stubs

.iplt           0x08004650        0x0
 .iplt          0x08004650        0x0 d:/l/program/gcc-arm-none-eabi-10.3/bin/../lib/gcc/arm-none-eabi/10.3.1/thumb/v7e-m+dp/hard/crtbegin.o

.rodata         0x08004650       0x4c
                0x08004650                . = ALIGN (0x4)
 *(.rodata)
 *(.rodata*)
 .rodata.main.str1.4
                0x08004650       0x13 build/main.o
 *fill*         0x08004663        0x1 
 .rodata.UARTPrescTable
                0x08004664       0x18 build/stm32h7xx_hal_uart.o
                0x08004664                UARTPrescTable
 .rodata.denominator.0
                0x0800467c        0x8 build/stm32h7xx_hal_uart_ex.o
 .rodata.numerator.1
                0x08004684        0x8 build/stm32h7xx_hal_uart_ex.o
 .rodata.D1CorePrescTable
                0x0800468c       0x10 build/system_stm32h7xx.o
                0x0800468c                D1CorePrescTable
                0x0800469c                . = ALIGN (0x4)

.ARM.extab
 *(.ARM.extab* .gnu.linkonce.armextab.*)

.ARM            0x0800469c        0x8
                0x0800469c                __exidx_start = .
 *(.ARM.exidx*)
 .ARM.exidx     0x0800469c        0x8 d:/l/program/gcc-arm-none-eabi-10.3/bin/../lib/gcc/arm-none-eabi/10.3.1/thumb/v7e-m+dp/hard\libgcc.a(_udivmoddi4.o)
                0x080046a4                __exidx_end = .

.rel.dyn        0x080046a4        0x0
 .rel.iplt      0x080046a4        0x0 d:/l/program/gcc-arm-none-eabi-10.3/bin/../lib/gcc/arm-none-eabi/10.3.1/thumb/v7e-m+dp/hard/crtbegin.o

.preinit_array  0x080046a4        0x0
                0x080046a4                PROVIDE (__preinit_array_start = .)
 *(.preinit_array*)
                0x080046a4                PROVIDE (__preinit_array_end = .)

.init_array     0x080046a4        0x4
                0x080046a4                PROVIDE (__init_array_start = .)
 *(SORT_BY_NAME(.init_array.*))
 *(.init_array*)
 .init_array    0x080046a4        0x4 d:/l/program/gcc-arm-none-eabi-10.3/bin/../lib/gcc/arm-none-eabi/10.3.1/thumb/v7e-m+dp/hard/crtbegin.o
                0x080046a8                PROVIDE (__init_array_end = .)

.fini_array     0x080046a8        0x4
                [!provide]                PROVIDE (__fini_array_start = .)
 *(SORT_BY_NAME(.fini_array.*))
 *(.fini_array*)
 .fini_array    0x080046a8        0x4 d:/l/program/gcc-arm-none-eabi-10.3/bin/../lib/gcc/arm-none-eabi/10.3.1/thumb/v7e-m+dp/hard/crtbegin.o
                [!provide]                PROVIDE (__fini_array_end = .)
                0x080046ac                _sidata = LOADADDR (.data)

.data           0x20000000       0x10 load address 0x080046ac
                0x20000000                . = ALIGN (0x4)
                0x20000000                _sdata = .
 *(.data)
 *(.data*)
 .data.uwTickFreq
                0x20000000        0x1 build/stm32h7xx_hal.o
                0x20000000                uwTickFreq
 *fill*         0x20000001        0x3 
 .data.uwTickPrio
                0x20000004        0x4 build/stm32h7xx_hal.o
                0x20000004                uwTickPrio
 .data.SystemCoreClock
                0x20000008        0x4 build/system_stm32h7xx.o
                0x20000008                SystemCoreClock
 .data.SystemD2Clock
                0x2000000c        0x4 build/system_stm32h7xx.o
                0x2000000c                SystemD2Clock
                0x20000010                . = ALIGN (0x4)
                0x20000010                _edata = .

.igot.plt       0x20000010        0x0 load address 0x080046bc
 .igot.plt      0x20000010        0x0 d:/l/program/gcc-arm-none-eabi-10.3/bin/../lib/gcc/arm-none-eabi/10.3.1/thumb/v7e-m+dp/hard/crtbegin.o

.RxDecripSection
                0x20000010       0x60 load address 0x080046bc
 .RxDecripSection
                0x20000010       0x60 build/main.o
                0x20000010                DMARxDscrTab

.TxDecripSection
                0x20000070       0x60 load address 0x0800471c
 .TxDecripSection
                0x20000070       0x60 build/main.o
                0x20000070                DMATxDscrTab
                0x200000d0                . = ALIGN (0x4)

.bss            0x200000d0      0x700 load address 0x0800477c
                0x200000d0                _sbss = .
                0x200000d0                __bss_start__ = _sbss
 *(.bss)
 .bss           0x200000d0       0x1c d:/l/program/gcc-arm-none-eabi-10.3/bin/../lib/gcc/arm-none-eabi/10.3.1/thumb/v7e-m+dp/hard/crtbegin.o
 *(.bss*)
 .bss.MACAddr.0
                0x200000ec        0x6 build/main.o
 *fill*         0x200000f2        0x2 
 .bss.TxConfig  0x200000f4       0x38 build/main.o
                0x200000f4                TxConfig
 .bss.hdcmi     0x2000012c       0x50 build/main.o
                0x2000012c                hdcmi
 .bss.heth      0x2000017c       0xb0 build/main.o
                0x2000017c                heth
 .bss.hpcd_USB_OTG_FS
                0x2000022c      0x50c build/main.o
                0x2000022c                hpcd_USB_OTG_FS
 .bss.huart3    0x20000738       0x94 build/main.o
                0x20000738                huart3
 .bss.uwTick    0x200007cc        0x4 build/stm32h7xx_hal.o
                0x200007cc                uwTick
 *(COMMON)
                0x200007d0                . = ALIGN (0x4)
                0x200007d0                _ebss = .
                0x200007d0                __bss_end__ = _ebss

._user_heap_stack
                0x200007d0      0x600 load address 0x0800477c
                0x200007d0                . = ALIGN (0x8)
                [!provide]                PROVIDE (end = .)
                [!provide]                PROVIDE (_end = .)
                0x200009d0                . = (. + _Min_Heap_Size)
 *fill*         0x200007d0      0x200 
                0x20000dd0                . = (. + _Min_Stack_Size)
 *fill*         0x200009d0      0x400 
                0x20000dd0                . = ALIGN (0x8)

/DISCARD/
 libc.a(*)
 libm.a(*)
 libgcc.a(*)

.ARM.attributes
                0x00000000       0x2e
 *(.ARM.attributes)
 .ARM.attributes
                0x00000000       0x1e d:/l/program/gcc-arm-none-eabi-10.3/bin/../lib/gcc/arm-none-eabi/10.3.1/thumb/v7e-m+dp/hard/crti.o
 .ARM.attributes
                0x0000001e       0x32 d:/l/program/gcc-arm-none-eabi-10.3/bin/../lib/gcc/arm-none-eabi/10.3.1/thumb/v7e-m+dp/hard/crtbegin.o
 .ARM.attributes
                0x00000050       0x32 build/main.o
 .ARM.attributes
                0x00000082       0x32 build/stm32h7xx_it.o
 .ARM.attributes
                0x000000b4       0x32 build/stm32h7xx_hal_msp.o
 .ARM.attributes
                0x000000e6       0x32 build/stm32h7xx_hal_cortex.o
 .ARM.attributes
                0x00000118       0x32 build/stm32h7xx_hal_eth.o
 .ARM.attributes
                0x0000014a       0x32 build/stm32h7xx_hal_rcc.o
 .ARM.attributes
                0x0000017c       0x32 build/stm32h7xx_hal_rcc_ex.o
 .ARM.attributes
                0x000001ae       0x32 build/stm32h7xx_hal_gpio.o
 .ARM.attributes
                0x000001e0       0x32 build/stm32h7xx_hal_pwr_ex.o
 .ARM.attributes
                0x00000212       0x32 build/stm32h7xx_hal.o
 .ARM.attributes
                0x00000244       0x32 build/stm32h7xx_hal_uart.o
 .ARM.attributes
                0x00000276       0x32 build/stm32h7xx_hal_uart_ex.o
 .ARM.attributes
                0x000002a8       0x32 build/stm32h7xx_hal_pcd.o
 .ARM.attributes
                0x000002da       0x32 build/stm32h7xx_hal_pcd_ex.o
 .ARM.attributes
                0x0000030c       0x32 build/stm32h7xx_ll_usb.o
 .ARM.attributes
                0x0000033e       0x32 build/system_stm32h7xx.o
 .ARM.attributes
                0x00000370       0x32 build/stm32h7xx_hal_dcmi.o
 .ARM.attributes
                0x000003a2       0x21 build/startup_stm32h743xx.o
 .ARM.attributes
                0x000003c3       0x32 d:/l/program/gcc-arm-none-eabi-10.3/bin/../lib/gcc/arm-none-eabi/10.3.1/../../../../arm-none-eabi/lib/thumb/v7e-m+dp/hard\libc_nano.a(lib_a-init.o)
 .ARM.attributes
                0x000003f5       0x32 d:/l/program/gcc-arm-none-eabi-10.3/bin/../lib/gcc/arm-none-eabi/10.3.1/../../../../arm-none-eabi/lib/thumb/v7e-m+dp/hard\libc_nano.a(lib_a-memset.o)
 .ARM.attributes
                0x00000427       0x1e d:/l/program/gcc-arm-none-eabi-10.3/bin/../lib/gcc/arm-none-eabi/10.3.1/thumb/v7e-m+dp/hard\libgcc.a(_aeabi_uldivmod.o)
 .ARM.attributes
                0x00000445       0x32 d:/l/program/gcc-arm-none-eabi-10.3/bin/../lib/gcc/arm-none-eabi/10.3.1/thumb/v7e-m+dp/hard\libgcc.a(_udivmoddi4.o)
 .ARM.attributes
                0x00000477       0x1e d:/l/program/gcc-arm-none-eabi-10.3/bin/../lib/gcc/arm-none-eabi/10.3.1/thumb/v7e-m+dp/hard\libgcc.a(_dvmd_tls.o)
 .ARM.attributes
                0x00000495       0x1e d:/l/program/gcc-arm-none-eabi-10.3/bin/../lib/gcc/arm-none-eabi/10.3.1/thumb/v7e-m+dp/hard/crtn.o
OUTPUT(build/ImageProcessing.elf elf32-littlearm)
LOAD linker stubs
LOAD d:/l/program/gcc-arm-none-eabi-10.3/bin/../lib/gcc/arm-none-eabi/10.3.1/../../../../arm-none-eabi/lib/thumb/v7e-m+dp/hard\libc.a
LOAD d:/l/program/gcc-arm-none-eabi-10.3/bin/../lib/gcc/arm-none-eabi/10.3.1/../../../../arm-none-eabi/lib/thumb/v7e-m+dp/hard\libm.a
LOAD d:/l/program/gcc-arm-none-eabi-10.3/bin/../lib/gcc/arm-none-eabi/10.3.1/thumb/v7e-m+dp/hard\libgcc.a

.debug_info     0x00000000    0x2028d
 .debug_info    0x00000000     0x345a build/main.o
 .debug_info    0x0000345a      0x170 build/stm32h7xx_it.o
 .debug_info    0x000035ca     0x314a build/stm32h7xx_hal_msp.o
 .debug_info    0x00006714     0x1507 build/stm32h7xx_hal_cortex.o
 .debug_info    0x00007c1b     0x342b build/stm32h7xx_hal_eth.o
 .debug_info    0x0000b046     0x13e0 build/stm32h7xx_hal_rcc.o
 .debug_info    0x0000c426     0x1cf5 build/stm32h7xx_hal_rcc_ex.o
 .debug_info    0x0000e11b      0xee1 build/stm32h7xx_hal_gpio.o
 .debug_info    0x0000effc     0x13f3 build/stm32h7xx_hal_pwr_ex.o
 .debug_info    0x000103ef     0x18de build/stm32h7xx_hal.o
 .debug_info    0x00011ccd     0x6a19 build/stm32h7xx_hal_uart.o
 .debug_info    0x000186e6     0x137b build/stm32h7xx_hal_uart_ex.o
 .debug_info    0x00019a61     0x1d57 build/stm32h7xx_hal_pcd.o
 .debug_info    0x0001b7b8      0xb31 build/stm32h7xx_hal_pcd_ex.o
 .debug_info    0x0001c2e9     0x222b build/stm32h7xx_ll_usb.o
 .debug_info    0x0001e514      0xeb5 build/system_stm32h7xx.o
 .debug_info    0x0001f3c9      0xea2 build/stm32h7xx_hal_dcmi.o
 .debug_info    0x0002026b       0x22 build/startup_stm32h743xx.o

.debug_abbrev   0x00000000     0x2aa3
 .debug_abbrev  0x00000000      0x2a4 build/main.o
 .debug_abbrev  0x000002a4       0x81 build/stm32h7xx_it.o
 .debug_abbrev  0x00000325      0x249 build/stm32h7xx_hal_msp.o
 .debug_abbrev  0x0000056e      0x395 build/stm32h7xx_hal_cortex.o
 .debug_abbrev  0x00000903      0x2cb build/stm32h7xx_hal_eth.o
 .debug_abbrev  0x00000bce      0x27d build/stm32h7xx_hal_rcc.o
 .debug_abbrev  0x00000e4b      0x286 build/stm32h7xx_hal_rcc_ex.o
 .debug_abbrev  0x000010d1      0x253 build/stm32h7xx_hal_gpio.o
 .debug_abbrev  0x00001324      0x2b6 build/stm32h7xx_hal_pwr_ex.o
 .debug_abbrev  0x000015da      0x261 build/stm32h7xx_hal.o
 .debug_abbrev  0x0000183b      0x363 build/stm32h7xx_hal_uart.o
 .debug_abbrev  0x00001b9e      0x308 build/stm32h7xx_hal_uart_ex.o
 .debug_abbrev  0x00001ea6      0x2d1 build/stm32h7xx_hal_pcd.o
 .debug_abbrev  0x00002177      0x26c build/stm32h7xx_hal_pcd_ex.o
 .debug_abbrev  0x000023e3      0x2f9 build/stm32h7xx_ll_usb.o
 .debug_abbrev  0x000026dc      0x12a build/system_stm32h7xx.o
 .debug_abbrev  0x00002806      0x28b build/stm32h7xx_hal_dcmi.o
 .debug_abbrev  0x00002a91       0x12 build/startup_stm32h743xx.o

.debug_loc      0x00000000    0x11ffe
 .debug_loc     0x00000000      0x11f build/main.o
 .debug_loc     0x0000011f       0x20 build/stm32h7xx_it.o
 .debug_loc     0x0000013f      0x3cc build/stm32h7xx_hal_msp.o
 .debug_loc     0x0000050b      0x786 build/stm32h7xx_hal_cortex.o
 .debug_loc     0x00000c91     0x1c28 build/stm32h7xx_hal_eth.o
 .debug_loc     0x000028b9      0xac2 build/stm32h7xx_hal_rcc.o
 .debug_loc     0x0000337b     0x1f9b build/stm32h7xx_hal_rcc_ex.o
 .debug_loc     0x00005316      0x482 build/stm32h7xx_hal_gpio.o
 .debug_loc     0x00005798      0x65b build/stm32h7xx_hal_pwr_ex.o
 .debug_loc     0x00005df3      0x526 build/stm32h7xx_hal.o
 .debug_loc     0x00006319     0x6376 build/stm32h7xx_hal_uart.o
 .debug_loc     0x0000c68f      0xd7d build/stm32h7xx_hal_uart_ex.o
 .debug_loc     0x0000d40c     0x165d build/stm32h7xx_hal_pcd.o
 .debug_loc     0x0000ea69      0x28e build/stm32h7xx_hal_pcd_ex.o
 .debug_loc     0x0000ecf7     0x2955 build/stm32h7xx_ll_usb.o
 .debug_loc     0x0001164c      0x1d8 build/system_stm32h7xx.o
 .debug_loc     0x00011824      0x7da build/stm32h7xx_hal_dcmi.o

.debug_aranges  0x00000000      0xfa8
 .debug_aranges
                0x00000000       0x58 build/main.o
 .debug_aranges
                0x00000058       0x60 build/stm32h7xx_it.o
 .debug_aranges
                0x000000b8       0x60 build/stm32h7xx_hal_msp.o
 .debug_aranges
                0x00000118       0xb0 build/stm32h7xx_hal_cortex.o
 .debug_aranges
                0x000001c8      0x1d8 build/stm32h7xx_hal_eth.o
 .debug_aranges
                0x000003a0       0x88 build/stm32h7xx_hal_rcc.o
 .debug_aranges
                0x00000428       0xf8 build/stm32h7xx_hal_rcc_ex.o
 .debug_aranges
                0x00000520       0x58 build/stm32h7xx_hal_gpio.o
 .debug_aranges
                0x00000578      0x158 build/stm32h7xx_hal_pwr_ex.o
 .debug_aranges
                0x000006d0      0x198 build/stm32h7xx_hal.o
 .debug_aranges
                0x00000868      0x248 build/stm32h7xx_hal_uart.o
 .debug_aranges
                0x00000ab0       0xa8 build/stm32h7xx_hal_uart_ex.o
 .debug_aranges
                0x00000b58      0x140 build/stm32h7xx_hal_pcd.o
 .debug_aranges
                0x00000c98       0x60 build/stm32h7xx_hal_pcd_ex.o
 .debug_aranges
                0x00000cf8      0x1a0 build/stm32h7xx_ll_usb.o
 .debug_aranges
                0x00000e98       0x28 build/system_stm32h7xx.o
 .debug_aranges
                0x00000ec0       0xc0 build/stm32h7xx_hal_dcmi.o
 .debug_aranges
                0x00000f80       0x28 build/startup_stm32h743xx.o

.debug_ranges   0x00000000      0xfc0
 .debug_ranges  0x00000000       0x48 build/main.o
 .debug_ranges  0x00000048       0x50 build/stm32h7xx_it.o
 .debug_ranges  0x00000098       0x50 build/stm32h7xx_hal_msp.o
 .debug_ranges  0x000000e8      0x100 build/stm32h7xx_hal_cortex.o
 .debug_ranges  0x000001e8      0x1c8 build/stm32h7xx_hal_eth.o
 .debug_ranges  0x000003b0       0xe8 build/stm32h7xx_hal_rcc.o
 .debug_ranges  0x00000498       0xe8 build/stm32h7xx_hal_rcc_ex.o
 .debug_ranges  0x00000580       0x48 build/stm32h7xx_hal_gpio.o
 .debug_ranges  0x000005c8      0x1a8 build/stm32h7xx_hal_pwr_ex.o
 .debug_ranges  0x00000770      0x188 build/stm32h7xx_hal.o
 .debug_ranges  0x000008f8      0x238 build/stm32h7xx_hal_uart.o
 .debug_ranges  0x00000b30       0x98 build/stm32h7xx_hal_uart_ex.o
 .debug_ranges  0x00000bc8      0x130 build/stm32h7xx_hal_pcd.o
 .debug_ranges  0x00000cf8       0x50 build/stm32h7xx_hal_pcd_ex.o
 .debug_ranges  0x00000d48      0x190 build/stm32h7xx_ll_usb.o
 .debug_ranges  0x00000ed8       0x18 build/system_stm32h7xx.o
 .debug_ranges  0x00000ef0       0xb0 build/stm32h7xx_hal_dcmi.o
 .debug_ranges  0x00000fa0       0x20 build/startup_stm32h743xx.o

.debug_line     0x00000000    0x1399b
 .debug_line    0x00000000      0x73b build/main.o
 .debug_line    0x0000073b      0x172 build/stm32h7xx_it.o
 .debug_line    0x000008ad      0x652 build/stm32h7xx_hal_msp.o
 .debug_line    0x00000eff      0x769 build/stm32h7xx_hal_cortex.o
 .debug_line    0x00001668     0x1d86 build/stm32h7xx_hal_eth.o
 .debug_line    0x000033ee     0x1282 build/stm32h7xx_hal_rcc.o
 .debug_line    0x00004670     0x1f74 build/stm32h7xx_hal_rcc_ex.o
 .debug_line    0x000065e4      0x695 build/stm32h7xx_hal_gpio.o
 .debug_line    0x00006c79      0xa5e build/stm32h7xx_hal_pwr_ex.o
 .debug_line    0x000076d7      0x89e build/stm32h7xx_hal.o
 .debug_line    0x00007f75     0x6695 build/stm32h7xx_hal_uart.o
 .debug_line    0x0000e60a      0xc4e build/stm32h7xx_hal_uart_ex.o
 .debug_line    0x0000f258     0x152a build/stm32h7xx_hal_pcd.o
 .debug_line    0x00010782      0x471 build/stm32h7xx_hal_pcd_ex.o
 .debug_line    0x00010bf3     0x1d2b build/stm32h7xx_ll_usb.o
 .debug_line    0x0001291e      0x407 build/system_stm32h7xx.o
 .debug_line    0x00012d25      0xc00 build/stm32h7xx_hal_dcmi.o
 .debug_line    0x00013925       0x76 build/startup_stm32h743xx.o

.debug_str      0x00000000     0x6c8a
 .debug_str     0x00000000     0x1c43 build/main.o
                               0x1db9 (size before relaxing)
 .debug_str     0x00001c43       0xaf build/stm32h7xx_it.o
                                0x220 (size before relaxing)
 .debug_str     0x00001cf2      0x44e build/stm32h7xx_hal_msp.o
                               0x1d14 (size before relaxing)
 .debug_str     0x00002140      0xdaa build/stm32h7xx_hal_cortex.o
                               0x102e (size before relaxing)
 .debug_str     0x00002eea      0xc00 build/stm32h7xx_hal_eth.o
                               0x1af8 (size before relaxing)
 .debug_str     0x00003aea      0x358 build/stm32h7xx_hal_rcc.o
                                0xa00 (size before relaxing)
 .debug_str     0x00003e42      0x64d build/stm32h7xx_hal_rcc_ex.o
                                0xf0b (size before relaxing)
 .debug_str     0x0000448f       0xc1 build/stm32h7xx_hal_gpio.o
                                0x6ba (size before relaxing)
 .debug_str     0x00004550      0x52e build/stm32h7xx_hal_pwr_ex.o
                                0xa2f (size before relaxing)
 .debug_str     0x00004a7e      0x5fd build/stm32h7xx_hal.o
                               0x1496 (size before relaxing)
 .debug_str     0x0000507b      0x927 build/stm32h7xx_hal_uart.o
                               0x1499 (size before relaxing)
 .debug_str     0x000059a2      0x23a build/stm32h7xx_hal_uart_ex.o
                                0xb82 (size before relaxing)
 .debug_str     0x00005bdc      0x7b9 build/stm32h7xx_hal_pcd.o
                                0xdfb (size before relaxing)
 .debug_str     0x00006395      0x1ac build/stm32h7xx_hal_pcd_ex.o
                                0x81e (size before relaxing)
 .debug_str     0x00006541      0x482 build/stm32h7xx_ll_usb.o
                                0xd29 (size before relaxing)
 .debug_str     0x000069c3       0x38 build/system_stm32h7xx.o
                                0x710 (size before relaxing)
 .debug_str     0x000069fb      0x26b build/stm32h7xx_hal_dcmi.o
                                0xa1e (size before relaxing)
 .debug_str     0x00006c66       0x24 build/startup_stm32h743xx.o
                                 0x4e (size before relaxing)

.comment        0x00000000       0x49
 .comment       0x00000000       0x49 build/main.o
                                 0x4a (size before relaxing)
 .comment       0x00000049       0x4a build/stm32h7xx_it.o
 .comment       0x00000049       0x4a build/stm32h7xx_hal_msp.o
 .comment       0x00000049       0x4a build/stm32h7xx_hal_cortex.o
 .comment       0x00000049       0x4a build/stm32h7xx_hal_eth.o
 .comment       0x00000049       0x4a build/stm32h7xx_hal_rcc.o
 .comment       0x00000049       0x4a build/stm32h7xx_hal_rcc_ex.o
 .comment       0x00000049       0x4a build/stm32h7xx_hal_gpio.o
 .comment       0x00000049       0x4a build/stm32h7xx_hal_pwr_ex.o
 .comment       0x00000049       0x4a build/stm32h7xx_hal.o
 .comment       0x00000049       0x4a build/stm32h7xx_hal_uart.o
 .comment       0x00000049       0x4a build/stm32h7xx_hal_uart_ex.o
 .comment       0x00000049       0x4a build/stm32h7xx_hal_pcd.o
 .comment       0x00000049       0x4a build/stm32h7xx_hal_pcd_ex.o
 .comment       0x00000049       0x4a build/stm32h7xx_ll_usb.o
 .comment       0x00000049       0x4a build/system_stm32h7xx.o
 .comment       0x00000049       0x4a build/stm32h7xx_hal_dcmi.o

.debug_frame    0x00000000     0x27bc
 .debug_frame   0x00000000       0xe0 build/main.o
 .debug_frame   0x000000e0       0xa8 build/stm32h7xx_it.o
 .debug_frame   0x00000188      0x11c build/stm32h7xx_hal_msp.o
 .debug_frame   0x000002a4      0x158 build/stm32h7xx_hal_cortex.o
 .debug_frame   0x000003fc      0x4e4 build/stm32h7xx_hal_eth.o
 .debug_frame   0x000008e0      0x18c build/stm32h7xx_hal_rcc.o
 .debug_frame   0x00000a6c      0x26c build/stm32h7xx_hal_rcc_ex.o
 .debug_frame   0x00000cd8       0xd4 build/stm32h7xx_hal_gpio.o
 .debug_frame   0x00000dac      0x2f4 build/stm32h7xx_hal_pwr_ex.o
 .debug_frame   0x000010a0      0x360 build/stm32h7xx_hal.o
 .debug_frame   0x00001400      0x680 build/stm32h7xx_hal_uart.o
 .debug_frame   0x00001a80      0x1c8 build/stm32h7xx_hal_uart_ex.o
 .debug_frame   0x00001c48      0x378 build/stm32h7xx_hal_pcd.o
 .debug_frame   0x00001fc0       0xb8 build/stm32h7xx_hal_pcd_ex.o
 .debug_frame   0x00002078      0x49c build/stm32h7xx_ll_usb.o
 .debug_frame   0x00002514       0x3c build/system_stm32h7xx.o
 .debug_frame   0x00002550      0x1c0 build/stm32h7xx_hal_dcmi.o
 .debug_frame   0x00002710       0x2c d:/l/program/gcc-arm-none-eabi-10.3/bin/../lib/gcc/arm-none-eabi/10.3.1/../../../../arm-none-eabi/lib/thumb/v7e-m+dp/hard\libc_nano.a(lib_a-init.o)
 .debug_frame   0x0000273c       0x20 d:/l/program/gcc-arm-none-eabi-10.3/bin/../lib/gcc/arm-none-eabi/10.3.1/../../../../arm-none-eabi/lib/thumb/v7e-m+dp/hard\libc_nano.a(lib_a-memset.o)
 .debug_frame   0x0000275c       0x2c d:/l/program/gcc-arm-none-eabi-10.3/bin/../lib/gcc/arm-none-eabi/10.3.1/thumb/v7e-m+dp/hard\libgcc.a(_aeabi_uldivmod.o)
 .debug_frame   0x00002788       0x34 d:/l/program/gcc-arm-none-eabi-10.3/bin/../lib/gcc/arm-none-eabi/10.3.1/thumb/v7e-m+dp/hard\libgcc.a(_udivmoddi4.o)

Cross Reference Table

Symbol                                            File
ADC3_IRQHandler                                   build/startup_stm32h743xx.o
ADC_IRQHandler                                    build/startup_stm32h743xx.o
BDMA_Channel0_IRQHandler                          build/startup_stm32h743xx.o
BDMA_Channel1_IRQHandler                          build/startup_stm32h743xx.o
BDMA_Channel2_IRQHandler                          build/startup_stm32h743xx.o
BDMA_Channel3_IRQHandler                          build/startup_stm32h743xx.o
BDMA_Channel4_IRQHandler                          build/startup_stm32h743xx.o
BDMA_Channel5_IRQHandler                          build/startup_stm32h743xx.o
BDMA_Channel6_IRQHandler                          build/startup_stm32h743xx.o
BDMA_Channel7_IRQHandler                          build/startup_stm32h743xx.o
BusFault_Handler                                  build/stm32h7xx_it.o
CEC_IRQHandler                                    build/startup_stm32h743xx.o
COMP1_IRQHandler                                  build/startup_stm32h743xx.o
CRS_IRQHandler                                    build/startup_stm32h743xx.o
D1CorePrescTable                                  build/system_stm32h7xx.o
                                                  build/stm32h7xx_hal.o
                                                  build/stm32h7xx_hal_rcc_ex.o
                                                  build/stm32h7xx_hal_rcc.o
DCMI_IRQHandler                                   build/startup_stm32h743xx.o
DFSDM1_FLT0_IRQHandler                            build/startup_stm32h743xx.o
DFSDM1_FLT1_IRQHandler                            build/startup_stm32h743xx.o
DFSDM1_FLT2_IRQHandler                            build/startup_stm32h743xx.o
DFSDM1_FLT3_IRQHandler                            build/startup_stm32h743xx.o
DMA1_Stream0_IRQHandler                           build/startup_stm32h743xx.o
DMA1_Stream1_IRQHandler                           build/startup_stm32h743xx.o
DMA1_Stream2_IRQHandler                           build/startup_stm32h743xx.o
DMA1_Stream3_IRQHandler                           build/startup_stm32h743xx.o
DMA1_Stream4_IRQHandler                           build/startup_stm32h743xx.o
DMA1_Stream5_IRQHandler                           build/startup_stm32h743xx.o
DMA1_Stream6_IRQHandler                           build/startup_stm32h743xx.o
DMA1_Stream7_IRQHandler                           build/startup_stm32h743xx.o
DMA2D_IRQHandler                                  build/startup_stm32h743xx.o
DMA2_Stream0_IRQHandler                           build/startup_stm32h743xx.o
DMA2_Stream1_IRQHandler                           build/startup_stm32h743xx.o
DMA2_Stream2_IRQHandler                           build/startup_stm32h743xx.o
DMA2_Stream3_IRQHandler                           build/startup_stm32h743xx.o
DMA2_Stream4_IRQHandler                           build/startup_stm32h743xx.o
DMA2_Stream5_IRQHandler                           build/startup_stm32h743xx.o
DMA2_Stream6_IRQHandler                           build/startup_stm32h743xx.o
DMA2_Stream7_IRQHandler                           build/startup_stm32h743xx.o
DMAMUX1_OVR_IRQHandler                            build/startup_stm32h743xx.o
DMAMUX2_OVR_IRQHandler                            build/startup_stm32h743xx.o
DMARxDscrTab                                      build/main.o
DMATxDscrTab                                      build/main.o
DebugMon_Handler                                  build/stm32h7xx_it.o
Default_Handler                                   build/startup_stm32h743xx.o
ECC_IRQHandler                                    build/startup_stm32h743xx.o
ETH_IRQHandler                                    build/startup_stm32h743xx.o
ETH_WKUP_IRQHandler                               build/startup_stm32h743xx.o
EXTI0_IRQHandler                                  build/startup_stm32h743xx.o
EXTI15_10_IRQHandler                              build/startup_stm32h743xx.o
EXTI1_IRQHandler                                  build/startup_stm32h743xx.o
EXTI2_IRQHandler                                  build/startup_stm32h743xx.o
EXTI3_IRQHandler                                  build/startup_stm32h743xx.o
EXTI4_IRQHandler                                  build/startup_stm32h743xx.o
EXTI9_5_IRQHandler                                build/startup_stm32h743xx.o
Error_Handler                                     build/main.o
                                                  build/stm32h7xx_hal_msp.o
FDCAN1_IT0_IRQHandler                             build/startup_stm32h743xx.o
FDCAN1_IT1_IRQHandler                             build/startup_stm32h743xx.o
FDCAN2_IT0_IRQHandler                             build/startup_stm32h743xx.o
FDCAN2_IT1_IRQHandler                             build/startup_stm32h743xx.o
FDCAN_CAL_IRQHandler                              build/startup_stm32h743xx.o
FLASH_CRC_WaitForLastOperation                    build/stm32h7xx_hal_flash.o
                                                  build/stm32h7xx_hal_flash_ex.o
FLASH_Erase_Sector                                build/stm32h7xx_hal_flash_ex.o
                                                  build/stm32h7xx_hal_flash.o
FLASH_IRQHandler                                  build/startup_stm32h743xx.o
FLASH_OB_WaitForLastOperation                     build/stm32h7xx_hal_flash.o
                                                  build/stm32h7xx_hal_flash_ex.o
FLASH_WaitForLastOperation                        build/stm32h7xx_hal_flash.o
                                                  build/stm32h7xx_hal_flash_ex.o
FMC_IRQHandler                                    build/startup_stm32h743xx.o
FPU_IRQHandler                                    build/startup_stm32h743xx.o
HAL_DBGMCU_DisableDBGSleepMode                    build/stm32h7xx_hal.o
HAL_DBGMCU_DisableDBGStandbyMode                  build/stm32h7xx_hal.o
HAL_DBGMCU_DisableDBGStopMode                     build/stm32h7xx_hal.o
HAL_DBGMCU_EnableDBGSleepMode                     build/stm32h7xx_hal.o
HAL_DBGMCU_EnableDBGStandbyMode                   build/stm32h7xx_hal.o
HAL_DBGMCU_EnableDBGStopMode                      build/stm32h7xx_hal.o
HAL_DCMI_ConfigCrop                               build/stm32h7xx_hal_dcmi.o
HAL_DCMI_ConfigSyncUnmask                         build/stm32h7xx_hal_dcmi.o
HAL_DCMI_DeInit                                   build/stm32h7xx_hal_dcmi.o
HAL_DCMI_DisableCrop                              build/stm32h7xx_hal_dcmi.o
HAL_DCMI_EnableCrop                               build/stm32h7xx_hal_dcmi.o
HAL_DCMI_ErrorCallback                            build/stm32h7xx_hal_dcmi.o
HAL_DCMI_FrameEventCallback                       build/stm32h7xx_hal_dcmi.o
HAL_DCMI_GetError                                 build/stm32h7xx_hal_dcmi.o
HAL_DCMI_GetState                                 build/stm32h7xx_hal_dcmi.o
HAL_DCMI_IRQHandler                               build/stm32h7xx_hal_dcmi.o
HAL_DCMI_Init                                     build/stm32h7xx_hal_dcmi.o
                                                  build/main.o
HAL_DCMI_LineEventCallback                        build/stm32h7xx_hal_dcmi.o
HAL_DCMI_MspDeInit                                build/stm32h7xx_hal_msp.o
HAL_DCMI_MspInit                                  build/stm32h7xx_hal_msp.o
HAL_DCMI_Resume                                   build/stm32h7xx_hal_dcmi.o
HAL_DCMI_Start_DMA                                build/stm32h7xx_hal_dcmi.o
HAL_DCMI_Stop                                     build/stm32h7xx_hal_dcmi.o
HAL_DCMI_Suspend                                  build/stm32h7xx_hal_dcmi.o
HAL_DCMI_VsyncEventCallback                       build/stm32h7xx_hal_dcmi.o
HAL_DMAEx_ChangeMemory                            build/stm32h7xx_hal_dma_ex.o
                                                  build/stm32h7xx_hal_dcmi.o
HAL_DMAEx_ConfigMuxRequestGenerator               build/stm32h7xx_hal_dma_ex.o
HAL_DMAEx_ConfigMuxSync                           build/stm32h7xx_hal_dma_ex.o
HAL_DMAEx_DisableMuxRequestGenerator              build/stm32h7xx_hal_dma_ex.o
HAL_DMAEx_EnableMuxRequestGenerator               build/stm32h7xx_hal_dma_ex.o
HAL_DMAEx_MUX_IRQHandler                          build/stm32h7xx_hal_dma_ex.o
HAL_DMAEx_MultiBufferStart                        build/stm32h7xx_hal_dma_ex.o
HAL_DMAEx_MultiBufferStart_IT                     build/stm32h7xx_hal_dma_ex.o
                                                  build/stm32h7xx_hal_dcmi.o
HAL_DMA_Abort                                     build/stm32h7xx_hal_dma.o
                                                  build/stm32h7xx_hal_dcmi.o
                                                  build/stm32h7xx_hal_uart.o
HAL_DMA_Abort_IT                                  build/stm32h7xx_hal_dma.o
                                                  build/stm32h7xx_hal_dcmi.o
                                                  build/stm32h7xx_hal_uart.o
                                                  build/stm32h7xx_hal_i2c.o
HAL_DMA_DeInit                                    build/stm32h7xx_hal_dma.o
HAL_DMA_GetError                                  build/stm32h7xx_hal_dma.o
                                                  build/stm32h7xx_hal_uart.o
                                                  build/stm32h7xx_hal_i2c.o
HAL_DMA_GetState                                  build/stm32h7xx_hal_dma.o
                                                  build/stm32h7xx_hal_i2c.o
HAL_DMA_IRQHandler                                build/stm32h7xx_hal_dma.o
HAL_DMA_Init                                      build/stm32h7xx_hal_dma.o
HAL_DMA_PollForTransfer                           build/stm32h7xx_hal_dma.o
HAL_DMA_RegisterCallback                          build/stm32h7xx_hal_dma.o
HAL_DMA_Start                                     build/stm32h7xx_hal_dma.o
HAL_DMA_Start_IT                                  build/stm32h7xx_hal_dma.o
                                                  build/stm32h7xx_hal_dcmi.o
                                                  build/stm32h7xx_hal_uart.o
                                                  build/stm32h7xx_hal_i2c.o
HAL_DMA_UnRegisterCallback                        build/stm32h7xx_hal_dma.o
HAL_DeInit                                        build/stm32h7xx_hal.o
HAL_Delay                                         build/stm32h7xx_hal.o
                                                  build/stm32h7xx_ll_usb.o
                                                  build/stm32h7xx_hal_pcd_ex.o
                                                  build/main.o
HAL_DisableCompensationCell                       build/stm32h7xx_hal.o
HAL_ETHEx_DisableARPOffload                       build/stm32h7xx_hal_eth_ex.o
HAL_ETHEx_DisableL3L4Filtering                    build/stm32h7xx_hal_eth_ex.o
HAL_ETHEx_DisableVLANProcessing                   build/stm32h7xx_hal_eth_ex.o
HAL_ETHEx_EnableARPOffload                        build/stm32h7xx_hal_eth_ex.o
HAL_ETHEx_EnableL3L4Filtering                     build/stm32h7xx_hal_eth_ex.o
HAL_ETHEx_EnableVLANProcessing                    build/stm32h7xx_hal_eth_ex.o
HAL_ETHEx_EnterLPIMode                            build/stm32h7xx_hal_eth_ex.o
HAL_ETHEx_ExitLPIMode                             build/stm32h7xx_hal_eth_ex.o
HAL_ETHEx_GetL3FilterConfig                       build/stm32h7xx_hal_eth_ex.o
HAL_ETHEx_GetL4FilterConfig                       build/stm32h7xx_hal_eth_ex.o
HAL_ETHEx_GetMACLPIEvent                          build/stm32h7xx_hal_eth_ex.o
HAL_ETHEx_GetRxVLANConfig                         build/stm32h7xx_hal_eth_ex.o
HAL_ETHEx_GetTxVLANConfig                         build/stm32h7xx_hal_eth_ex.o
HAL_ETHEx_SetARPAddressMatch                      build/stm32h7xx_hal_eth_ex.o
HAL_ETHEx_SetL3FilterConfig                       build/stm32h7xx_hal_eth_ex.o
HAL_ETHEx_SetL4FilterConfig                       build/stm32h7xx_hal_eth_ex.o
HAL_ETHEx_SetRxVLANConfig                         build/stm32h7xx_hal_eth_ex.o
HAL_ETHEx_SetTxVLANConfig                         build/stm32h7xx_hal_eth_ex.o
HAL_ETHEx_SetTxVLANIdentifier                     build/stm32h7xx_hal_eth_ex.o
HAL_ETHEx_SetVLANHashTable                        build/stm32h7xx_hal_eth_ex.o
HAL_ETH_DeInit                                    build/stm32h7xx_hal_eth.o
HAL_ETH_EEECallback                               build/stm32h7xx_hal_eth.o
HAL_ETH_EnterPowerDownMode                        build/stm32h7xx_hal_eth.o
HAL_ETH_ErrorCallback                             build/stm32h7xx_hal_eth.o
HAL_ETH_ExitPowerDownMode                         build/stm32h7xx_hal_eth.o
HAL_ETH_GetDMAConfig                              build/stm32h7xx_hal_eth.o
HAL_ETH_GetDMAError                               build/stm32h7xx_hal_eth.o
HAL_ETH_GetError                                  build/stm32h7xx_hal_eth.o
HAL_ETH_GetMACConfig                              build/stm32h7xx_hal_eth.o
HAL_ETH_GetMACError                               build/stm32h7xx_hal_eth.o
HAL_ETH_GetMACFilterConfig                        build/stm32h7xx_hal_eth.o
HAL_ETH_GetMACWakeUpSource                        build/stm32h7xx_hal_eth.o
HAL_ETH_GetRxDataErrorCode                        build/stm32h7xx_hal_eth.o
HAL_ETH_GetState                                  build/stm32h7xx_hal_eth.o
HAL_ETH_IRQHandler                                build/stm32h7xx_hal_eth.o
HAL_ETH_Init                                      build/stm32h7xx_hal_eth.o
                                                  build/main.o
HAL_ETH_MspDeInit                                 build/stm32h7xx_hal_msp.o
HAL_ETH_MspInit                                   build/stm32h7xx_hal_msp.o
HAL_ETH_PMTCallback                               build/stm32h7xx_hal_eth.o
HAL_ETH_ReadData                                  build/stm32h7xx_hal_eth.o
HAL_ETH_ReadPHYRegister                           build/stm32h7xx_hal_eth.o
HAL_ETH_RegisterRxAllocateCallback                build/stm32h7xx_hal_eth.o
HAL_ETH_RegisterRxLinkCallback                    build/stm32h7xx_hal_eth.o
HAL_ETH_RegisterTxFreeCallback                    build/stm32h7xx_hal_eth.o
HAL_ETH_ReleaseTxPacket                           build/stm32h7xx_hal_eth.o
HAL_ETH_RxAllocateCallback                        build/stm32h7xx_hal_eth.o
HAL_ETH_RxCpltCallback                            build/stm32h7xx_hal_eth.o
HAL_ETH_RxLinkCallback                            build/stm32h7xx_hal_eth.o
HAL_ETH_SetDMAConfig                              build/stm32h7xx_hal_eth.o
HAL_ETH_SetHashTable                              build/stm32h7xx_hal_eth.o
HAL_ETH_SetMACConfig                              build/stm32h7xx_hal_eth.o
HAL_ETH_SetMACFilterConfig                        build/stm32h7xx_hal_eth.o
HAL_ETH_SetMDIOClockRange                         build/stm32h7xx_hal_eth.o
HAL_ETH_SetRxVLANIdentifier                       build/stm32h7xx_hal_eth.o
HAL_ETH_SetSourceMACAddrMatch                     build/stm32h7xx_hal_eth.o
HAL_ETH_SetWakeUpFilter                           build/stm32h7xx_hal_eth.o
HAL_ETH_Start                                     build/stm32h7xx_hal_eth.o
HAL_ETH_Start_IT                                  build/stm32h7xx_hal_eth.o
HAL_ETH_Stop                                      build/stm32h7xx_hal_eth.o
HAL_ETH_Stop_IT                                   build/stm32h7xx_hal_eth.o
HAL_ETH_Transmit                                  build/stm32h7xx_hal_eth.o
HAL_ETH_Transmit_IT                               build/stm32h7xx_hal_eth.o
HAL_ETH_TxCpltCallback                            build/stm32h7xx_hal_eth.o
HAL_ETH_TxFreeCallback                            build/stm32h7xx_hal_eth.o
HAL_ETH_UnRegisterRxAllocateCallback              build/stm32h7xx_hal_eth.o
HAL_ETH_UnRegisterRxLinkCallback                  build/stm32h7xx_hal_eth.o
HAL_ETH_UnRegisterTxFreeCallback                  build/stm32h7xx_hal_eth.o
HAL_ETH_WakeUpCallback                            build/stm32h7xx_hal_eth.o
HAL_ETH_WritePHYRegister                          build/stm32h7xx_hal_eth.o
HAL_EXTI_ClearConfigLine                          build/stm32h7xx_hal_exti.o
HAL_EXTI_ClearPending                             build/stm32h7xx_hal_exti.o
HAL_EXTI_D1_ClearFlag                             build/stm32h7xx_hal.o
HAL_EXTI_D1_EventInputConfig                      build/stm32h7xx_hal.o
HAL_EXTI_D3_EventInputConfig                      build/stm32h7xx_hal.o
HAL_EXTI_EdgeConfig                               build/stm32h7xx_hal.o
HAL_EXTI_GenerateSWI                              build/stm32h7xx_hal_exti.o
HAL_EXTI_GenerateSWInterrupt                      build/stm32h7xx_hal.o
HAL_EXTI_GetConfigLine                            build/stm32h7xx_hal_exti.o
HAL_EXTI_GetHandle                                build/stm32h7xx_hal_exti.o
HAL_EXTI_GetPending                               build/stm32h7xx_hal_exti.o
HAL_EXTI_IRQHandler                               build/stm32h7xx_hal_exti.o
HAL_EXTI_RegisterCallback                         build/stm32h7xx_hal_exti.o
HAL_EXTI_SetConfigLine                            build/stm32h7xx_hal_exti.o
HAL_EnableCompensationCell                        build/stm32h7xx_hal.o
HAL_FLASHEx_ComputeCRC                            build/stm32h7xx_hal_flash_ex.o
HAL_FLASHEx_Erase                                 build/stm32h7xx_hal_flash_ex.o
HAL_FLASHEx_Erase_IT                              build/stm32h7xx_hal_flash_ex.o
HAL_FLASHEx_Lock_Bank1                            build/stm32h7xx_hal_flash_ex.o
HAL_FLASHEx_Lock_Bank2                            build/stm32h7xx_hal_flash_ex.o
HAL_FLASHEx_OBGetConfig                           build/stm32h7xx_hal_flash_ex.o
HAL_FLASHEx_OBProgram                             build/stm32h7xx_hal_flash_ex.o
HAL_FLASHEx_Unlock_Bank1                          build/stm32h7xx_hal_flash_ex.o
HAL_FLASHEx_Unlock_Bank2                          build/stm32h7xx_hal_flash_ex.o
HAL_FLASH_EndOfOperationCallback                  build/stm32h7xx_hal_flash.o
HAL_FLASH_GetError                                build/stm32h7xx_hal_flash.o
HAL_FLASH_IRQHandler                              build/stm32h7xx_hal_flash.o
HAL_FLASH_Lock                                    build/stm32h7xx_hal_flash.o
HAL_FLASH_OB_Launch                               build/stm32h7xx_hal_flash.o
HAL_FLASH_OB_Lock                                 build/stm32h7xx_hal_flash.o
HAL_FLASH_OB_Unlock                               build/stm32h7xx_hal_flash.o
HAL_FLASH_OperationErrorCallback                  build/stm32h7xx_hal_flash.o
HAL_FLASH_Program                                 build/stm32h7xx_hal_flash.o
HAL_FLASH_Program_IT                              build/stm32h7xx_hal_flash.o
HAL_FLASH_Unlock                                  build/stm32h7xx_hal_flash.o
HAL_GPIO_DeInit                                   build/stm32h7xx_hal_gpio.o
                                                  build/stm32h7xx_hal_msp.o
HAL_GPIO_EXTI_Callback                            build/stm32h7xx_hal_gpio.o
HAL_GPIO_EXTI_IRQHandler                          build/stm32h7xx_hal_gpio.o
HAL_GPIO_Init                                     build/stm32h7xx_hal_gpio.o
                                                  build/stm32h7xx_hal_rcc.o
                                                  build/stm32h7xx_hal_msp.o
                                                  build/main.o
HAL_GPIO_LockPin                                  build/stm32h7xx_hal_gpio.o
HAL_GPIO_ReadPin                                  build/stm32h7xx_hal_gpio.o
                                                  build/main.o
HAL_GPIO_TogglePin                                build/stm32h7xx_hal_gpio.o
                                                  build/main.o
HAL_GPIO_WritePin                                 build/stm32h7xx_hal_gpio.o
                                                  build/main.o
HAL_GetCurrentCPUID                               build/stm32h7xx_hal_cortex.o
HAL_GetDEVID                                      build/stm32h7xx_hal.o
HAL_GetFMCMemorySwappingConfig                    build/stm32h7xx_hal.o
HAL_GetHalVersion                                 build/stm32h7xx_hal.o
HAL_GetREVID                                      build/stm32h7xx_hal.o
                                                  build/stm32h7xx_hal_rcc_ex.o
                                                  build/stm32h7xx_hal_rcc.o
HAL_GetTick                                       build/stm32h7xx_hal.o
                                                  build/stm32h7xx_hal_pcd_ex.o
                                                  build/stm32h7xx_hal_uart_ex.o
                                                  build/stm32h7xx_hal_uart.o
                                                  build/stm32h7xx_hal_i2c.o
                                                  build/stm32h7xx_hal_pwr_ex.o
                                                  build/stm32h7xx_hal_mdma.o
                                                  build/stm32h7xx_hal_dma.o
                                                  build/stm32h7xx_hal_flash.o
                                                  build/stm32h7xx_hal_rcc_ex.o
                                                  build/stm32h7xx_hal_rcc.o
                                                  build/stm32h7xx_hal_eth.o
HAL_GetTickFreq                                   build/stm32h7xx_hal.o
HAL_GetTickPrio                                   build/stm32h7xx_hal.o
HAL_GetUIDw0                                      build/stm32h7xx_hal.o
HAL_GetUIDw1                                      build/stm32h7xx_hal.o
HAL_GetUIDw2                                      build/stm32h7xx_hal.o
HAL_HSEM_ActivateNotification                     build/stm32h7xx_hal_hsem.o
HAL_HSEM_DeactivateNotification                   build/stm32h7xx_hal_hsem.o
HAL_HSEM_FastTake                                 build/stm32h7xx_hal_hsem.o
HAL_HSEM_FreeCallback                             build/stm32h7xx_hal_hsem.o
HAL_HSEM_GetClearKey                              build/stm32h7xx_hal_hsem.o
HAL_HSEM_IRQHandler                               build/stm32h7xx_hal_hsem.o
HAL_HSEM_IsSemTaken                               build/stm32h7xx_hal_hsem.o
HAL_HSEM_Release                                  build/stm32h7xx_hal_hsem.o
HAL_HSEM_ReleaseAll                               build/stm32h7xx_hal_hsem.o
HAL_HSEM_SetClearKey                              build/stm32h7xx_hal_hsem.o
HAL_HSEM_Take                                     build/stm32h7xx_hal_hsem.o
HAL_HalfDuplex_EnableReceiver                     build/stm32h7xx_hal_uart.o
HAL_HalfDuplex_EnableTransmitter                  build/stm32h7xx_hal_uart.o
HAL_HalfDuplex_Init                               build/stm32h7xx_hal_uart.o
HAL_I2CEx_ConfigAnalogFilter                      build/stm32h7xx_hal_i2c_ex.o
HAL_I2CEx_ConfigDigitalFilter                     build/stm32h7xx_hal_i2c_ex.o
HAL_I2CEx_DisableFastModePlus                     build/stm32h7xx_hal_i2c_ex.o
HAL_I2CEx_DisableWakeUp                           build/stm32h7xx_hal_i2c_ex.o
HAL_I2CEx_EnableFastModePlus                      build/stm32h7xx_hal_i2c_ex.o
HAL_I2CEx_EnableWakeUp                            build/stm32h7xx_hal_i2c_ex.o
HAL_I2C_AbortCpltCallback                         build/stm32h7xx_hal_i2c.o
HAL_I2C_AddrCallback                              build/stm32h7xx_hal_i2c.o
HAL_I2C_DeInit                                    build/stm32h7xx_hal_i2c.o
HAL_I2C_DisableListen_IT                          build/stm32h7xx_hal_i2c.o
HAL_I2C_ER_IRQHandler                             build/stm32h7xx_hal_i2c.o
HAL_I2C_EV_IRQHandler                             build/stm32h7xx_hal_i2c.o
HAL_I2C_EnableListen_IT                           build/stm32h7xx_hal_i2c.o
HAL_I2C_ErrorCallback                             build/stm32h7xx_hal_i2c.o
HAL_I2C_GetError                                  build/stm32h7xx_hal_i2c.o
HAL_I2C_GetMode                                   build/stm32h7xx_hal_i2c.o
HAL_I2C_GetState                                  build/stm32h7xx_hal_i2c.o
HAL_I2C_Init                                      build/stm32h7xx_hal_i2c.o
HAL_I2C_IsDeviceReady                             build/stm32h7xx_hal_i2c.o
HAL_I2C_ListenCpltCallback                        build/stm32h7xx_hal_i2c.o
HAL_I2C_MasterRxCpltCallback                      build/stm32h7xx_hal_i2c.o
HAL_I2C_MasterTxCpltCallback                      build/stm32h7xx_hal_i2c.o
HAL_I2C_Master_Abort_IT                           build/stm32h7xx_hal_i2c.o
HAL_I2C_Master_Receive                            build/stm32h7xx_hal_i2c.o
HAL_I2C_Master_Receive_DMA                        build/stm32h7xx_hal_i2c.o
HAL_I2C_Master_Receive_IT                         build/stm32h7xx_hal_i2c.o
HAL_I2C_Master_Seq_Receive_DMA                    build/stm32h7xx_hal_i2c.o
HAL_I2C_Master_Seq_Receive_IT                     build/stm32h7xx_hal_i2c.o
HAL_I2C_Master_Seq_Transmit_DMA                   build/stm32h7xx_hal_i2c.o
HAL_I2C_Master_Seq_Transmit_IT                    build/stm32h7xx_hal_i2c.o
HAL_I2C_Master_Transmit                           build/stm32h7xx_hal_i2c.o
HAL_I2C_Master_Transmit_DMA                       build/stm32h7xx_hal_i2c.o
HAL_I2C_Master_Transmit_IT                        build/stm32h7xx_hal_i2c.o
HAL_I2C_MemRxCpltCallback                         build/stm32h7xx_hal_i2c.o
HAL_I2C_MemTxCpltCallback                         build/stm32h7xx_hal_i2c.o
HAL_I2C_Mem_Read                                  build/stm32h7xx_hal_i2c.o
HAL_I2C_Mem_Read_DMA                              build/stm32h7xx_hal_i2c.o
HAL_I2C_Mem_Read_IT                               build/stm32h7xx_hal_i2c.o
HAL_I2C_Mem_Write                                 build/stm32h7xx_hal_i2c.o
HAL_I2C_Mem_Write_DMA                             build/stm32h7xx_hal_i2c.o
HAL_I2C_Mem_Write_IT                              build/stm32h7xx_hal_i2c.o
HAL_I2C_MspDeInit                                 build/stm32h7xx_hal_i2c.o
HAL_I2C_MspInit                                   build/stm32h7xx_hal_i2c.o
HAL_I2C_SlaveRxCpltCallback                       build/stm32h7xx_hal_i2c.o
HAL_I2C_SlaveTxCpltCallback                       build/stm32h7xx_hal_i2c.o
HAL_I2C_Slave_Receive                             build/stm32h7xx_hal_i2c.o
HAL_I2C_Slave_Receive_DMA                         build/stm32h7xx_hal_i2c.o
HAL_I2C_Slave_Receive_IT                          build/stm32h7xx_hal_i2c.o
HAL_I2C_Slave_Seq_Receive_DMA                     build/stm32h7xx_hal_i2c.o
HAL_I2C_Slave_Seq_Receive_IT                      build/stm32h7xx_hal_i2c.o
HAL_I2C_Slave_Seq_Transmit_DMA                    build/stm32h7xx_hal_i2c.o
HAL_I2C_Slave_Seq_Transmit_IT                     build/stm32h7xx_hal_i2c.o
HAL_I2C_Slave_Transmit                            build/stm32h7xx_hal_i2c.o
HAL_I2C_Slave_Transmit_DMA                        build/stm32h7xx_hal_i2c.o
HAL_I2C_Slave_Transmit_IT                         build/stm32h7xx_hal_i2c.o
HAL_IncTick                                       build/stm32h7xx_hal.o
                                                  build/stm32h7xx_it.o
HAL_Init                                          build/stm32h7xx_hal.o
                                                  build/main.o
HAL_InitTick                                      build/stm32h7xx_hal.o
                                                  build/stm32h7xx_hal_rcc.o
HAL_LIN_Init                                      build/stm32h7xx_hal_uart.o
HAL_LIN_SendBreak                                 build/stm32h7xx_hal_uart.o
HAL_MDMA_Abort                                    build/stm32h7xx_hal_mdma.o
HAL_MDMA_Abort_IT                                 build/stm32h7xx_hal_mdma.o
HAL_MDMA_ConfigPostRequestMask                    build/stm32h7xx_hal_mdma.o
HAL_MDMA_DeInit                                   build/stm32h7xx_hal_mdma.o
HAL_MDMA_GenerateSWRequest                        build/stm32h7xx_hal_mdma.o
HAL_MDMA_GetError                                 build/stm32h7xx_hal_mdma.o
HAL_MDMA_GetState                                 build/stm32h7xx_hal_mdma.o
HAL_MDMA_IRQHandler                               build/stm32h7xx_hal_mdma.o
HAL_MDMA_Init                                     build/stm32h7xx_hal_mdma.o
HAL_MDMA_LinkedList_AddNode                       build/stm32h7xx_hal_mdma.o
HAL_MDMA_LinkedList_CreateNode                    build/stm32h7xx_hal_mdma.o
HAL_MDMA_LinkedList_DisableCircularMode           build/stm32h7xx_hal_mdma.o
HAL_MDMA_LinkedList_EnableCircularMode            build/stm32h7xx_hal_mdma.o
HAL_MDMA_LinkedList_RemoveNode                    build/stm32h7xx_hal_mdma.o
HAL_MDMA_PollForTransfer                          build/stm32h7xx_hal_mdma.o
HAL_MDMA_RegisterCallback                         build/stm32h7xx_hal_mdma.o
HAL_MDMA_Start                                    build/stm32h7xx_hal_mdma.o
HAL_MDMA_Start_IT                                 build/stm32h7xx_hal_mdma.o
HAL_MDMA_UnRegisterCallback                       build/stm32h7xx_hal_mdma.o
HAL_MPU_ConfigRegion                              build/stm32h7xx_hal_cortex.o
HAL_MPU_Disable                                   build/stm32h7xx_hal_cortex.o
HAL_MPU_Enable                                    build/stm32h7xx_hal_cortex.o
HAL_MspDeInit                                     build/stm32h7xx_hal.o
HAL_MspInit                                       build/stm32h7xx_hal_msp.o
HAL_MultiProcessorEx_AddressLength_Set            build/stm32h7xx_hal_uart_ex.o
HAL_MultiProcessor_DisableMuteMode                build/stm32h7xx_hal_uart.o
HAL_MultiProcessor_EnableMuteMode                 build/stm32h7xx_hal_uart.o
HAL_MultiProcessor_EnterMuteMode                  build/stm32h7xx_hal_uart.o
HAL_MultiProcessor_Init                           build/stm32h7xx_hal_uart.o
HAL_NVIC_ClearPendingIRQ                          build/stm32h7xx_hal_cortex.o
HAL_NVIC_DisableIRQ                               build/stm32h7xx_hal_cortex.o
HAL_NVIC_EnableIRQ                                build/stm32h7xx_hal_cortex.o
HAL_NVIC_GetActive                                build/stm32h7xx_hal_cortex.o
HAL_NVIC_GetPendingIRQ                            build/stm32h7xx_hal_cortex.o
HAL_NVIC_GetPriority                              build/stm32h7xx_hal_cortex.o
HAL_NVIC_GetPriorityGrouping                      build/stm32h7xx_hal_cortex.o
HAL_NVIC_SetPendingIRQ                            build/stm32h7xx_hal_cortex.o
HAL_NVIC_SetPriority                              build/stm32h7xx_hal_cortex.o
                                                  build/stm32h7xx_hal.o
HAL_NVIC_SetPriorityGrouping                      build/stm32h7xx_hal_cortex.o
                                                  build/stm32h7xx_hal.o
HAL_NVIC_SystemReset                              build/stm32h7xx_hal_cortex.o
HAL_PCDEx_ActivateBCD                             build/stm32h7xx_hal_pcd_ex.o
HAL_PCDEx_ActivateLPM                             build/stm32h7xx_hal_pcd_ex.o
                                                  build/stm32h7xx_hal_pcd.o
HAL_PCDEx_BCD_Callback                            build/stm32h7xx_hal_pcd_ex.o
HAL_PCDEx_BCD_VBUSDetect                          build/stm32h7xx_hal_pcd_ex.o
HAL_PCDEx_DeActivateBCD                           build/stm32h7xx_hal_pcd_ex.o
HAL_PCDEx_DeActivateLPM                           build/stm32h7xx_hal_pcd_ex.o
HAL_PCDEx_LPM_Callback                            build/stm32h7xx_hal_pcd_ex.o
                                                  build/stm32h7xx_hal_pcd.o
HAL_PCDEx_SetRxFiFo                               build/stm32h7xx_hal_pcd_ex.o
HAL_PCDEx_SetTxFiFo                               build/stm32h7xx_hal_pcd_ex.o
HAL_PCD_ActivateRemoteWakeup                      build/stm32h7xx_hal_pcd.o
HAL_PCD_ConnectCallback                           build/stm32h7xx_hal_pcd.o
HAL_PCD_DataInStageCallback                       build/stm32h7xx_hal_pcd.o
HAL_PCD_DataOutStageCallback                      build/stm32h7xx_hal_pcd.o
HAL_PCD_DeActivateRemoteWakeup                    build/stm32h7xx_hal_pcd.o
HAL_PCD_DeInit                                    build/stm32h7xx_hal_pcd.o
HAL_PCD_DevConnect                                build/stm32h7xx_hal_pcd.o
HAL_PCD_DevDisconnect                             build/stm32h7xx_hal_pcd.o
HAL_PCD_DisconnectCallback                        build/stm32h7xx_hal_pcd.o
HAL_PCD_EP_Abort                                  build/stm32h7xx_hal_pcd.o
HAL_PCD_EP_Close                                  build/stm32h7xx_hal_pcd.o
HAL_PCD_EP_ClrStall                               build/stm32h7xx_hal_pcd.o
HAL_PCD_EP_Flush                                  build/stm32h7xx_hal_pcd.o
HAL_PCD_EP_GetRxCount                             build/stm32h7xx_hal_pcd.o
HAL_PCD_EP_Open                                   build/stm32h7xx_hal_pcd.o
HAL_PCD_EP_Receive                                build/stm32h7xx_hal_pcd.o
HAL_PCD_EP_SetStall                               build/stm32h7xx_hal_pcd.o
HAL_PCD_EP_Transmit                               build/stm32h7xx_hal_pcd.o
HAL_PCD_GetState                                  build/stm32h7xx_hal_pcd.o
HAL_PCD_IRQHandler                                build/stm32h7xx_hal_pcd.o
HAL_PCD_ISOINIncompleteCallback                   build/stm32h7xx_hal_pcd.o
HAL_PCD_ISOOUTIncompleteCallback                  build/stm32h7xx_hal_pcd.o
HAL_PCD_Init                                      build/stm32h7xx_hal_pcd.o
                                                  build/main.o
HAL_PCD_MspDeInit                                 build/stm32h7xx_hal_msp.o
HAL_PCD_MspInit                                   build/stm32h7xx_hal_msp.o
HAL_PCD_ResetCallback                             build/stm32h7xx_hal_pcd.o
HAL_PCD_ResumeCallback                            build/stm32h7xx_hal_pcd.o
HAL_PCD_SOFCallback                               build/stm32h7xx_hal_pcd.o
HAL_PCD_SetAddress                                build/stm32h7xx_hal_pcd.o
HAL_PCD_SetTestMode                               build/stm32h7xx_hal_pcd.o
HAL_PCD_SetupStageCallback                        build/stm32h7xx_hal_pcd.o
HAL_PCD_Start                                     build/stm32h7xx_hal_pcd.o
HAL_PCD_Stop                                      build/stm32h7xx_hal_pcd.o
HAL_PCD_SuspendCallback                           build/stm32h7xx_hal_pcd.o
HAL_PWREx_AVDCallback                             build/stm32h7xx_hal_pwr_ex.o
HAL_PWREx_ClearPendingEvent                       build/stm32h7xx_hal_pwr_ex.o
HAL_PWREx_ClearWakeupFlag                         build/stm32h7xx_hal_pwr_ex.o
HAL_PWREx_ConfigAVD                               build/stm32h7xx_hal_pwr_ex.o
HAL_PWREx_ConfigD3Domain                          build/stm32h7xx_hal_pwr_ex.o
HAL_PWREx_ConfigSupply                            build/stm32h7xx_hal_pwr_ex.o
                                                  build/main.o
HAL_PWREx_ControlStopModeVoltageScaling           build/stm32h7xx_hal_pwr_ex.o
HAL_PWREx_ControlVoltageScaling                   build/stm32h7xx_hal_pwr_ex.o
HAL_PWREx_DisableAVD                              build/stm32h7xx_hal_pwr_ex.o
HAL_PWREx_DisableBatteryCharging                  build/stm32h7xx_hal_pwr_ex.o
HAL_PWREx_DisableBkUpReg                          build/stm32h7xx_hal_pwr_ex.o
HAL_PWREx_DisableFlashPowerDown                   build/stm32h7xx_hal_pwr_ex.o
HAL_PWREx_DisableMonitoring                       build/stm32h7xx_hal_pwr_ex.o
HAL_PWREx_DisableUSBReg                           build/stm32h7xx_hal_pwr_ex.o
HAL_PWREx_DisableUSBVoltageDetector               build/stm32h7xx_hal_pwr_ex.o
HAL_PWREx_DisableWakeUpPin                        build/stm32h7xx_hal_pwr_ex.o
HAL_PWREx_EnableAVD                               build/stm32h7xx_hal_pwr_ex.o
HAL_PWREx_EnableBatteryCharging                   build/stm32h7xx_hal_pwr_ex.o
HAL_PWREx_EnableBkUpReg                           build/stm32h7xx_hal_pwr_ex.o
HAL_PWREx_EnableFlashPowerDown                    build/stm32h7xx_hal_pwr_ex.o
HAL_PWREx_EnableMonitoring                        build/stm32h7xx_hal_pwr_ex.o
HAL_PWREx_EnableUSBReg                            build/stm32h7xx_hal_pwr_ex.o
HAL_PWREx_EnableUSBVoltageDetector                build/stm32h7xx_hal_pwr_ex.o
                                                  build/stm32h7xx_hal_msp.o
HAL_PWREx_EnableWakeUpPin                         build/stm32h7xx_hal_pwr_ex.o
HAL_PWREx_EnterSTANDBYMode                        build/stm32h7xx_hal_pwr_ex.o
HAL_PWREx_EnterSTOPMode                           build/stm32h7xx_hal_pwr_ex.o
HAL_PWREx_GetStopModeVoltageRange                 build/stm32h7xx_hal_pwr_ex.o
HAL_PWREx_GetSupplyConfig                         build/stm32h7xx_hal_pwr_ex.o
HAL_PWREx_GetTemperatureLevel                     build/stm32h7xx_hal_pwr_ex.o
HAL_PWREx_GetVBATLevel                            build/stm32h7xx_hal_pwr_ex.o
HAL_PWREx_GetVoltageRange                         build/stm32h7xx_hal_pwr_ex.o
HAL_PWREx_GetWakeupFlag                           build/stm32h7xx_hal_pwr_ex.o
HAL_PWREx_PVD_AVD_IRQHandler                      build/stm32h7xx_hal_pwr_ex.o
HAL_PWREx_WAKEUP_PIN_IRQHandler                   build/stm32h7xx_hal_pwr_ex.o
HAL_PWREx_WKUP1_Callback                          build/stm32h7xx_hal_pwr_ex.o
HAL_PWREx_WKUP2_Callback                          build/stm32h7xx_hal_pwr_ex.o
HAL_PWREx_WKUP3_Callback                          build/stm32h7xx_hal_pwr_ex.o
HAL_PWREx_WKUP4_Callback                          build/stm32h7xx_hal_pwr_ex.o
HAL_PWREx_WKUP5_Callback                          build/stm32h7xx_hal_pwr_ex.o
HAL_PWREx_WKUP6_Callback                          build/stm32h7xx_hal_pwr_ex.o
HAL_PWR_ConfigPVD                                 build/stm32h7xx_hal_pwr.o
HAL_PWR_DeInit                                    build/stm32h7xx_hal_pwr.o
HAL_PWR_DisableBkUpAccess                         build/stm32h7xx_hal_pwr.o
HAL_PWR_DisablePVD                                build/stm32h7xx_hal_pwr.o
HAL_PWR_DisableSEVOnPend                          build/stm32h7xx_hal_pwr.o
HAL_PWR_DisableSleepOnExit                        build/stm32h7xx_hal_pwr.o
HAL_PWR_DisableWakeUpPin                          build/stm32h7xx_hal_pwr.o
HAL_PWR_EnableBkUpAccess                          build/stm32h7xx_hal_pwr.o
HAL_PWR_EnablePVD                                 build/stm32h7xx_hal_pwr.o
HAL_PWR_EnableSEVOnPend                           build/stm32h7xx_hal_pwr.o
HAL_PWR_EnableSleepOnExit                         build/stm32h7xx_hal_pwr.o
HAL_PWR_EnableWakeUpPin                           build/stm32h7xx_hal_pwr.o
HAL_PWR_EnterSLEEPMode                            build/stm32h7xx_hal_pwr.o
HAL_PWR_EnterSTANDBYMode                          build/stm32h7xx_hal_pwr.o
HAL_PWR_EnterSTOPMode                             build/stm32h7xx_hal_pwr.o
HAL_PWR_PVDCallback                               build/stm32h7xx_hal_pwr.o
                                                  build/stm32h7xx_hal_pwr_ex.o
HAL_PWR_PVD_IRQHandler                            build/stm32h7xx_hal_pwr.o
HAL_RCCEx_CRSConfig                               build/stm32h7xx_hal_rcc_ex.o
HAL_RCCEx_CRSGetSynchronizationInfo               build/stm32h7xx_hal_rcc_ex.o
HAL_RCCEx_CRSSoftwareSynchronizationGenerate      build/stm32h7xx_hal_rcc_ex.o
HAL_RCCEx_CRSWaitSynchronization                  build/stm32h7xx_hal_rcc_ex.o
HAL_RCCEx_CRS_ErrorCallback                       build/stm32h7xx_hal_rcc_ex.o
HAL_RCCEx_CRS_ExpectedSyncCallback                build/stm32h7xx_hal_rcc_ex.o
HAL_RCCEx_CRS_IRQHandler                          build/stm32h7xx_hal_rcc_ex.o
HAL_RCCEx_CRS_SyncOkCallback                      build/stm32h7xx_hal_rcc_ex.o
HAL_RCCEx_CRS_SyncWarnCallback                    build/stm32h7xx_hal_rcc_ex.o
HAL_RCCEx_DisableLSECSS                           build/stm32h7xx_hal_rcc_ex.o
HAL_RCCEx_EnableLSECSS                            build/stm32h7xx_hal_rcc_ex.o
HAL_RCCEx_EnableLSECSS_IT                         build/stm32h7xx_hal_rcc_ex.o
HAL_RCCEx_GetD1PCLK1Freq                          build/stm32h7xx_hal_rcc_ex.o
HAL_RCCEx_GetD1SysClockFreq                       build/stm32h7xx_hal_rcc_ex.o
HAL_RCCEx_GetD3PCLK1Freq                          build/stm32h7xx_hal_rcc_ex.o
                                                  build/stm32h7xx_hal_uart.o
HAL_RCCEx_GetPLL1ClockFreq                        build/stm32h7xx_hal_rcc_ex.o
HAL_RCCEx_GetPLL2ClockFreq                        build/stm32h7xx_hal_rcc_ex.o
                                                  build/stm32h7xx_hal_uart.o
HAL_RCCEx_GetPLL3ClockFreq                        build/stm32h7xx_hal_rcc_ex.o
                                                  build/stm32h7xx_hal_uart.o
HAL_RCCEx_GetPeriphCLKConfig                      build/stm32h7xx_hal_rcc_ex.o
HAL_RCCEx_GetPeriphCLKFreq                        build/stm32h7xx_hal_rcc_ex.o
HAL_RCCEx_KerWakeUpStopCLKConfig                  build/stm32h7xx_hal_rcc_ex.o
HAL_RCCEx_LSECSS_Callback                         build/stm32h7xx_hal_rcc_ex.o
HAL_RCCEx_LSECSS_IRQHandler                       build/stm32h7xx_hal_rcc_ex.o
HAL_RCCEx_PeriphCLKConfig                         build/stm32h7xx_hal_rcc_ex.o
                                                  build/stm32h7xx_hal_msp.o
HAL_RCCEx_WWDGxSysResetConfig                     build/stm32h7xx_hal_rcc_ex.o
HAL_RCCEx_WakeUpStopCLKConfig                     build/stm32h7xx_hal_rcc_ex.o
HAL_RCC_CSSCallback                               build/stm32h7xx_hal_rcc.o
HAL_RCC_ClockConfig                               build/stm32h7xx_hal_rcc.o
                                                  build/main.o
HAL_RCC_DeInit                                    build/stm32h7xx_hal_rcc.o
HAL_RCC_DisableCSS                                build/stm32h7xx_hal_rcc.o
HAL_RCC_EnableCSS                                 build/stm32h7xx_hal_rcc.o
HAL_RCC_GetClockConfig                            build/stm32h7xx_hal_rcc.o
HAL_RCC_GetHCLKFreq                               build/stm32h7xx_hal_rcc.o
                                                  build/stm32h7xx_hal_pcd.o
                                                  build/stm32h7xx_hal_rcc_ex.o
                                                  build/stm32h7xx_hal_eth.o
HAL_RCC_GetOscConfig                              build/stm32h7xx_hal_rcc.o
HAL_RCC_GetPCLK1Freq                              build/stm32h7xx_hal_rcc.o
                                                  build/stm32h7xx_hal_uart.o
                                                  build/stm32h7xx_hal_rcc_ex.o
HAL_RCC_GetPCLK2Freq                              build/stm32h7xx_hal_rcc.o
                                                  build/stm32h7xx_hal_uart.o
HAL_RCC_GetSysClockFreq                           build/stm32h7xx_hal_rcc.o
                                                  build/stm32h7xx_hal.o
                                                  build/stm32h7xx_hal_rcc_ex.o
HAL_RCC_MCOConfig                                 build/stm32h7xx_hal_rcc.o
HAL_RCC_NMI_IRQHandler                            build/stm32h7xx_hal_rcc.o
HAL_RCC_OscConfig                                 build/stm32h7xx_hal_rcc.o
                                                  build/main.o
HAL_RS485Ex_Init                                  build/stm32h7xx_hal_uart_ex.o
HAL_ResumeTick                                    build/stm32h7xx_hal.o
HAL_SYSCFG_AnalogSwitchConfig                     build/stm32h7xx_hal.o
HAL_SYSCFG_CM7BootAddConfig                       build/stm32h7xx_hal.o
HAL_SYSCFG_CompensationCodeConfig                 build/stm32h7xx_hal.o
HAL_SYSCFG_CompensationCodeSelect                 build/stm32h7xx_hal.o
HAL_SYSCFG_DisableBOOST                           build/stm32h7xx_hal.o
HAL_SYSCFG_DisableIOSpeedOptimize                 build/stm32h7xx_hal.o
HAL_SYSCFG_DisableVREFBUF                         build/stm32h7xx_hal.o
HAL_SYSCFG_ETHInterfaceSelect                     build/stm32h7xx_hal.o
                                                  build/stm32h7xx_hal_eth.o
HAL_SYSCFG_EnableBOOST                            build/stm32h7xx_hal.o
HAL_SYSCFG_EnableIOSpeedOptimize                  build/stm32h7xx_hal.o
HAL_SYSCFG_EnableVREFBUF                          build/stm32h7xx_hal.o
HAL_SYSCFG_VREFBUF_HighImpedanceConfig            build/stm32h7xx_hal.o
HAL_SYSCFG_VREFBUF_TrimmingConfig                 build/stm32h7xx_hal.o
HAL_SYSCFG_VREFBUF_VoltageScalingConfig           build/stm32h7xx_hal.o
HAL_SYSTICK_CLKSourceConfig                       build/stm32h7xx_hal_cortex.o
HAL_SYSTICK_Callback                              build/stm32h7xx_hal_cortex.o
HAL_SYSTICK_Config                                build/stm32h7xx_hal_cortex.o
                                                  build/stm32h7xx_hal.o
HAL_SYSTICK_IRQHandler                            build/stm32h7xx_hal_cortex.o
HAL_SetFMCMemorySwappingConfig                    build/stm32h7xx_hal.o
HAL_SetTickFreq                                   build/stm32h7xx_hal.o
HAL_SuspendTick                                   build/stm32h7xx_hal.o
HAL_UARTEx_DisableFifoMode                        build/stm32h7xx_hal_uart_ex.o
                                                  build/main.o
HAL_UARTEx_DisableStopMode                        build/stm32h7xx_hal_uart_ex.o
HAL_UARTEx_EnableFifoMode                         build/stm32h7xx_hal_uart_ex.o
HAL_UARTEx_EnableStopMode                         build/stm32h7xx_hal_uart_ex.o
HAL_UARTEx_GetRxEventType                         build/stm32h7xx_hal_uart_ex.o
HAL_UARTEx_ReceiveToIdle                          build/stm32h7xx_hal_uart_ex.o
HAL_UARTEx_ReceiveToIdle_DMA                      build/stm32h7xx_hal_uart_ex.o
HAL_UARTEx_ReceiveToIdle_IT                       build/stm32h7xx_hal_uart_ex.o
HAL_UARTEx_RxEventCallback                        build/stm32h7xx_hal_uart.o
HAL_UARTEx_RxFifoFullCallback                     build/stm32h7xx_hal_uart_ex.o
                                                  build/stm32h7xx_hal_uart.o
HAL_UARTEx_SetRxFifoThreshold                     build/stm32h7xx_hal_uart_ex.o
                                                  build/main.o
HAL_UARTEx_SetTxFifoThreshold                     build/stm32h7xx_hal_uart_ex.o
                                                  build/main.o
HAL_UARTEx_StopModeWakeUpSourceConfig             build/stm32h7xx_hal_uart_ex.o
HAL_UARTEx_TxFifoEmptyCallback                    build/stm32h7xx_hal_uart_ex.o
                                                  build/stm32h7xx_hal_uart.o
HAL_UARTEx_WakeupCallback                         build/stm32h7xx_hal_uart_ex.o