Archive member included to satisfy reference by file (symbol)

d:/l/program/gcc-arm-none-eabi-10.3/bin/../lib/gcc/arm-none-eabi/10.3.1/../../../../arm-none-eabi/lib/thumb/v7e-m+dp/hard\libc_nano.a(lib_a-exit.o)
                              d:/l/program/gcc-arm-none-eabi-10.3/bin/../lib/gcc/arm-none-eabi/10.3.1/../../../../arm-none-eabi/lib/thumb/v7e-m+dp/hard/crt0.o (exit)
d:/l/program/gcc-arm-none-eabi-10.3/bin/../lib/gcc/arm-none-eabi/10.3.1/../../../../arm-none-eabi/lib/thumb/v7e-m+dp/hard\libc_nano.a(lib_a-impure.o)
                              d:/l/program/gcc-arm-none-eabi-10.3/bin/../lib/gcc/arm-none-eabi/10.3.1/../../../../arm-none-eabi/lib/thumb/v7e-m+dp/hard\libc_nano.a(lib_a-exit.o) (_global_impure_ptr)
d:/l/program/gcc-arm-none-eabi-10.3/bin/../lib/gcc/arm-none-eabi/10.3.1/../../../../arm-none-eabi/lib/thumb/v7e-m+dp/hard\libc_nano.a(lib_a-init.o)
                              d:/l/program/gcc-arm-none-eabi-10.3/bin/../lib/gcc/arm-none-eabi/10.3.1/../../../../arm-none-eabi/lib/thumb/v7e-m+dp/hard/crt0.o (__libc_init_array)
d:/l/program/gcc-arm-none-eabi-10.3/bin/../lib/gcc/arm-none-eabi/10.3.1/../../../../arm-none-eabi/lib/thumb/v7e-m+dp/hard\libc_nano.a(lib_a-memset.o)
                              d:/l/program/gcc-arm-none-eabi-10.3/bin/../lib/gcc/arm-none-eabi/10.3.1/../../../../arm-none-eabi/lib/thumb/v7e-m+dp/hard/crt0.o (memset)
d:/l/program/gcc-arm-none-eabi-10.3/bin/../lib/gcc/arm-none-eabi/10.3.1/../../../../arm-none-eabi/lib/thumb/v7e-m+dp/hard\libc_nano.a(lib_a-printf.o)
                              build/convolution.o (printf)
d:/l/program/gcc-arm-none-eabi-10.3/bin/../lib/gcc/arm-none-eabi/10.3.1/../../../../arm-none-eabi/lib/thumb/v7e-m+dp/hard\libc_nano.a(lib_a-putchar.o)
                              build/convolution.o (putchar)
d:/l/program/gcc-arm-none-eabi-10.3/bin/../lib/gcc/arm-none-eabi/10.3.1/../../../../arm-none-eabi/lib/thumb/v7e-m+dp/hard\libc_nano.a(lib_a-findfp.o)
                              d:/l/program/gcc-arm-none-eabi-10.3/bin/../lib/gcc/arm-none-eabi/10.3.1/../../../../arm-none-eabi/lib/thumb/v7e-m+dp/hard\libc_nano.a(lib_a-printf.o) (__sinit)
d:/l/program/gcc-arm-none-eabi-10.3/bin/../lib/gcc/arm-none-eabi/10.3.1/../../../../arm-none-eabi/lib/thumb/v7e-m+dp/hard\libc_nano.a(lib_a-fwalk.o)
                              d:/l/program/gcc-arm-none-eabi-10.3/bin/../lib/gcc/arm-none-eabi/10.3.1/../../../../arm-none-eabi/lib/thumb/v7e-m+dp/hard\libc_nano.a(lib_a-findfp.o) (_fwalk)
d:/l/program/gcc-arm-none-eabi-10.3/bin/../lib/gcc/arm-none-eabi/10.3.1/../../../../arm-none-eabi/lib/thumb/v7e-m+dp/hard\libc_nano.a(lib_a-lock.o)
                              d:/l/program/gcc-arm-none-eabi-10.3/bin/../lib/gcc/arm-none-eabi/10.3.1/../../../../arm-none-eabi/lib/thumb/v7e-m+dp/hard\libc_nano.a(lib_a-findfp.o) (__retarget_lock_init_recursive)
d:/l/program/gcc-arm-none-eabi-10.3/bin/../lib/gcc/arm-none-eabi/10.3.1/../../../../arm-none-eabi/lib/thumb/v7e-m+dp/hard\libc_nano.a(lib_a-nano-mallocr.o)
                              d:/l/program/gcc-arm-none-eabi-10.3/bin/../lib/gcc/arm-none-eabi/10.3.1/../../../../arm-none-eabi/lib/thumb/v7e-m+dp/hard\libc_nano.a(lib_a-findfp.o) (_malloc_r)
d:/l/program/gcc-arm-none-eabi-10.3/bin/../lib/gcc/arm-none-eabi/10.3.1/../../../../arm-none-eabi/lib/thumb/v7e-m+dp/hard\libc_nano.a(lib_a-nano-vfprintf.o)
                              d:/l/program/gcc-arm-none-eabi-10.3/bin/../lib/gcc/arm-none-eabi/10.3.1/../../../../arm-none-eabi/lib/thumb/v7e-m+dp/hard\libc_nano.a(lib_a-printf.o) (_vfprintf_r)
d:/l/program/gcc-arm-none-eabi-10.3/bin/../lib/gcc/arm-none-eabi/10.3.1/../../../../arm-none-eabi/lib/thumb/v7e-m+dp/hard\libc_nano.a(lib_a-nano-vfprintf_i.o)
                              d:/l/program/gcc-arm-none-eabi-10.3/bin/../lib/gcc/arm-none-eabi/10.3.1/../../../../arm-none-eabi/lib/thumb/v7e-m+dp/hard\libc_nano.a(lib_a-nano-vfprintf.o) (_printf_i)
d:/l/program/gcc-arm-none-eabi-10.3/bin/../lib/gcc/arm-none-eabi/10.3.1/../../../../arm-none-eabi/lib/thumb/v7e-m+dp/hard\libc_nano.a(lib_a-putc.o)
                              d:/l/program/gcc-arm-none-eabi-10.3/bin/../lib/gcc/arm-none-eabi/10.3.1/../../../../arm-none-eabi/lib/thumb/v7e-m+dp/hard\libc_nano.a(lib_a-putchar.o) (_putc_r)
d:/l/program/gcc-arm-none-eabi-10.3/bin/../lib/gcc/arm-none-eabi/10.3.1/../../../../arm-none-eabi/lib/thumb/v7e-m+dp/hard\libc_nano.a(lib_a-sbrkr.o)
                              d:/l/program/gcc-arm-none-eabi-10.3/bin/../lib/gcc/arm-none-eabi/10.3.1/../../../../arm-none-eabi/lib/thumb/v7e-m+dp/hard\libc_nano.a(lib_a-nano-mallocr.o) (_sbrk_r)
d:/l/program/gcc-arm-none-eabi-10.3/bin/../lib/gcc/arm-none-eabi/10.3.1/../../../../arm-none-eabi/lib/thumb/v7e-m+dp/hard\libc_nano.a(lib_a-stdio.o)
                              d:/l/program/gcc-arm-none-eabi-10.3/bin/../lib/gcc/arm-none-eabi/10.3.1/../../../../arm-none-eabi/lib/thumb/v7e-m+dp/hard\libc_nano.a(lib_a-findfp.o) (__sread)
[...]
Memory Configuration

Name             Origin             Length             Attributes
DTCMRAM          0x20000000         0x00020000         xrw
RAM_D1           0x24000000         0x00080000         xrw
RAM_D2           0x30000000         0x00048000         xrw
RAM_D3           0x38000000         0x00010000         xrw
ITCMRAM          0x00000000         0x00010000         xrw
FLASH            0x08000000         0x00200000         xr
*default*        0x00000000         0xffffffff

Linker script and memory map

LOAD d:/l/program/gcc-arm-none-eabi-10.3/bin/../lib/gcc/arm-none-eabi/10.3.1/thumb/v7e-m+dp/hard/crti.o
LOAD d:/l/program/gcc-arm-none-eabi-10.3/bin/../lib/gcc/arm-none-eabi/10.3.1/thumb/v7e-m+dp/hard/crtbegin.o
LOAD d:/l/program/gcc-arm-none-eabi-10.3/bin/../lib/gcc/arm-none-eabi/10.3.1/../../../../arm-none-eabi/lib/thumb/v7e-m+dp/hard/crt0.o
LOAD build/main.o
LOAD build/stm32h7xx_it.o
LOAD build/stm32h7xx_hal_msp.o
LOAD build/stm32h7xx_hal_cortex.o
LOAD build/stm32h7xx_hal_eth.o
LOAD build/stm32h7xx_hal_eth_ex.o
LOAD build/stm32h7xx_hal_rcc.o
LOAD build/stm32h7xx_hal_rcc_ex.o
LOAD build/stm32h7xx_hal_flash.o
LOAD build/stm32h7xx_hal_flash_ex.o
LOAD build/stm32h7xx_hal_gpio.o
LOAD build/stm32h7xx_hal_hsem.o
LOAD build/stm32h7xx_hal_dma.o
LOAD build/stm32h7xx_hal_dma_ex.o
LOAD build/stm32h7xx_hal_mdma.o
LOAD build/stm32h7xx_hal_pwr.o
LOAD build/stm32h7xx_hal_pwr_ex.o
LOAD build/stm32h7xx_hal.o
LOAD build/stm32h7xx_hal_i2c.o
LOAD build/stm32h7xx_hal_i2c_ex.o
LOAD build/stm32h7xx_hal_exti.o
LOAD build/stm32h7xx_hal_tim.o
LOAD build/stm32h7xx_hal_tim_ex.o
LOAD build/stm32h7xx_hal_uart.o
LOAD build/stm32h7xx_hal_uart_ex.o
LOAD build/stm32h7xx_hal_pcd.o
LOAD build/stm32h7xx_hal_pcd_ex.o
LOAD build/stm32h7xx_ll_usb.o
LOAD build/system_stm32h7xx.o
LOAD build/stm32h7xx_hal_dcmi.o
LOAD build/stm32h7xx_hal_lptim.o
LOAD build/OV7670.o
LOAD build/convolution.o
LOAD build/startup_stm32h743xx.o
LOAD d:/l/program/gcc-arm-none-eabi-10.3/bin/../lib/gcc/arm-none-eabi/10.3.1/../../../../arm-none-eabi/lib/thumb/v7e-m+dp/hard\libc_nano.a
LOAD d:/l/program/gcc-arm-none-eabi-10.3/bin/../lib/gcc/arm-none-eabi/10.3.1/../../../../arm-none-eabi/lib/thumb/v7e-m+dp/hard\libm.a
LOAD d:/l/program/gcc-arm-none-eabi-10.3/bin/../lib/gcc/arm-none-eabi/10.3.1/../../../../arm-none-eabi/lib/thumb/v7e-m+dp/hard\libnosys.a
START GROUP
LOAD d:/l/program/gcc-arm-none-eabi-10.3/bin/../lib/gcc/arm-none-eabi/10.3.1/thumb/v7e-m+dp/hard\libgcc.a
LOAD d:/l/program/gcc-arm-none-eabi-10.3/bin/../lib/gcc/arm-none-eabi/10.3.1/../../../../arm-none-eabi/lib/thumb/v7e-m+dp/hard\libc_nano.a
END GROUP
START GROUP
LOAD d:/l/program/gcc-arm-none-eabi-10.3/bin/../lib/gcc/arm-none-eabi/10.3.1/thumb/v7e-m+dp/hard\libgcc.a
LOAD d:/l/program/gcc-arm-none-eabi-10.3/bin/../lib/gcc/arm-none-eabi/10.3.1/../../../../arm-none-eabi/lib/thumb/v7e-m+dp/hard\libc_nano.a
END GROUP
LOAD d:/l/program/gcc-arm-none-eabi-10.3/bin/../lib/gcc/arm-none-eabi/10.3.1/thumb/v7e-m+dp/hard/crtend.o
LOAD d:/l/program/gcc-arm-none-eabi-10.3/bin/../lib/gcc/arm-none-eabi/10.3.1/thumb/v7e-m+dp/hard/crtn.o
                0x20020000                _estack = (ORIGIN (DTCMRAM) + LENGTH (DTCMRAM))
                0x00000200                _Min_Heap_Size = 0x200
                0x00000400                _Min_Stack_Size = 0x400

.isr_vector     0x08000000      0x298
                0x08000000                . = ALIGN (0x4)
 *(.isr_vector)
 .isr_vector    0x08000000      0x298 build/startup_stm32h743xx.o
                0x08000000                g_pfnVectors
                0x08000298                . = ALIGN (0x4)

.text           0x08000298     0x7a60
                0x08000298                . = ALIGN (0x4)
 *(.text)
 .text          0x08000298       0x40 d:/l/program/gcc-arm-none-eabi-10.3/bin/../lib/gcc/arm-none-eabi/10.3.1/thumb/v7e-m+dp/hard/crtbegin.o
 .text          0x080002d8       0x30 d:/l/program/gcc-arm-none-eabi-10.3/bin/../lib/gcc/arm-none-eabi/10.3.1/thumb/v7e-m+dp/hard\libgcc.a(_aeabi_uldivmod.o)
                0x080002d8                __aeabi_uldivmod
 .text          0x08000308      0x2d0 d:/l/program/gcc-arm-none-eabi-10.3/bin/../lib/gcc/arm-none-eabi/10.3.1/thumb/v7e-m+dp/hard\libgcc.a(_udivmoddi4.o)
                0x08000308                __udivmoddi4
 .text          0x080005d8        0x4 d:/l/program/gcc-arm-none-eabi-10.3/bin/../lib/gcc/arm-none-eabi/10.3.1/thumb/v7e-m+dp/hard\libgcc.a(_dvmd_tls.o)
                0x080005d8                __aeabi_idiv0
                0x080005d8                __aeabi_ldiv0
 *(.text*)
 .text.MX_GPIO_Init
                0x080005dc      0x140 build/main.o
 .text.MX_DMA_Init
                0x0800071c       0x48 build/main.o
 .text.Error_Handler
                0x08000764        0x4 build/main.o
                0x08000764                Error_Handler
 .text.MX_USB_OTG_FS_PCD_Init
                0x08000768       0x38 build/main.o
 .text.MX_DCMI_Init
                0x080007a0       0x38 build/main.o
 .text.MX_LPTIM1_Init
                0x080007d8       0x34 build/main.o
 .text.MX_ETH_Init
                0x0800080c       0x6c build/main.o
 .text.MX_USART3_UART_Init
                0x08000878       0x60 build/main.o
 .text.MX_I2C1_Init
                0x080008d8       0x58 build/main.o
 .text.SystemClock_Config
                0x08000930       0xc4 build/main.o
                0x08000930                SystemClock_Config
 .text.main     0x080009f4       0xc0 build/main.o
                0x080009f4                main
 .text.NMI_Handler
                0x08000ab4        0x2 build/stm32h7xx_it.o
                0x08000ab4                NMI_Handler
 .text.HardFault_Handler
                0x08000ab6        0x2 build/stm32h7xx_it.o
                0x08000ab6                HardFault_Handler
 .text.MemManage_Handler
                0x08000ab8        0x2 build/stm32h7xx_it.o
                0x08000ab8                MemManage_Handler
 .text.BusFault_Handler
                0x08000aba        0x2 build/stm32h7xx_it.o
                0x08000aba                BusFault_Handler
 .text.UsageFault_Handler
                0x08000abc        0x2 build/stm32h7xx_it.o
                0x08000abc                UsageFault_Handler
 .text.SVC_Handler
                0x08000abe        0x2 build/stm32h7xx_it.o
                0x08000abe                SVC_Handler
 .text.DebugMon_Handler
                0x08000ac0        0x2 build/stm32h7xx_it.o
                0x08000ac0                DebugMon_Handler
 .text.PendSV_Handler
                0x08000ac2        0x2 build/stm32h7xx_it.o
                0x08000ac2                PendSV_Handler
 .text.SysTick_Handler
                0x08000ac4        0x8 build/stm32h7xx_it.o
                0x08000ac4                SysTick_Handler
 .text.DMA1_Stream0_IRQHandler
                0x08000acc       0x10 build/stm32h7xx_it.o
                0x08000acc                DMA1_Stream0_IRQHandler
 .text.DMAMUX1_OVR_IRQHandler
                0x08000adc       0x10 build/stm32h7xx_it.o
                0x08000adc                DMAMUX1_OVR_IRQHandler
 .text.HAL_MspInit
                0x08000aec       0x24 build/stm32h7xx_hal_msp.o
                0x08000aec                HAL_MspInit
 .text.HAL_DCMI_MspInit
                0x08000b10      0x1a8 build/stm32h7xx_hal_msp.o
                0x08000b10                HAL_DCMI_MspInit
 .text.HAL_ETH_MspInit
                0x08000cb8      0x138 build/stm32h7xx_hal_msp.o
                0x08000cb8                HAL_ETH_MspInit
 .text.HAL_I2C_MspInit
                0x08000df0       0x98 build/stm32h7xx_hal_msp.o
                0x08000df0                HAL_I2C_MspInit
 .text.HAL_LPTIM_MspInit
                0x08000e88       0x58 build/stm32h7xx_hal_msp.o
                0x08000e88                HAL_LPTIM_MspInit
 .text.HAL_UART_MspInit
                0x08000ee0       0x98 build/stm32h7xx_hal_msp.o
                0x08000ee0                HAL_UART_MspInit
 .text.HAL_PCD_MspInit
                0x08000f78       0xbc build/stm32h7xx_hal_msp.o
                0x08000f78                HAL_PCD_MspInit
 .text.HAL_NVIC_SetPriorityGrouping
                0x08001034       0x24 build/stm32h7xx_hal_cortex.o
                0x08001034                HAL_NVIC_SetPriorityGrouping
 .text.HAL_NVIC_SetPriority
                0x08001058       0x6c build/stm32h7xx_hal_cortex.o
                0x08001058                HAL_NVIC_SetPriority
 .text.HAL_NVIC_EnableIRQ
                0x080010c4       0x1c build/stm32h7xx_hal_cortex.o
                0x080010c4                HAL_NVIC_EnableIRQ
 .text.HAL_SYSTICK_Config
                0x080010e0       0x28 build/stm32h7xx_hal_cortex.o
                0x080010e0                HAL_SYSTICK_Config
 .text.ETH_SetMACConfig
                0x08001108      0x1b0 build/stm32h7xx_hal_eth.o
 .text.ETH_SetDMAConfig
                0x080012b8       0xb0 build/stm32h7xx_hal_eth.o
 .text.ETH_MACDMAConfig
                0x08001368       0xdc build/stm32h7xx_hal_eth.o
 .text.ETH_DMATxDescListInit
                0x08001444       0x5a build/stm32h7xx_hal_eth.o
 .text.ETH_DMARxDescListInit
                0x0800149e       0x6c build/stm32h7xx_hal_eth.o
 *fill*         0x0800150a        0x2 
 .text.HAL_ETH_SetMDIOClockRange
                0x0800150c       0x78 build/stm32h7xx_hal_eth.o
                0x0800150c                HAL_ETH_SetMDIOClockRange
 .text.HAL_ETH_Init
                0x08001584      0x14c build/stm32h7xx_hal_eth.o
                0x08001584                HAL_ETH_Init
 .text.HAL_RCC_OscConfig
                0x080016d0      0x6b4 build/stm32h7xx_hal_rcc.o
                0x080016d0                HAL_RCC_OscConfig
 .text.HAL_RCC_GetSysClockFreq
                0x08001d84      0x1f4 build/stm32h7xx_hal_rcc.o
                0x08001d84                HAL_RCC_GetSysClockFreq
 .text.HAL_RCC_ClockConfig
                0x08001f78      0x294 build/stm32h7xx_hal_rcc.o
                0x08001f78                HAL_RCC_ClockConfig
 .text.HAL_RCC_GetHCLKFreq
                0x0800220c       0x44 build/stm32h7xx_hal_rcc.o
                0x0800220c                HAL_RCC_GetHCLKFreq
 .text.HAL_RCC_GetPCLK1Freq
                0x08002250       0x24 build/stm32h7xx_hal_rcc.o
                0x08002250                HAL_RCC_GetPCLK1Freq
 .text.HAL_RCC_GetPCLK2Freq
                0x08002274       0x24 build/stm32h7xx_hal_rcc.o
                0x08002274                HAL_RCC_GetPCLK2Freq
 .text.RCCEx_PLL2_Config
                0x08002298      0x10c build/stm32h7xx_hal_rcc_ex.o
 .text.RCCEx_PLL3_Config
                0x080023a4      0x10c build/stm32h7xx_hal_rcc_ex.o
 .text.HAL_RCCEx_PeriphCLKConfig
                0x080024b0      0xa8c build/stm32h7xx_hal_rcc_ex.o
                0x080024b0                HAL_RCCEx_PeriphCLKConfig
 .text.HAL_RCCEx_GetD3PCLK1Freq
                0x08002f3c       0x24 build/stm32h7xx_hal_rcc_ex.o
                0x08002f3c                HAL_RCCEx_GetD3PCLK1Freq
 .text.HAL_RCCEx_GetPLL2ClockFreq
                0x08002f60      0x1f8 build/stm32h7xx_hal_rcc_ex.o
                0x08002f60                HAL_RCCEx_GetPLL2ClockFreq
 .text.HAL_RCCEx_GetPLL3ClockFreq
                0x08003158      0x1f8 build/stm32h7xx_hal_rcc_ex.o
                0x08003158                HAL_RCCEx_GetPLL3ClockFreq
 .text.HAL_GPIO_Init
                0x08003350      0x220 build/stm32h7xx_hal_gpio.o
                0x08003350                HAL_GPIO_Init
 .text.HAL_GPIO_WritePin
                0x08003570        0xc build/stm32h7xx_hal_gpio.o
                0x08003570                HAL_GPIO_WritePin
 .text.DMA_SetConfig
                0x0800357c      0x1b4 build/stm32h7xx_hal_dma.o
 .text.DMA_CalcBaseAndBitshift
                0x08003730       0xb4 build/stm32h7xx_hal_dma.o
 .text.DMA_CheckFifoParam
                0x080037e4       0x92 build/stm32h7xx_hal_dma.o
 *fill*         0x08003876        0x2 
 .text.DMA_CalcDMAMUXChannelBaseAndMask
                0x08003878       0xb0 build/stm32h7xx_hal_dma.o
 .text.DMA_CalcDMAMUXRequestGenBaseAndMask
                0x08003928       0x7c build/stm32h7xx_hal_dma.o
 .text.HAL_DMA_Init
                0x080039a4      0x3a4 build/stm32h7xx_hal_dma.o
                0x080039a4                HAL_DMA_Init
 .text.HAL_DMA_Start_IT
                0x08003d48      0x298 build/stm32h7xx_hal_dma.o
                0x08003d48                HAL_DMA_Start_IT
 .text.HAL_DMA_Abort
                0x08003fe0      0x340 build/stm32h7xx_hal_dma.o
                0x08003fe0                HAL_DMA_Abort
 .text.HAL_DMA_IRQHandler
                0x08004320      0x738 build/stm32h7xx_hal_dma.o
                0x08004320                HAL_DMA_IRQHandler
 .text.DMA_MultiBufferSetConfig
                0x08004a58       0xa8 build/stm32h7xx_hal_dma_ex.o
 .text.HAL_DMAEx_MultiBufferStart_IT
                0x08004b00      0x398 build/stm32h7xx_hal_dma_ex.o
                0x08004b00                HAL_DMAEx_MultiBufferStart_IT
 .text.HAL_DMAEx_ChangeMemory
                0x08004e98       0x88 build/stm32h7xx_hal_dma_ex.o
                0x08004e98                HAL_DMAEx_ChangeMemory
 .text.HAL_DMAEx_ConfigMuxSync
                0x08004f20       0x70 build/stm32h7xx_hal_dma_ex.o
                0x08004f20                HAL_DMAEx_ConfigMuxSync
 .text.HAL_DMAEx_MUX_IRQHandler
                0x08004f90       0x5a build/stm32h7xx_hal_dma_ex.o
                0x08004f90                HAL_DMAEx_MUX_IRQHandler
 *fill*         0x08004fea        0x2 
 .text.HAL_PWREx_ConfigSupply
                0x08004fec       0x54 build/stm32h7xx_hal_pwr_ex.o
                0x08004fec                HAL_PWREx_ConfigSupply
 .text.HAL_PWREx_EnableUSBVoltageDetector
                0x08005040       0x10 build/stm32h7xx_hal_pwr_ex.o
                0x08005040                HAL_PWREx_EnableUSBVoltageDetector
 .text.HAL_InitTick
                0x08005050       0x50 build/stm32h7xx_hal.o
                0x08005050                HAL_InitTick
 .text.HAL_Init
                0x080050a0       0x5c build/stm32h7xx_hal.o
                0x080050a0                HAL_Init
 .text.HAL_IncTick
                0x080050fc       0x18 build/stm32h7xx_hal.o
                0x080050fc                HAL_IncTick
 .text.HAL_GetTick
                0x08005114        0xc build/stm32h7xx_hal.o
                0x08005114                HAL_GetTick
 .text.HAL_Delay
                0x08005120       0x28 build/stm32h7xx_hal.o
                0x08005120                HAL_Delay
 .text.HAL_GetREVID
                0x08005148        0xc build/stm32h7xx_hal.o
                0x08005148                HAL_GetREVID
 .text.HAL_SYSCFG_ETHInterfaceSelect
                0x08005154       0x14 build/stm32h7xx_hal.o
                0x08005154                HAL_SYSCFG_ETHInterfaceSelect
 .text.I2C_Flush_TXDR
                0x08005168       0x22 build/stm32h7xx_hal_i2c.o
 .text.I2C_TransferConfig
                0x0800518a       0x3c build/stm32h7xx_hal_i2c.o
 .text.I2C_IsErrorOccurred
                0x080051c6      0x118 build/stm32h7xx_hal_i2c.o
 .text.I2C_WaitOnTXISFlagUntilTimeout
                0x080052de       0x60 build/stm32h7xx_hal_i2c.o
 .text.I2C_WaitOnFlagUntilTimeout
                0x0800533e       0x6e build/stm32h7xx_hal_i2c.o
 .text.I2C_WaitOnSTOPFlagUntilTimeout
                0x080053ac       0x5e build/stm32h7xx_hal_i2c.o
 .text.I2C_WaitOnRXNEFlagUntilTimeout
                0x0800540a       0xba build/stm32h7xx_hal_i2c.o
 .text.HAL_I2C_Init
                0x080054c4       0xbc build/stm32h7xx_hal_i2c.o
                0x080054c4                HAL_I2C_Init
 .text.HAL_I2C_Master_Transmit
                0x08005580      0x17c build/stm32h7xx_hal_i2c.o
                0x08005580                HAL_I2C_Master_Transmit
 .text.HAL_I2C_Master_Receive
                0x080056fc      0x17c build/stm32h7xx_hal_i2c.o
                0x080056fc                HAL_I2C_Master_Receive
 .text.HAL_I2CEx_ConfigAnalogFilter
                0x08005878       0x5c build/stm32h7xx_hal_i2c_ex.o
                0x08005878                HAL_I2CEx_ConfigAnalogFilter
 .text.HAL_I2CEx_ConfigDigitalFilter
                0x080058d4       0x58 build/stm32h7xx_hal_i2c_ex.o
                0x080058d4                HAL_I2CEx_ConfigDigitalFilter
 .text.UART_EndRxTransfer
                0x0800592c       0x58 build/stm32h7xx_hal_uart.o
 .text.UART_SetConfig
                0x08005984      0x5f4 build/stm32h7xx_hal_uart.o
                0x08005984                UART_SetConfig
 .text.UART_AdvFeatureConfig
                0x08005f78       0xca build/stm32h7xx_hal_uart.o
                0x08005f78                UART_AdvFeatureConfig
 .text.UART_WaitOnFlagUntilTimeout
                0x08006042       0x9a build/stm32h7xx_hal_uart.o
                0x08006042                UART_WaitOnFlagUntilTimeout
 .text.HAL_UART_Transmit
                0x080060dc       0xd0 build/stm32h7xx_hal_uart.o
                0x080060dc                HAL_UART_Transmit
 .text.UART_CheckIdleState
                0x080061ac       0xca build/stm32h7xx_hal_uart.o
                0x080061ac                UART_CheckIdleState
 .text.HAL_UART_Init
                0x08006276       0x66 build/stm32h7xx_hal_uart.o
                0x08006276                HAL_UART_Init
 .text.UARTEx_SetNbDataToProcess
                0x080062dc       0x4c build/stm32h7xx_hal_uart_ex.o
 .text.HAL_UARTEx_DisableFifoMode
                0x08006328       0x3e build/stm32h7xx_hal_uart_ex.o
                0x08006328                HAL_UARTEx_DisableFifoMode
 .text.HAL_UARTEx_SetTxFifoThreshold
                0x08006366       0x4a build/stm32h7xx_hal_uart_ex.o
                0x08006366                HAL_UARTEx_SetTxFifoThreshold
 .text.HAL_UARTEx_SetRxFifoThreshold
                0x080063b0       0x4a build/stm32h7xx_hal_uart_ex.o
                0x080063b0                HAL_UARTEx_SetRxFifoThreshold
 .text.HAL_PCD_Init
                0x080063fa      0x13c build/stm32h7xx_hal_pcd.o
                0x080063fa                HAL_PCD_Init
 *fill*         0x08006536        0x2 
 .text.HAL_PCDEx_ActivateLPM
                0x08006538       0x28 build/stm32h7xx_hal_pcd_ex.o
                0x08006538                HAL_PCDEx_ActivateLPM
 .text.USB_CoreReset
                0x08006560       0x50 build/stm32h7xx_ll_usb.o
 .text.USB_CoreInit
                0x080065b0       0x9c build/stm32h7xx_ll_usb.o
                0x080065b0                USB_CoreInit
 .text.USB_DisableGlobalInt
                0x0800664c        0xc build/stm32h7xx_ll_usb.o
                0x0800664c                USB_DisableGlobalInt
 .text.USB_FlushTxFifo
                0x08006658       0x50 build/stm32h7xx_ll_usb.o
                0x08006658                USB_FlushTxFifo
 .text.USB_FlushRxFifo
                0x080066a8       0x4c build/stm32h7xx_ll_usb.o
                0x080066a8                USB_FlushRxFifo
 .text.USB_SetDevSpeed
                0x080066f4        0xe build/stm32h7xx_ll_usb.o
                0x080066f4                USB_SetDevSpeed
 *fill*         0x08006702        0x2 
 .text.USB_DevInit
                0x08006704      0x188 build/stm32h7xx_ll_usb.o
                0x08006704                USB_DevInit
 .text.USB_DevDisconnect
                0x0800688c       0x1c build/stm32h7xx_ll_usb.o
                0x0800688c                USB_DevDisconnect
 .text.USB_GetMode
                0x080068a8        0x8 build/stm32h7xx_ll_usb.o
                0x080068a8                USB_GetMode
 .text.USB_SetCurrentMode
                0x080068b0       0x62 build/stm32h7xx_ll_usb.o
                0x080068b0                USB_SetCurrentMode
 *fill*         0x08006912        0x2 
 .text.SystemInit
                0x08006914       0xcc build/system_stm32h7xx.o
                0x08006914                SystemInit
 .text.DCMI_DMAXferCplt
                0x080069e0       0xa0 build/stm32h7xx_hal_dcmi.o
 .text.HAL_DCMI_Init
                0x08006a80       0xa0 build/stm32h7xx_hal_dcmi.o
                0x08006a80                HAL_DCMI_Init
 .text.HAL_DCMI_Start_DMA
                0x08006b20       0xec build/stm32h7xx_hal_dcmi.o
                0x08006b20                HAL_DCMI_Start_DMA
 .text.HAL_DCMI_Stop
                0x08006c0c       0x84 build/stm32h7xx_hal_dcmi.o
                0x08006c0c                HAL_DCMI_Stop
 .text.HAL_DCMI_ErrorCallback
                0x08006c90        0x2 build/stm32h7xx_hal_dcmi.o
                0x08006c90                HAL_DCMI_ErrorCallback
 .text.DCMI_DMAError
                0x08006c92       0x20 build/stm32h7xx_hal_dcmi.o
 *fill*         0x08006cb2        0x2 
 .text.LPTIM_WaitForFlag
                0x08006cb4       0x3c build/stm32h7xx_hal_lptim.o
 .text.HAL_LPTIM_Init
                0x08006cf0       0xd0 build/stm32h7xx_hal_lptim.o
                0x08006cf0                HAL_LPTIM_Init
 .text.HAL_LPTIM_PWM_Start
                0x08006dc0       0x5c build/stm32h7xx_hal_lptim.o
                0x08006dc0                HAL_LPTIM_PWM_Start
 .text.HAL_LPTIM_GetState
                0x08006e1c        0x6 build/stm32h7xx_hal_lptim.o
                0x08006e1c                HAL_LPTIM_GetState
 *fill*         0x08006e22        0x2 
 .text.LPTIM_Disable
                0x08006e24      0x298 build/stm32h7xx_hal_lptim.o
                0x08006e24                LPTIM_Disable
 .text.HAL_LPTIM_PWM_Stop
                0x080070bc       0x22 build/stm32h7xx_hal_lptim.o
                0x080070bc                HAL_LPTIM_PWM_Stop
 *fill*         0x080070de        0x2 
 .text.OV7670_Init
                0x080070e0       0x28 build/OV7670.o
                0x080070e0                OV7670_Init
 .text.OV7670_Power
                0x08007108       0x28 build/OV7670.o
                0x08007108                OV7670_Power
 .text.OV7670_ResetHW
                0x08007130       0x2c build/OV7670.o
                0x08007130                OV7670_ResetHW
 .text.OV7670_XCLK
                0x0800715c       0x20 build/OV7670.o
                0x0800715c                OV7670_XCLK
 .text.OV7670_WriteSCCB
                0x0800717c       0x2c build/OV7670.o
                0x0800717c                OV7670_WriteSCCB
 .text.OV7670_ReadSCCB
                0x080071a8       0x38 build/OV7670.o
                0x080071a8                OV7670_ReadSCCB
 .text.OV7670_Start
                0x080071e0       0x68 build/OV7670.o
                0x080071e0                OV7670_Start
 .text.OV7670_Stop
                0x08007248       0x10 build/OV7670.o
                0x08007248                OV7670_Stop
 .text.OV7670_Config
                0x08007258       0x24 build/OV7670.o
                0x08007258                OV7670_Config
 .text.OV7670_ResetSW
                0x0800727c       0x24 build/OV7670.o
                0x0800727c                OV7670_ResetSW
 .text.OV7670_SetBrightness
                0x080072a0       0x18 build/OV7670.o
                0x080072a0                OV7670_SetBrightness
 .text.OV7670_SetContrast
                0x080072b8        0xc build/OV7670.o
                0x080072b8                OV7670_SetContrast
 .text.OV7670_SetSaturation
                0x080072c4       0x84 build/OV7670.o
                0x080072c4                OV7670_SetSaturation
 .text.OV7670_SetColorFormat
                0x08007348       0x84 build/OV7670.o
                0x08007348                OV7670_SetColorFormat
 .text.OV7670_AutoExposureMode
                0x080073cc       0x3a build/OV7670.o
                0x080073cc                OV7670_AutoExposureMode
 .text.OV7670_SetAECAlgorithm
                0x08007406       0x3a build/OV7670.o
                0x08007406                OV7670_SetAECAlgorithm
 .text.OV7670_SetExposureTime
                0x08007440       0x22 build/OV7670.o
                0x08007440                OV7670_SetExposureTime
 .text.OV7670_SetGainCeiling
                0x08007462       0x32 build/OV7670.o
                0x08007462                OV7670_SetGainCeiling
 .text.OV7670_AutoGainMode
                0x08007494       0x3a build/OV7670.o
                0x08007494                OV7670_AutoGainMode
 .text.OV7670_SetGain
                0x080074ce       0xe0 build/OV7670.o
                0x080074ce                OV7670_SetGain
 .text.OV7670_AutoWhiteBalanceMode
                0x080075ae       0x3a build/OV7670.o
                0x080075ae                OV7670_AutoWhiteBalanceMode
 .text.OV7670_SetChannelsGain
                0x080075e8       0x20 build/OV7670.o
                0x080075e8                OV7670_SetChannelsGain
 .text.OV7670_ShowColorBar
                0x08007608       0x3a build/OV7670.o
                0x08007608                OV7670_ShowColorBar
 .text.OV7670_FlipHorizontal
                0x08007642       0x3a build/OV7670.o
                0x08007642                OV7670_FlipHorizontal
 .text.OV7670_FlipVertical
                0x0800767c       0x3a build/OV7670.o
                0x0800767c                OV7670_FlipVertical
 .text.OV7670_NightMode
                0x080076b6       0x46 build/OV7670.o
                0x080076b6                OV7670_NightMode
 .text.OV7670_AutoSharpness
                0x080076fc       0x3a build/OV7670.o
                0x080076fc                OV7670_AutoSharpness
 .text.OV7670_SetSharpness
                0x08007736       0x2e build/OV7670.o
                0x08007736                OV7670_SetSharpness
 .text.OV7670_AutoDeNoise
                0x08007764       0x3a build/OV7670.o
                0x08007764                OV7670_AutoDeNoise
 .text.OV7670_SetDeNoiseStrength
                0x0800779e        0xc build/OV7670.o
                0x0800779e                OV7670_SetDeNoiseStrength
 .text.OV7670_BandingFilter
                0x080077aa       0x8e build/OV7670.o
                0x080077aa                OV7670_BandingFilter
 .text.OV7670_SpecialEffect
                0x08007838       0xf4 build/OV7670.o
                0x08007838                OV7670_SpecialEffect
 .text.OV7670_SetFrameRate
                0x0800792c       0x26 build/OV7670.o
                0x0800792c                OV7670_SetFrameRate
 .text.OV7670_PowerDown
                0x08007952       0x10 build/OV7670.o
                0x08007952                OV7670_PowerDown
 .text.OV7670_PowerUp
                0x08007962       0x18 build/OV7670.o
                0x08007962                OV7670_PowerUp
 .text.OV7670_SetFrameControl
                0x0800797a       0x58 build/OV7670.o
                0x0800797a                OV7670_SetFrameControl
 *fill*         0x080079d2        0x2 
 .text.OV7670_SetResolution
                0x080079d4      0x134 build/OV7670.o
                0x080079d4                OV7670_SetResolution
 .text.OV7670_UpdateSettings
                0x08007b08      0x10c build/OV7670.o
                0x08007b08                OV7670_UpdateSettings
 .text.OV7670_getImageInfo
                0x08007c14       0x20 build/OV7670.o
                0x08007c14                OV7670_getImageInfo
 .text.Reset_Handler
                0x08007c34       0x50 build/startup_stm32h743xx.o
                0x08007c34                Reset_Handler
 .text.Default_Handler
                0x08007c84        0x2 build/startup_stm32h743xx.o
                0x08007c84                RTC_Alarm_IRQHandler
                0x08007c84                EXTI2_IRQHandler
                0x08007c84                TIM8_CC_IRQHandler
                0x08007c84                HRTIM1_Master_IRQHandler
                0x08007c84                UART8_IRQHandler
                0x08007c84                SPI4_IRQHandler
                0x08007c84                TIM1_CC_IRQHandler
                0x08007c84                BDMA_Channel6_IRQHandler
                0x08007c84                DMA2_Stream5_IRQHandler
                0x08007c84                HRTIM1_FLT_IRQHandler
                0x08007c84                JPEG_IRQHandler
                0x08007c84                DMA1_Stream5_IRQHandler
                0x08007c84                BDMA_Channel1_IRQHandler
                0x08007c84                HRTIM1_TIMD_IRQHandler
                0x08007c84                TAMP_STAMP_IRQHandler
                0x08007c84                EXTI3_IRQHandler
                0x08007c84                LPTIM4_IRQHandler
                0x08007c84                TIM8_TRG_COM_TIM14_IRQHandler
                0x08007c84                LPTIM2_IRQHandler
                0x08007c84                DFSDM1_FLT1_IRQHandler
                0x08007c84                DMAMUX2_OVR_IRQHandler
                0x08007c84                TIM8_UP_TIM13_IRQHandler
                0x08007c84                I2C3_ER_IRQHandler
                0x08007c84                DFSDM1_FLT2_IRQHandler
                0x08007c84                MDMA_IRQHandler
                0x08007c84                LPTIM3_IRQHandler
                0x08007c84                HSEM1_IRQHandler
                0x08007c84                EXTI0_IRQHandler
                0x08007c84                I2C2_EV_IRQHandler
                0x08007c84                DMA1_Stream2_IRQHandler
                0x08007c84                FPU_IRQHandler
                0x08007c84                OTG_HS_WKUP_IRQHandler
                0x08007c84                FDCAN1_IT1_IRQHandler
                0x08007c84                LTDC_ER_IRQHandler
                0x08007c84                DMA2_Stream2_IRQHandler
                0x08007c84                HRTIM1_TIME_IRQHandler
                0x08007c84                SPI1_IRQHandler
                0x08007c84                TIM6_DAC_IRQHandler
                0x08007c84                DCMI_IRQHandler
                0x08007c84                HRTIM1_TIMC_IRQHandler
                0x08007c84                DMA2_Stream3_IRQHandler
                0x08007c84                SAI2_IRQHandler
                0x08007c84                DFSDM1_FLT3_IRQHandler
                0x08007c84                USART6_IRQHandler
                0x08007c84                TIM17_IRQHandler
                0x08007c84                USART3_IRQHandler
                0x08007c84                BDMA_Channel7_IRQHandler
                0x08007c84                LPTIM5_IRQHandler
                0x08007c84                UART5_IRQHandler
                0x08007c84                ADC3_IRQHandler
                0x08007c84                DMA2_Stream0_IRQHandler
                0x08007c84                TIM4_IRQHandler
                0x08007c84                BDMA_Channel2_IRQHandler
                0x08007c84                QUADSPI_IRQHandler
                0x08007c84                I2C1_EV_IRQHandler
                0x08007c84                DMA1_Stream6_IRQHandler
                0x08007c84                DMA1_Stream1_IRQHandler
                0x08007c84                TIM16_IRQHandler
                0x08007c84                UART4_IRQHandler
                0x08007c84                BDMA_Channel5_IRQHandler
                0x08007c84                TIM3_IRQHandler
                0x08007c84                RCC_IRQHandler
                0x08007c84                TIM8_BRK_TIM12_IRQHandler
                0x08007c84                TIM1_TRG_COM_IRQHandler
                0x08007c84                Default_Handler
                0x08007c84                ECC_IRQHandler
                0x08007c84                CEC_IRQHandler
                0x08007c84                EXTI15_10_IRQHandler
                0x08007c84                BDMA_Channel0_IRQHandler
                0x08007c84                ADC_IRQHandler
                0x08007c84                DMA1_Stream7_IRQHandler
                0x08007c84                HRTIM1_TIMA_IRQHandler
                0x08007c84                SPI5_IRQHandler
                0x08007c84                TIM7_IRQHandler
                0x08007c84                SDMMC1_IRQHandler
                0x08007c84                TIM5_IRQHandler
                0x08007c84                DMA2_Stream7_IRQHandler
                0x08007c84                TIM15_IRQHandler
                0x08007c84                PVD_AVD_IRQHandler
                0x08007c84                I2C3_EV_IRQHandler
                0x08007c84                EXTI9_5_IRQHandler
                0x08007c84                RTC_WKUP_IRQHandler
                0x08007c84                LTDC_IRQHandler
                0x08007c84                SAI3_IRQHandler
                0x08007c84                ETH_WKUP_IRQHandler
                0x08007c84                SPDIF_RX_IRQHandler
                0x08007c84                SPI2_IRQHandler
                0x08007c84                OTG_HS_EP1_IN_IRQHandler
                0x08007c84                CRS_IRQHandler
                0x08007c84                EXTI4_IRQHandler
                0x08007c84                RNG_IRQHandler
                0x08007c84                HRTIM1_TIMB_IRQHandler
                0x08007c84                FDCAN2_IT1_IRQHandler
                0x08007c84                ETH_IRQHandler
                0x08007c84                TIM1_UP_IRQHandler
                0x08007c84                BDMA_Channel4_IRQHandler
                0x08007c84                OTG_HS_EP1_OUT_IRQHandler
                0x08007c84                WWDG_IRQHandler
                0x08007c84                SPI6_IRQHandler
                0x08007c84                MDIOS_IRQHandler
                0x08007c84                I2C4_EV_IRQHandler
                0x08007c84                FDCAN2_IT0_IRQHandler
                0x08007c84                LPUART1_IRQHandler
                0x08007c84                FDCAN1_IT0_IRQHandler
                0x08007c84                TIM2_IRQHandler
                0x08007c84                OTG_FS_WKUP_IRQHandler
                0x08007c84                OTG_HS_IRQHandler
                0x08007c84                DMA2D_IRQHandler
                0x08007c84                TIM1_BRK_IRQHandler
                0x08007c84                EXTI1_IRQHandler
                0x08007c84                SDMMC2_IRQHandler
                0x08007c84                OTG_FS_EP1_OUT_IRQHandler
                0x08007c84                BDMA_Channel3_IRQHandler
                0x08007c84                UART7_IRQHandler
                0x08007c84                MDIOS_WKUP_IRQHandler
                0x08007c84                USART2_IRQHandler
                0x08007c84                DFSDM1_FLT0_IRQHandler
                0x08007c84                SAI4_IRQHandler
                0x08007c84                I2C2_ER_IRQHandler
                0x08007c84                DMA2_Stream1_IRQHandler
                0x08007c84                FLASH_IRQHandler
                0x08007c84                DMA2_Stream4_IRQHandler
                0x08007c84                USART1_IRQHandler
                0x08007c84                OTG_FS_IRQHandler
                0x08007c84                SPI3_IRQHandler
                0x08007c84                WAKEUP_PIN_IRQHandler
                0x08007c84                DMA1_Stream4_IRQHandler
                0x08007c84                OTG_FS_EP1_IN_IRQHandler
                0x08007c84                I2C1_ER_IRQHandler
                0x08007c84                FMC_IRQHandler
                0x08007c84                FDCAN_CAL_IRQHandler
                0x08007c84                SWPMI1_IRQHandler
                0x08007c84                COMP1_IRQHandler
                0x08007c84                LPTIM1_IRQHandler
                0x08007c84                I2C4_ER_IRQHandler
                0x08007c84                DMA2_Stream6_IRQHandler
                0x08007c84                SAI1_IRQHandler
                0x08007c84                DMA1_Stream3_IRQHandler
 *fill*         0x08007c86        0x2 
 .text.__libc_init_array
                0x08007c88       0x48 d:/l/program/gcc-arm-none-eabi-10.3/bin/../lib/gcc/arm-none-eabi/10.3.1/../../../../arm-none-eabi/lib/thumb/v7e-m+dp/hard\libc_nano.a(lib_a-init.o)
                0x08007c88                __libc_init_array
 .text.memset   0x08007cd0       0x10 d:/l/program/gcc-arm-none-eabi-10.3/bin/../lib/gcc/arm-none-eabi/10.3.1/../../../../arm-none-eabi/lib/thumb/v7e-m+dp/hard\libc_nano.a(lib_a-memset.o)
                0x08007cd0                memset
 *(.glue_7)
 .glue_7        0x08007ce0        0x0 linker stubs
 *(.glue_7t)
 .glue_7t       0x08007ce0        0x0 linker stubs
 *(.eh_frame)
 .eh_frame      0x08007ce0        0x0 d:/l/program/gcc-arm-none-eabi-10.3/bin/../lib/gcc/arm-none-eabi/10.3.1/thumb/v7e-m+dp/hard/crtbegin.o
 *(.init)
 .init          0x08007ce0        0x4 d:/l/program/gcc-arm-none-eabi-10.3/bin/../lib/gcc/arm-none-eabi/10.3.1/thumb/v7e-m+dp/hard/crti.o
                0x08007ce0                _init
 .init          0x08007ce4        0x8 d:/l/program/gcc-arm-none-eabi-10.3/bin/../lib/gcc/arm-none-eabi/10.3.1/thumb/v7e-m+dp/hard/crtn.o
 *(.fini)
 .fini          0x08007cec        0x4 d:/l/program/gcc-arm-none-eabi-10.3/bin/../lib/gcc/arm-none-eabi/10.3.1/thumb/v7e-m+dp/hard/crti.o
                0x08007cec                _fini
 .fini          0x08007cf0        0x8 d:/l/program/gcc-arm-none-eabi-10.3/bin/../lib/gcc/arm-none-eabi/10.3.1/thumb/v7e-m+dp/hard/crtn.o
                0x08007cf8                . = ALIGN (0x4)
                0x08007cf8                _etext = .

.vfp11_veneer   0x08007cf8        0x0
 .vfp11_veneer  0x08007cf8        0x0 linker stubs

.v4_bx          0x08007cf8        0x0
 .v4_bx         0x08007cf8        0x0 linker stubs

.iplt           0x08007cf8        0x0
 .iplt          0x08007cf8        0x0 d:/l/program/gcc-arm-none-eabi-10.3/bin/../lib/gcc/arm-none-eabi/10.3.1/thumb/v7e-m+dp/hard/crtbegin.o

.rodata         0x08007cf8       0xe0
                0x08007cf8                . = ALIGN (0x4)
 *(.rodata)
 *(.rodata*)
 .rodata.main.str1.4
                0x08007cf8        0xb build/main.o
 *fill*         0x08007d03        0x1 
 .rodata.flagBitshiftOffset.0
                0x08007d04        0x8 build/stm32h7xx_hal_dma.o
 .rodata.UARTPrescTable
                0x08007d0c       0x18 build/stm32h7xx_hal_uart.o
                0x08007d0c                UARTPrescTable
 .rodata.denominator.0
                0x08007d24        0x8 build/stm32h7xx_hal_uart_ex.o
 .rodata.numerator.1
                0x08007d2c        0x8 build/stm32h7xx_hal_uart_ex.o
 .rodata.D1CorePrescTable
                0x08007d34       0x10 build/system_stm32h7xx.o
                0x08007d34                D1CorePrescTable
 .rodata.RES_CIF
                0x08007d44       0x10 build/OV7670.o
                0x08007d44                RES_CIF
 .rodata.RES_QCIF
                0x08007d54       0x10 build/OV7670.o
                0x08007d54                RES_QCIF
 .rodata.RES_QQCIF
                0x08007d64       0x10 build/OV7670.o
                0x08007d64                RES_QQCIF
 .rodata.RES_QQQVGA
                0x08007d74       0x10 build/OV7670.o
                0x08007d74                RES_QQQVGA
 .rodata.RES_QQVGA
                0x08007d84       0x10 build/OV7670.o
                0x08007d84                RES_QQVGA
 .rodata.RES_QVGA
                0x08007d94       0x10 build/OV7670.o
                0x08007d94                RES_QVGA
 .rodata.RES_VGA
                0x08007da4       0x10 build/OV7670.o
                0x08007da4                RES_VGA
 .rodata.defaults
                0x08007db4       0x14 build/OV7670.o
                0x08007db4                defaults
 .rodata.mtx_rgb
                0x08007dc8        0x6 build/OV7670.o
 *fill*         0x08007dce        0x2 
 .rodata.mtx_yuv
                0x08007dd0        0x6 build/OV7670.o
                0x08007dd8                . = ALIGN (0x4)
 *fill*         0x08007dd6        0x2 

.ARM.extab
 *(.ARM.extab* .gnu.linkonce.armextab.*)

.ARM            0x08007dd8        0x8
                0x08007dd8                __exidx_start = .
 *(.ARM.exidx*)
 .ARM.exidx     0x08007dd8        0x8 d:/l/program/gcc-arm-none-eabi-10.3/bin/../lib/gcc/arm-none-eabi/10.3.1/thumb/v7e-m+dp/hard\libgcc.a(_udivmoddi4.o)
                0x08007de0                __exidx_end = .

.rel.dyn        0x08007de0        0x0
 .rel.iplt      0x08007de0        0x0 d:/l/program/gcc-arm-none-eabi-10.3/bin/../lib/gcc/arm-none-eabi/10.3.1/thumb/v7e-m+dp/hard/crtbegin.o

.preinit_array  0x08007de0        0x0
                0x08007de0                PROVIDE (__preinit_array_start = .)
 *(.preinit_array*)
                0x08007de0                PROVIDE (__preinit_array_end = .)

.init_array     0x08007de0        0x4
                0x08007de0                PROVIDE (__init_array_start = .)
 *(SORT_BY_NAME(.init_array.*))
 *(.init_array*)
 .init_array    0x08007de0        0x4 d:/l/program/gcc-arm-none-eabi-10.3/bin/../lib/gcc/arm-none-eabi/10.3.1/thumb/v7e-m+dp/hard/crtbegin.o
                0x08007de4                PROVIDE (__init_array_end = .)

.fini_array     0x08007de4        0x4
                [!provide]                PROVIDE (__fini_array_start = .)
 *(SORT_BY_NAME(.fini_array.*))
 *(.fini_array*)
 .fini_array    0x08007de4        0x4 d:/l/program/gcc-arm-none-eabi-10.3/bin/../lib/gcc/arm-none-eabi/10.3.1/thumb/v7e-m+dp/hard/crtbegin.o
                [!provide]                PROVIDE (__fini_array_end = .)
                0x08007de8                _sidata = LOADADDR (.data)

.data           0x20000000       0x30 load address 0x08007de8
                0x20000000                . = ALIGN (0x4)
                0x20000000                _sdata = .
 *(.data)
 *(.data*)
 .data.OV7670_settings
                0x20000000       0x1c build/main.o
                0x20000000                OV7670_settings
 .data.uwTickFreq
                0x2000001c        0x1 build/stm32h7xx_hal.o
                0x2000001c                uwTickFreq
 *fill*         0x2000001d        0x3 
 .data.uwTickPrio
                0x20000020        0x4 build/stm32h7xx_hal.o
                0x20000020                uwTickPrio
 .data.SystemCoreClock
                0x20000024        0x4 build/system_stm32h7xx.o
                0x20000024                SystemCoreClock
 .data.SystemD2Clock
                0x20000028        0x4 build/system_stm32h7xx.o
                0x20000028                SystemD2Clock
 .data.img_height
                0x2000002c        0x2 build/OV7670.o
 .data.img_width
                0x2000002e        0x2 build/OV7670.o
                0x20000030                . = ALIGN (0x4)
                0x20000030                _edata = .

.igot.plt       0x20000030        0x0 load address 0x08007e18
 .igot.plt      0x20000030        0x0 d:/l/program/gcc-arm-none-eabi-10.3/bin/../lib/gcc/arm-none-eabi/10.3.1/thumb/v7e-m+dp/hard/crtbegin.o

.RxDecripSection
                0x20000030       0x60 load address 0x08007e18
 .RxDecripSection
                0x20000030       0x60 build/main.o
                0x20000030                DMARxDscrTab

.TxDecripSection
                0x20000090       0x60 load address 0x08007e78
 .TxDecripSection
                0x20000090       0x60 build/main.o
                0x20000090                DMATxDscrTab
                0x200000f0                . = ALIGN (0x4)

.bss            0x200000f0      0x820 load address 0x08007ed8
                0x200000f0                _sbss = .
                0x200000f0                __bss_start__ = _sbss
 *(.bss)
 .bss           0x200000f0       0x1c d:/l/program/gcc-arm-none-eabi-10.3/bin/../lib/gcc/arm-none-eabi/10.3.1/thumb/v7e-m+dp/hard/crtbegin.o
 *(.bss*)
 .bss.MACAddr.0
                0x2000010c        0x6 build/main.o
 *fill*         0x20000112        0x2 
 .bss.TxConfig  0x20000114       0x38 build/main.o
                0x20000114                TxConfig
 .bss.hdcmi     0x2000014c       0x50 build/main.o
                0x2000014c                hdcmi
 .bss.hdma_dcmi
                0x2000019c       0x78 build/main.o
                0x2000019c                hdma_dcmi
 .bss.heth      0x20000214       0xb0 build/main.o
                0x20000214                heth
 .bss.hi2c1     0x200002c4       0x54 build/main.o
                0x200002c4                hi2c1
 .bss.hlptim1   0x20000318       0x38 build/main.o
                0x20000318                hlptim1
 .bss.hpcd_USB_OTG_FS
                0x20000350      0x50c build/main.o
                0x20000350                hpcd_USB_OTG_FS
 .bss.huart3    0x2000085c       0x94 build/main.o
                0x2000085c                huart3
 .bss.uwTick    0x200008f0        0x4 build/stm32h7xx_hal.o
                0x200008f0                uwTick
 .bss.capture_mode
                0x200008f4        0x1 build/OV7670.o
 *fill*         0x200008f5        0x3 
 .bss.img_address
                0x200008f8        0x4 build/OV7670.o
 .bss.img_format
                0x200008fc        0x1 build/OV7670.o
 *fill*         0x200008fd        0x3 
 .bss.sp_hdcmi  0x20000900        0x4 build/OV7670.o
 .bss.sp_hdma_dcmi
                0x20000904        0x4 build/OV7670.o
 .bss.sp_hi2c   0x20000908        0x4 build/OV7670.o
 .bss.sp_hlptim
                0x2000090c        0x4 build/OV7670.o
 *(COMMON)
                0x20000910                . = ALIGN (0x4)
                0x20000910                _ebss = .
                0x20000910                __bss_end__ = _ebss

._user_heap_stack
                0x20000910      0x600 load address 0x08007ed8
                0x20000910                . = ALIGN (0x8)
                0x20000910                PROVIDE (end = .)
                [!provide]                PROVIDE (_end = .)
                0x20000b10                . = (. + _Min_Heap_Size)
 *fill*         0x20000910      0x200 
                0x20000f10                . = (. + _Min_Stack_Size)
 *fill*         0x20000b10      0x400 
                0x20000f10                . = ALIGN (0x8)

/DISCARD/
 libc.a(*)
 libm.a(*)
 libgcc.a(*)

.ARM.attributes
                0x00000000       0x2e
 *(.ARM.attributes)
 .ARM.attributes
                0x00000000       0x1e d:/l/program/gcc-arm-none-eabi-10.3/bin/../lib/gcc/arm-none-eabi/10.3.1/thumb/v7e-m+dp/hard/crti.o
 .ARM.attributes
                0x0000001e       0x32 d:/l/program/gcc-arm-none-eabi-10.3/bin/../lib/gcc/arm-none-eabi/10.3.1/thumb/v7e-m+dp/hard/crtbegin.o
 .ARM.attributes
                0x00000050       0x32 build/main.o
 .ARM.attributes
                0x00000082       0x32 build/stm32h7xx_it.o
 .ARM.attributes
                0x000000b4       0x32 build/stm32h7xx_hal_msp.o
 .ARM.attributes
                0x000000e6       0x32 build/stm32h7xx_hal_cortex.o
 .ARM.attributes
                0x00000118       0x32 build/stm32h7xx_hal_eth.o
 .ARM.attributes
                0x0000014a       0x32 build/stm32h7xx_hal_rcc.o
 .ARM.attributes
                0x0000017c       0x32 build/stm32h7xx_hal_rcc_ex.o
 .ARM.attributes
                0x000001ae       0x32 build/stm32h7xx_hal_gpio.o
 .ARM.attributes
                0x000001e0       0x32 build/stm32h7xx_hal_dma.o
 .ARM.attributes
                0x00000212       0x32 build/stm32h7xx_hal_dma_ex.o
 .ARM.attributes
                0x00000244       0x32 build/stm32h7xx_hal_pwr_ex.o
 .ARM.attributes
                0x00000276       0x32 build/stm32h7xx_hal.o
 .ARM.attributes
                0x000002a8       0x32 build/stm32h7xx_hal_i2c.o
 .ARM.attributes
                0x000002da       0x32 build/stm32h7xx_hal_i2c_ex.o
 .ARM.attributes
                0x0000030c       0x32 build/stm32h7xx_hal_uart.o
 .ARM.attributes
                0x0000033e       0x32 build/stm32h7xx_hal_uart_ex.o
 .ARM.attributes
                0x00000370       0x32 build/stm32h7xx_hal_pcd.o
 .ARM.attributes
                0x000003a2       0x32 build/stm32h7xx_hal_pcd_ex.o
 .ARM.attributes
                0x000003d4       0x32 build/stm32h7xx_ll_usb.o
 .ARM.attributes
                0x00000406       0x32 build/system_stm32h7xx.o
 .ARM.attributes
                0x00000438       0x32 build/stm32h7xx_hal_dcmi.o
 .ARM.attributes
                0x0000046a       0x32 build/stm32h7xx_hal_lptim.o
 .ARM.attributes
                0x0000049c       0x32 build/OV7670.o
 .ARM.attributes
                0x000004ce       0x21 build/startup_stm32h743xx.o
 .ARM.attributes
                0x000004ef       0x32 d:/l/program/gcc-arm-none-eabi-10.3/bin/../lib/gcc/arm-none-eabi/10.3.1/../../../../arm-none-eabi/lib/thumb/v7e-m+dp/hard\libc_nano.a(lib_a-init.o)
 .ARM.attributes
                0x00000521       0x32 d:/l/program/gcc-arm-none-eabi-10.3/bin/../lib/gcc/arm-none-eabi/10.3.1/../../../../arm-none-eabi/lib/thumb/v7e-m+dp/hard\libc_nano.a(lib_a-memset.o)
 .ARM.attributes
                0x00000553       0x1e d:/l/program/gcc-arm-none-eabi-10.3/bin/../lib/gcc/arm-none-eabi/10.3.1/thumb/v7e-m+dp/hard\libgcc.a(_aeabi_uldivmod.o)
 .ARM.attributes
                0x00000571       0x32 d:/l/program/gcc-arm-none-eabi-10.3/bin/../lib/gcc/arm-none-eabi/10.3.1/thumb/v7e-m+dp/hard\libgcc.a(_udivmoddi4.o)
 .ARM.attributes
                0x000005a3       0x1e d:/l/program/gcc-arm-none-eabi-10.3/bin/../lib/gcc/arm-none-eabi/10.3.1/thumb/v7e-m+dp/hard\libgcc.a(_dvmd_tls.o)
 .ARM.attributes
                0x000005c1       0x1e d:/l/program/gcc-arm-none-eabi-10.3/bin/../lib/gcc/arm-none-eabi/10.3.1/thumb/v7e-m+dp/hard/crtn.o
OUTPUT(build/ImageProcessing.elf elf32-littlearm)
LOAD linker stubs
LOAD d:/l/program/gcc-arm-none-eabi-10.3/bin/../lib/gcc/arm-none-eabi/10.3.1/../../../../arm-none-eabi/lib/thumb/v7e-m+dp/hard\libc.a
LOAD d:/l/program/gcc-arm-none-eabi-10.3/bin/../lib/gcc/arm-none-eabi/10.3.1/../../../../arm-none-eabi/lib/thumb/v7e-m+dp/hard\libm.a
LOAD d:/l/program/gcc-arm-none-eabi-10.3/bin/../lib/gcc/arm-none-eabi/10.3.1/thumb/v7e-m+dp/hard\libgcc.a

.debug_info     0x00000000    0x2d7bb
 .debug_info    0x00000000     0x441a build/main.o
 .debug_info    0x0000441a      0x569 build/stm32h7xx_it.o
 .debug_info    0x00004983     0x3b2e build/stm32h7xx_hal_msp.o
 .debug_info    0x000084b1     0x1507 build/stm32h7xx_hal_cortex.o
 .debug_info    0x000099b8     0x342b build/stm32h7xx_hal_eth.o
 .debug_info    0x0000cde3     0x13e0 build/stm32h7xx_hal_rcc.o
 .debug_info    0x0000e1c3     0x1cf5 build/stm32h7xx_hal_rcc_ex.o
 .debug_info    0x0000feb8      0xee1 build/stm32h7xx_hal_gpio.o
 .debug_info    0x00010d99     0x10c3 build/stm32h7xx_hal_dma.o
 .debug_info    0x00011e5c      0xa02 build/stm32h7xx_hal_dma_ex.o
 .debug_info    0x0001285e     0x13f3 build/stm32h7xx_hal_pwr_ex.o
 .debug_info    0x00013c51     0x18de build/stm32h7xx_hal.o
 .debug_info    0x0001552f     0x4626 build/stm32h7xx_hal_i2c.o
 .debug_info    0x00019b55      0xffa build/stm32h7xx_hal_i2c_ex.o
 .debug_info    0x0001ab4f     0x6a19 build/stm32h7xx_hal_uart.o
 .debug_info    0x00021568     0x137b build/stm32h7xx_hal_uart_ex.o
 .debug_info    0x000228e3     0x1d57 build/stm32h7xx_hal_pcd.o
 .debug_info    0x0002463a      0xb31 build/stm32h7xx_hal_pcd_ex.o
 .debug_info    0x0002516b     0x222b build/stm32h7xx_ll_usb.o
 .debug_info    0x00027396      0xeb5 build/system_stm32h7xx.o
 .debug_info    0x0002824b      0xea2 build/stm32h7xx_hal_dcmi.o
 .debug_info    0x000290ed     0x195b build/stm32h7xx_hal_lptim.o
 .debug_info    0x0002aa48     0x2d51 build/OV7670.o
 .debug_info    0x0002d799       0x22 build/startup_stm32h743xx.o

.debug_abbrev   0x00000000     0x3aee
 .debug_abbrev  0x00000000      0x2b0 build/main.o
 .debug_abbrev  0x000002b0      0x16b build/stm32h7xx_it.o
 .debug_abbrev  0x0000041b      0x294 build/stm32h7xx_hal_msp.o
 .debug_abbrev  0x000006af      0x395 build/stm32h7xx_hal_cortex.o
 .debug_abbrev  0x00000a44      0x2cb build/stm32h7xx_hal_eth.o
 .debug_abbrev  0x00000d0f      0x27d build/stm32h7xx_hal_rcc.o
 .debug_abbrev  0x00000f8c      0x286 build/stm32h7xx_hal_rcc_ex.o
 .debug_abbrev  0x00001212      0x253 build/stm32h7xx_hal_gpio.o
 .debug_abbrev  0x00001465      0x2ef build/stm32h7xx_hal_dma.o
 .debug_abbrev  0x00001754      0x227 build/stm32h7xx_hal_dma_ex.o
 .debug_abbrev  0x0000197b      0x2b6 build/stm32h7xx_hal_pwr_ex.o
 .debug_abbrev  0x00001c31      0x261 build/stm32h7xx_hal.o
 .debug_abbrev  0x00001e92      0x2a9 build/stm32h7xx_hal_i2c.o
 .debug_abbrev  0x0000213b      0x1c4 build/stm32h7xx_hal_i2c_ex.o
 .debug_abbrev  0x000022ff      0x363 build/stm32h7xx_hal_uart.o
 .debug_abbrev  0x00002662      0x308 build/stm32h7xx_hal_uart_ex.o
 .debug_abbrev  0x0000296a      0x2d1 build/stm32h7xx_hal_pcd.o
 .debug_abbrev  0x00002c3b      0x26c build/stm32h7xx_hal_pcd_ex.o
 .debug_abbrev  0x00002ea7      0x2f9 build/stm32h7xx_ll_usb.o
 .debug_abbrev  0x000031a0      0x12a build/system_stm32h7xx.o
 .debug_abbrev  0x000032ca      0x28b build/stm32h7xx_hal_dcmi.o
 .debug_abbrev  0x00003555      0x2bd build/stm32h7xx_hal_lptim.o
 .debug_abbrev  0x00003812      0x2ca build/OV7670.o
 .debug_abbrev  0x00003adc       0x12 build/startup_stm32h743xx.o

.debug_loc      0x00000000    0x1b778
 .debug_loc     0x00000000      0x1a4 build/main.o
 .debug_loc     0x000001a4       0x60 build/stm32h7xx_it.o
 .debug_loc     0x00000204      0x50a build/stm32h7xx_hal_msp.o
 .debug_loc     0x0000070e      0x786 build/stm32h7xx_hal_cortex.o
 .debug_loc     0x00000e94     0x1c28 build/stm32h7xx_hal_eth.o
 .debug_loc     0x00002abc      0xac2 build/stm32h7xx_hal_rcc.o
 .debug_loc     0x0000357e     0x1f9b build/stm32h7xx_hal_rcc_ex.o
 .debug_loc     0x00005519      0x482 build/stm32h7xx_hal_gpio.o
 .debug_loc     0x0000599b     0x10aa build/stm32h7xx_hal_dma.o
 .debug_loc     0x00006a45      0x91f build/stm32h7xx_hal_dma_ex.o
 .debug_loc     0x00007364      0x65b build/stm32h7xx_hal_pwr_ex.o
 .debug_loc     0x000079bf      0x526 build/stm32h7xx_hal.o
 .debug_loc     0x00007ee5     0x58a9 build/stm32h7xx_hal_i2c.o
 .debug_loc     0x0000d78e      0x25a build/stm32h7xx_hal_i2c_ex.o
 .debug_loc     0x0000d9e8     0x6376 build/stm32h7xx_hal_uart.o
 .debug_loc     0x00013d5e      0xd7d build/stm32h7xx_hal_uart_ex.o
 .debug_loc     0x00014adb     0x165d build/stm32h7xx_hal_pcd.o
 .debug_loc     0x00016138      0x28e build/stm32h7xx_hal_pcd_ex.o
 .debug_loc     0x000163c6     0x2955 build/stm32h7xx_ll_usb.o
 .debug_loc     0x00018d1b      0x1d8 build/system_stm32h7xx.o
 .debug_loc     0x00018ef3      0x7da build/stm32h7xx_hal_dcmi.o
 .debug_loc     0x000196cd      0xf78 build/stm32h7xx_hal_lptim.o
 .debug_loc     0x0001a645     0x1133 build/OV7670.o

.debug_aranges  0x00000000     0x16a0
 .debug_aranges
                0x00000000       0x70 build/main.o
 .debug_aranges
                0x00000070       0x70 build/stm32h7xx_it.o
 .debug_aranges
                0x000000e0       0x80 build/stm32h7xx_hal_msp.o
 .debug_aranges
                0x00000160       0xb0 build/stm32h7xx_hal_cortex.o
 .debug_aranges
                0x00000210      0x1d8 build/stm32h7xx_hal_eth.o
 .debug_aranges
                0x000003e8       0x88 build/stm32h7xx_hal_rcc.o
 .debug_aranges
                0x00000470       0xf8 build/stm32h7xx_hal_rcc_ex.o
 .debug_aranges
                0x00000568       0x58 build/stm32h7xx_hal_gpio.o
 .debug_aranges
                0x000005c0       0xa0 build/stm32h7xx_hal_dma.o
 .debug_aranges
                0x00000660       0x60 build/stm32h7xx_hal_dma_ex.o
 .debug_aranges
                0x000006c0      0x158 build/stm32h7xx_hal_pwr_ex.o
 .debug_aranges
                0x00000818      0x198 build/stm32h7xx_hal.o
 .debug_aranges
                0x000009b0      0x2a0 build/stm32h7xx_hal_i2c.o
 .debug_aranges
                0x00000c50       0x48 build/stm32h7xx_hal_i2c_ex.o
 .debug_aranges
                0x00000c98      0x248 build/stm32h7xx_hal_uart.o
 .debug_aranges
                0x00000ee0       0xa8 build/stm32h7xx_hal_uart_ex.o
 .debug_aranges
                0x00000f88      0x140 build/stm32h7xx_hal_pcd.o
 .debug_aranges
                0x000010c8       0x60 build/stm32h7xx_hal_pcd_ex.o
 .debug_aranges
                0x00001128      0x1a0 build/stm32h7xx_ll_usb.o
 .debug_aranges
                0x000012c8       0x28 build/system_stm32h7xx.o
 .debug_aranges
                0x000012f0       0xc0 build/stm32h7xx_hal_dcmi.o
 .debug_aranges
                0x000013b0      0x168 build/stm32h7xx_hal_lptim.o
 .debug_aranges
                0x00001518      0x160 build/OV7670.o
 .debug_aranges
                0x00001678       0x28 build/startup_stm32h743xx.o

.debug_ranges   0x00000000     0x1670
 .debug_ranges  0x00000000       0x60 build/main.o
 .debug_ranges  0x00000060       0x60 build/stm32h7xx_it.o
 .debug_ranges  0x000000c0       0x70 build/stm32h7xx_hal_msp.o
 .debug_ranges  0x00000130      0x100 build/stm32h7xx_hal_cortex.o
 .debug_ranges  0x00000230      0x1c8 build/stm32h7xx_hal_eth.o
 .debug_ranges  0x000003f8       0xe8 build/stm32h7xx_hal_rcc.o
 .debug_ranges  0x000004e0       0xe8 build/stm32h7xx_hal_rcc_ex.o
 .debug_ranges  0x000005c8       0x48 build/stm32h7xx_hal_gpio.o
 .debug_ranges  0x00000610       0xa8 build/stm32h7xx_hal_dma.o
 .debug_ranges  0x000006b8       0x50 build/stm32h7xx_hal_dma_ex.o
 .debug_ranges  0x00000708      0x1a8 build/stm32h7xx_hal_pwr_ex.o
 .debug_ranges  0x000008b0      0x188 build/stm32h7xx_hal.o
 .debug_ranges  0x00000a38      0x290 build/stm32h7xx_hal_i2c.o
 .debug_ranges  0x00000cc8       0x38 build/stm32h7xx_hal_i2c_ex.o
 .debug_ranges  0x00000d00      0x238 build/stm32h7xx_hal_uart.o
 .debug_ranges  0x00000f38       0x98 build/stm32h7xx_hal_uart_ex.o
 .debug_ranges  0x00000fd0      0x130 build/stm32h7xx_hal_pcd.o
 .debug_ranges  0x00001100       0x50 build/stm32h7xx_hal_pcd_ex.o
 .debug_ranges  0x00001150      0x190 build/stm32h7xx_ll_usb.o
 .debug_ranges  0x000012e0       0x18 build/system_stm32h7xx.o
 .debug_ranges  0x000012f8       0xb0 build/stm32h7xx_hal_dcmi.o
 .debug_ranges  0x000013a8      0x158 build/stm32h7xx_hal_lptim.o
 .debug_ranges  0x00001500      0x150 build/OV7670.o
 .debug_ranges  0x00001650       0x20 build/startup_stm32h743xx.o

.debug_line     0x00000000    0x1e0ae
 .debug_line    0x00000000      0x8e8 build/main.o
 .debug_line    0x000008e8      0x2c8 build/stm32h7xx_it.o
 .debug_line    0x00000bb0      0x8cb build/stm32h7xx_hal_msp.o
 .debug_line    0x0000147b      0x769 build/stm32h7xx_hal_cortex.o
 .debug_line    0x00001be4     0x1d86 build/stm32h7xx_hal_eth.o
 .debug_line    0x0000396a     0x1282 build/stm32h7xx_hal_rcc.o
 .debug_line    0x00004bec     0x1f74 build/stm32h7xx_hal_rcc_ex.o
 .debug_line    0x00006b60      0x695 build/stm32h7xx_hal_gpio.o
 .debug_line    0x000071f5     0x2419 build/stm32h7xx_hal_dma.o
 .debug_line    0x0000960e      0xbc1 build/stm32h7xx_hal_dma_ex.o
 .debug_line    0x0000a1cf      0xa5e build/stm32h7xx_hal_pwr_ex.o
 .debug_line    0x0000ac2d      0x89e build/stm32h7xx_hal.o
 .debug_line    0x0000b4cb     0x5121 build/stm32h7xx_hal_i2c.o
 .debug_line    0x000105ec      0x497 build/stm32h7xx_hal_i2c_ex.o
 .debug_line    0x00010a83     0x6695 build/stm32h7xx_hal_uart.o
 .debug_line    0x00017118      0xc4e build/stm32h7xx_hal_uart_ex.o
 .debug_line    0x00017d66     0x152a build/stm32h7xx_hal_pcd.o
 .debug_line    0x00019290      0x471 build/stm32h7xx_hal_pcd_ex.o
 .debug_line    0x00019701     0x1d2b build/stm32h7xx_ll_usb.o
 .debug_line    0x0001b42c      0x407 build/system_stm32h7xx.o
 .debug_line    0x0001b833      0xc00 build/stm32h7xx_hal_dcmi.o
 .debug_line    0x0001c433     0x1052 build/stm32h7xx_hal_lptim.o
 .debug_line    0x0001d485      0xbb3 build/OV7670.o
 .debug_line    0x0001e038       0x76 build/startup_stm32h743xx.o

.debug_str      0x00000000     0x8aa7
 .debug_str     0x00000000     0x2afb build/main.o
                               0x2d5c (size before relaxing)
 .debug_str     0x00002afb      0x10a build/stm32h7xx_it.o
                                0x5a8 (size before relaxing)
 .debug_str     0x00002c05      0x555 build/stm32h7xx_hal_msp.o
                               0x2292 (size before relaxing)
 .debug_str     0x0000315a      0x58d build/stm32h7xx_hal_cortex.o
                               0x102e (size before relaxing)
 .debug_str     0x000036e7      0xbde build/stm32h7xx_hal_eth.o
                               0x1af8 (size before relaxing)
 .debug_str     0x000042c5      0x358 build/stm32h7xx_hal_rcc.o
                                0xa00 (size before relaxing)
 .debug_str     0x0000461d      0x64d build/stm32h7xx_hal_rcc_ex.o
                                0xf0b (size before relaxing)
 .debug_str     0x00004c6a       0xe5 build/stm32h7xx_hal_gpio.o
                                0x6ba (size before relaxing)
 .debug_str     0x00004d4f      0x3e5 build/stm32h7xx_hal_dma.o
                                0x9b1 (size before relaxing)
 .debug_str     0x00005134      0x1c3 build/stm32h7xx_hal_dma_ex.o
                                0x7dc (size before relaxing)
 .debug_str     0x000052f7      0x52e build/stm32h7xx_hal_pwr_ex.o
                                0xa2f (size before relaxing)
 .debug_str     0x00005825      0x5bd build/stm32h7xx_hal.o
                               0x1496 (size before relaxing)
 .debug_str     0x00005de2      0x877 build/stm32h7xx_hal_i2c.o
                               0x116f (size before relaxing)
 .debug_str     0x00006659       0xb5 build/stm32h7xx_hal_i2c_ex.o
                                0xb3b (size before relaxing)
 .debug_str     0x0000670e      0x88d build/stm32h7xx_hal_uart.o
                               0x1499 (size before relaxing)
 .debug_str     0x00006f9b      0x23a build/stm32h7xx_hal_uart_ex.o
                                0xb82 (size before relaxing)
 .debug_str     0x000071d5      0x7b9 build/stm32h7xx_hal_pcd.o
                                0xdfb (size before relaxing)
 .debug_str     0x0000798e      0x1ac build/stm32h7xx_hal_pcd_ex.o
                                0x81e (size before relaxing)
 .debug_str     0x00007b3a      0x482 build/stm32h7xx_ll_usb.o
                                0xd29 (size before relaxing)
 .debug_str     0x00007fbc       0x38 build/system_stm32h7xx.o
                                0x710 (size before relaxing)
 .debug_str     0x00007ff4      0x215 build/stm32h7xx_hal_dcmi.o
                                0xa1e (size before relaxing)
 .debug_str     0x00008209      0x479 build/stm32h7xx_hal_lptim.o
                                0xab0 (size before relaxing)
 .debug_str     0x00008682      0x401 build/OV7670.o
                               0x1331 (size before relaxing)
 .debug_str     0x00008a83       0x24 build/startup_stm32h743xx.o
                                 0x4e (size before relaxing)

.comment        0x00000000       0x49
 .comment       0x00000000       0x49 build/main.o
                                 0x4a (size before relaxing)
 .comment       0x00000049       0x4a build/stm32h7xx_it.o
 .comment       0x00000049       0x4a build/stm32h7xx_hal_msp.o
 .comment       0x00000049       0x4a build/stm32h7xx_hal_cortex.o
 .comment       0x00000049       0x4a build/stm32h7xx_hal_eth.o
 .comment       0x00000049       0x4a build/stm32h7xx_hal_rcc.o
 .comment       0x00000049       0x4a build/stm32h7xx_hal_rcc_ex.o
 .comment       0x00000049       0x4a build/stm32h7xx_hal_gpio.o
 .comment       0x00000049       0x4a build/stm32h7xx_hal_dma.o
 .comment       0x00000049       0x4a build/stm32h7xx_hal_dma_ex.o
 .comment       0x00000049       0x4a build/stm32h7xx_hal_pwr_ex.o
 .comment       0x00000049       0x4a build/stm32h7xx_hal.o
 .comment       0x00000049       0x4a build/stm32h7xx_hal_i2c.o
 .comment       0x00000049       0x4a build/stm32h7xx_hal_i2c_ex.o
 .comment       0x00000049       0x4a build/stm32h7xx_hal_uart.o
 .comment       0x00000049       0x4a build/stm32h7xx_hal_uart_ex.o
 .comment       0x00000049       0x4a build/stm32h7xx_hal_pcd.o
 .comment       0x00000049       0x4a build/stm32h7xx_hal_pcd_ex.o
 .comment       0x00000049       0x4a build/stm32h7xx_ll_usb.o
 .comment       0x00000049       0x4a build/system_stm32h7xx.o
 .comment       0x00000049       0x4a build/stm32h7xx_hal_dcmi.o
 .comment       0x00000049       0x4a build/stm32h7xx_hal_lptim.o
 .comment       0x00000049       0x4a build/OV7670.o

.debug_frame    0x00000000     0x3e34
 .debug_frame   0x00000000      0x12c build/main.o
 .debug_frame   0x0000012c       0xd8 build/stm32h7xx_it.o
 .debug_frame   0x00000204      0x190 build/stm32h7xx_hal_msp.o
 .debug_frame   0x00000394      0x158 build/stm32h7xx_hal_cortex.o
 .debug_frame   0x000004ec      0x4e4 build/stm32h7xx_hal_eth.o
 .debug_frame   0x000009d0      0x18c build/stm32h7xx_hal_rcc.o
 .debug_frame   0x00000b5c      0x26c build/stm32h7xx_hal_rcc_ex.o
 .debug_frame   0x00000dc8       0xd4 build/stm32h7xx_hal_gpio.o
 .debug_frame   0x00000e9c      0x1fc build/stm32h7xx_hal_dma.o
 .debug_frame   0x00001098      0x104 build/stm32h7xx_hal_dma_ex.o
 .debug_frame   0x0000119c      0x2f4 build/stm32h7xx_hal_pwr_ex.o
 .debug_frame   0x00001490      0x360 build/stm32h7xx_hal.o
 .debug_frame   0x000017f0      0x984 build/stm32h7xx_hal_i2c.o
 .debug_frame   0x00002174       0x80 build/stm32h7xx_hal_i2c_ex.o
 .debug_frame   0x000021f4      0x680 build/stm32h7xx_hal_uart.o
 .debug_frame   0x00002874      0x1c8 build/stm32h7xx_hal_uart_ex.o
 .debug_frame   0x00002a3c      0x378 build/stm32h7xx_hal_pcd.o
 .debug_frame   0x00002db4       0xb8 build/stm32h7xx_hal_pcd_ex.o
 .debug_frame   0x00002e6c      0x49c build/stm32h7xx_ll_usb.o
 .debug_frame   0x00003308       0x3c build/system_stm32h7xx.o
 .debug_frame   0x00003344      0x1c0 build/stm32h7xx_hal_dcmi.o
 .debug_frame   0x00003504      0x3dc build/stm32h7xx_hal_lptim.o
 .debug_frame   0x000038e0      0x4a8 build/OV7670.o
 .debug_frame   0x00003d88       0x2c d:/l/program/gcc-arm-none-eabi-10.3/bin/../lib/gcc/arm-none-eabi/10.3.1/../../../../arm-none-eabi/lib/thumb/v7e-m+dp/hard\libc_nano.a(lib_a-init.o)
 .debug_frame   0x00003db4       0x20 d:/l/program/gcc-arm-none-eabi-10.3/bin/../lib/gcc/arm-none-eabi/10.3.1/../../../../arm-none-eabi/lib/thumb/v7e-m+dp/hard\libc_nano.a(lib_a-memset.o)
 .debug_frame   0x00003dd4       0x2c d:/l/program/gcc-arm-none-eabi-10.3/bin/../lib/gcc/arm-none-eabi/10.3.1/thumb/v7e-m+dp/hard\libgcc.a(_aeabi_uldivmod.o)
 .debug_frame   0x00003e00       0x34 d:/l/program/gcc-arm-none-eabi-10.3/bin/../lib/gcc/arm-none-eabi/10.3.1/thumb/v7e-m+dp/hard\libgcc.a(_udivmoddi4.o)

.stabstr        0x00000000      0x14d
 .stabstr       0x00000000      0x14d d:/l/program/gcc-arm-none-eabi-10.3/bin/../lib/gcc/arm-none-eabi/10.3.1/../../../../arm-none-eabi/lib/thumb/v7e-m+dp/hard\libnosys.a(close.o)

Cross Reference Table

Symbol                                            File
ADC3_IRQHandler                                   build/startup_stm32h743xx.o
ADC_IRQHandler                                    build/startup_stm32h743xx.o
BDMA_Channel0_IRQHandler                          build/startup_stm32h743xx.o
BDMA_Channel1_IRQHandler                          build/startup_stm32h743xx.o
BDMA_Channel2_IRQHandler                          build/startup_stm32h743xx.o
BDMA_Channel3_IRQHandler                          build/startup_stm32h743xx.o
BDMA_Channel4_IRQHandler                          build/startup_stm32h743xx.o
BDMA_Channel5_IRQHandler                          build/startup_stm32h743xx.o
BDMA_Channel6_IRQHandler                          build/startup_stm32h743xx.o
BDMA_Channel7_IRQHandler                          build/startup_stm32h743xx.o
BusFault_Handler                                  build/stm32h7xx_it.o
CEC_IRQHandler                                    build/startup_stm32h743xx.o
COMP1_IRQHandler                                  build/startup_stm32h743xx.o
CRS_IRQHandler                                    build/startup_stm32h743xx.o
D1CorePrescTable                                  build/system_stm32h7xx.o
                                                  build/stm32h7xx_hal.o
                                                  build/stm32h7xx_hal_rcc_ex.o
                                                  build/stm32h7xx_hal_rcc.o
DCMI_IRQHandler                                   build/startup_stm32h743xx.o
DFSDM1_FLT0_IRQHandler                            build/startup_stm32h743xx.o
DFSDM1_FLT1_IRQHandler                            build/startup_stm32h743xx.o
DFSDM1_FLT2_IRQHandler                            build/startup_stm32h743xx.o
DFSDM1_FLT3_IRQHandler                            build/startup_stm32h743xx.o
DMA1_Stream0_IRQHandler                           build/stm32h7xx_it.o
DMA1_Stream1_IRQHandler                           build/startup_stm32h743xx.o
DMA1_Stream2_IRQHandler                           build/startup_stm32h743xx.o
DMA1_Stream3_IRQHandler                           build/startup_stm32h743xx.o
DMA1_Stream4_IRQHandler                           build/startup_stm32h743xx.o
DMA1_Stream5_IRQHandler                           build/startup_stm32h743xx.o
DMA1_Stream6_IRQHandler                           build/startup_stm32h743xx.o
DMA1_Stream7_IRQHandler                           build/startup_stm32h743xx.o
DMA2D_IRQHandler                                  build/startup_stm32h743xx.o
DMA2_Stream0_IRQHandler                           build/startup_stm32h743xx.o
DMA2_Stream1_IRQHandler                           build/startup_stm32h743xx.o
DMA2_Stream2_IRQHandler                           build/startup_stm32h743xx.o
DMA2_Stream3_IRQHandler                           build/startup_stm32h743xx.o
DMA2_Stream4_IRQHandler                           build/startup_stm32h743xx.o
DMA2_Stream5_IRQHandler                           build/startup_stm32h743xx.o
DMA2_Stream6_IRQHandler                           build/startup_stm32h743xx.o
DMA2_Stream7_IRQHandler                           build/startup_stm32h743xx.o
DMAMUX1_OVR_IRQHandler                            build/stm32h7xx_it.o
DMAMUX2_OVR_IRQHandler                            build/startup_stm32h743xx.o
DMARxDscrTab                                      build/main.o
DMATxDscrTab                                      build/main.o
DebugMon_Handler                                  build/stm32h7xx_it.o
Default_Handler                                   build/startup_stm32h743xx.o
ECC_IRQHandler                                    build/startup_stm32h743xx.o
ETH_IRQHandler                                    build/startup_stm32h743xx.o
ETH_WKUP_IRQHandler                               build/startup_stm32h743xx.o
EXTI0_IRQHandler                                  build/startup_stm32h743xx.o
EXTI15_10_IRQHandler                              build/startup_stm32h743xx.o
EXTI1_IRQHandler                                  build/startup_stm32h743xx.o
EXTI2_IRQHandler                                  build/startup_stm32h743xx.o
EXTI3_IRQHandler                                  build/startup_stm32h743xx.o
EXTI4_IRQHandler                                  build/startup_stm32h743xx.o
EXTI9_5_IRQHandler                                build/startup_stm32h743xx.o
Error_Handler                                     build/main.o
                                                  build/stm32h7xx_hal_msp.o
FDCAN1_IT0_IRQHandler                             build/startup_stm32h743xx.o
FDCAN1_IT1_IRQHandler                             build/startup_stm32h743xx.o
FDCAN2_IT0_IRQHandler                             build/startup_stm32h743xx.o
FDCAN2_IT1_IRQHandler                             build/startup_stm32h743xx.o
FDCAN_CAL_IRQHandler                              build/startup_stm32h743xx.o
FLASH_CRC_WaitForLastOperation                    build/stm32h7xx_hal_flash.o
                                                  build/stm32h7xx_hal_flash_ex.o
FLASH_Erase_Sector                                build/stm32h7xx_hal_flash_ex.o
                                                  build/stm32h7xx_hal_flash.o
FLASH_IRQHandler                                  build/startup_stm32h743xx.o
FLASH_OB_WaitForLastOperation                     build/stm32h7xx_hal_flash.o
                                                  build/stm32h7xx_hal_flash_ex.o
FLASH_WaitForLastOperation                        build/stm32h7xx_hal_flash.o
                                                  build/stm32h7xx_hal_flash_ex.o
FMC_IRQHandler                                    build/startup_stm32h743xx.o
FPU_IRQHandler                                    build/startup_stm32h743xx.o
HAL_DBGMCU_DisableDBGSleepMode                    build/stm32h7xx_hal.o
HAL_DBGMCU_DisableDBGStandbyMode                  build/stm32h7xx_hal.o
HAL_DBGMCU_DisableDBGStopMode                     build/stm32h7xx_hal.o
HAL_DBGMCU_EnableDBGSleepMode                     build/stm32h7xx_hal.o
HAL_DBGMCU_EnableDBGStandbyMode                   build/stm32h7xx_hal.o
HAL_DBGMCU_EnableDBGStopMode                      build/stm32h7xx_hal.o
HAL_DCMI_ConfigCrop                               build/stm32h7xx_hal_dcmi.o
HAL_DCMI_ConfigSyncUnmask                         build/stm32h7xx_hal_dcmi.o
HAL_DCMI_DeInit                                   build/stm32h7xx_hal_dcmi.o
HAL_DCMI_DisableCrop                              build/stm32h7xx_hal_dcmi.o
HAL_DCMI_EnableCrop                               build/stm32h7xx_hal_dcmi.o
HAL_DCMI_ErrorCallback                            build/stm32h7xx_hal_dcmi.o
HAL_DCMI_FrameEventCallback                       build/OV7670.o
                                                  build/stm32h7xx_hal_dcmi.o
HAL_DCMI_GetError                                 build/stm32h7xx_hal_dcmi.o
HAL_DCMI_GetState                                 build/stm32h7xx_hal_dcmi.o
HAL_DCMI_IRQHandler                               build/stm32h7xx_hal_dcmi.o
HAL_DCMI_Init                                     build/stm32h7xx_hal_dcmi.o
                                                  build/main.o
HAL_DCMI_LineEventCallback                        build/stm32h7xx_hal_dcmi.o
HAL_DCMI_MspDeInit                                build/stm32h7xx_hal_msp.o
HAL_DCMI_MspInit                                  build/stm32h7xx_hal_msp.o
HAL_DCMI_Resume                                   build/stm32h7xx_hal_dcmi.o
HAL_DCMI_Start_DMA                                build/stm32h7xx_hal_dcmi.o
                                                  build/OV7670.o
HAL_DCMI_Stop                                     build/stm32h7xx_hal_dcmi.o
                                                  build/OV7670.o
HAL_DCMI_Suspend                                  build/stm32h7xx_hal_dcmi.o
HAL_DCMI_VsyncEventCallback                       build/stm32h7xx_hal_dcmi.o
HAL_DMAEx_ChangeMemory                            build/stm32h7xx_hal_dma_ex.o
                                                  build/stm32h7xx_hal_dcmi.o
HAL_DMAEx_ConfigMuxRequestGenerator               build/stm32h7xx_hal_dma_ex.o
HAL_DMAEx_ConfigMuxSync                           build/stm32h7xx_hal_dma_ex.o
                                                  build/stm32h7xx_hal_msp.o
HAL_DMAEx_DisableMuxRequestGenerator              build/stm32h7xx_hal_dma_ex.o
HAL_DMAEx_EnableMuxRequestGenerator               build/stm32h7xx_hal_dma_ex.o
HAL_DMAEx_MUX_IRQHandler                          build/stm32h7xx_hal_dma_ex.o
                                                  build/stm32h7xx_it.o
HAL_DMAEx_MultiBufferStart                        build/stm32h7xx_hal_dma_ex.o
HAL_DMAEx_MultiBufferStart_IT                     build/stm32h7xx_hal_dma_ex.o
                                                  build/stm32h7xx_hal_dcmi.o
HAL_DMA_Abort                                     build/stm32h7xx_hal_dma.o
                                                  build/stm32h7xx_hal_dcmi.o
                                                  build/stm32h7xx_hal_uart.o
HAL_DMA_Abort_IT                                  build/stm32h7xx_hal_dma.o
                                                  build/stm32h7xx_hal_dcmi.o
                                                  build/stm32h7xx_hal_uart.o
                                                  build/stm32h7xx_hal_i2c.o
HAL_DMA_DeInit                                    build/stm32h7xx_hal_dma.o
                                                  build/stm32h7xx_hal_msp.o
HAL_DMA_GetError                                  build/stm32h7xx_hal_dma.o
                                                  build/stm32h7xx_hal_uart.o
                                                  build/stm32h7xx_hal_i2c.o
HAL_DMA_GetState                                  build/stm32h7xx_hal_dma.o
                                                  build/stm32h7xx_hal_i2c.o
HAL_DMA_IRQHandler                                build/stm32h7xx_hal_dma.o
                                                  build/stm32h7xx_it.o
HAL_DMA_Init                                      build/stm32h7xx_hal_dma.o
                                                  build/stm32h7xx_hal_msp.o
HAL_DMA_PollForTransfer                           build/stm32h7xx_hal_dma.o
HAL_DMA_RegisterCallback                          build/stm32h7xx_hal_dma.o
HAL_DMA_Start                                     build/stm32h7xx_hal_dma.o
HAL_DMA_Start_IT                                  build/stm32h7xx_hal_dma.o
                                                  build/OV7670.o
                                                  build/stm32h7xx_hal_dcmi.o
                                                  build/stm32h7xx_hal_uart.o
                                                  build/stm32h7xx_hal_i2c.o
HAL_DMA_UnRegisterCallback                        build/stm32h7xx_hal_dma.o
HAL_DeInit                                        build/stm32h7xx_hal.o
HAL_Delay                                         build/stm32h7xx_hal.o
                                                  build/OV7670.o
                                                  build/stm32h7xx_ll_usb.o
                                                  build/stm32h7xx_hal_pcd_ex.o
                                                  build/main.o
HAL_DisableCompensationCell                       build/stm32h7xx_hal.o
HAL_ETHEx_DisableARPOffload                       build/stm32h7xx_hal_eth_ex.o
HAL_ETHEx_DisableL3L4Filtering                    build/stm32h7xx_hal_eth_ex.o
HAL_ETHEx_DisableVLANProcessing                   build/stm32h7xx_hal_eth_ex.o
HAL_ETHEx_EnableARPOffload                        build/stm32h7xx_hal_eth_ex.o
HAL_ETHEx_EnableL3L4Filtering                     build/stm32h7xx_hal_eth_ex.o
HAL_ETHEx_EnableVLANProcessing                    build/stm32h7xx_hal_eth_ex.o
HAL_ETHEx_EnterLPIMode                            build/stm32h7xx_hal_eth_ex.o
HAL_ETHEx_ExitLPIMode                             build/stm32h7xx_hal_eth_ex.o
HAL_ETHEx_GetL3FilterConfig                       build/stm32h7xx_hal_eth_ex.o
HAL_ETHEx_GetL4FilterConfig                       build/stm32h7xx_hal_eth_ex.o
HAL_ETHEx_GetMACLPIEvent                          build/stm32h7xx_hal_eth_ex.o
HAL_ETHEx_GetRxVLANConfig                         build/stm32h7xx_hal_eth_ex.o
HAL_ETHEx_GetTxVLANConfig                         build/stm32h7xx_hal_eth_ex.o
HAL_ETHEx_SetARPAddressMatch                      build/stm32h7xx_hal_eth_ex.o
HAL_ETHEx_SetL3FilterConfig                       build/stm32h7xx_hal_eth_ex.o
HAL_ETHEx_SetL4FilterConfig                       build/stm32h7xx_hal_eth_ex.o
HAL_ETHEx_SetRxVLANConfig                         build/stm32h7xx_hal_eth_ex.o
HAL_ETHEx_SetTxVLANConfig                         build/stm32h7xx_hal_eth_ex.o
HAL_ETHEx_SetTxVLANIdentifier                     build/stm32h7xx_hal_eth_ex.o
HAL_ETHEx_SetVLANHashTable                        build/stm32h7xx_hal_eth_ex.o
HAL_ETH_DeInit                                    build/stm32h7xx_hal_eth.o
HAL_ETH_EEECallback                               build/stm32h7xx_hal_eth.o
HAL_ETH_EnterPowerDownMode                        build/stm32h7xx_hal_eth.o
HAL_ETH_ErrorCallback                             build/stm32h7xx_hal_eth.o
HAL_ETH_ExitPowerDownMode                         build/stm32h7xx_hal_eth.o
HAL_ETH_GetDMAConfig                              build/stm32h7xx_hal_eth.o
HAL_ETH_GetDMAError                               build/stm32h7xx_hal_eth.o
HAL_ETH_GetError                                  build/stm32h7xx_hal_eth.o
HAL_ETH_GetMACConfig                              build/stm32h7xx_hal_eth.o
HAL_ETH_GetMACError                               build/stm32h7xx_hal_eth.o
HAL_ETH_GetMACFilterConfig                        build/stm32h7xx_hal_eth.o
HAL_ETH_GetMACWakeUpSource                        build/stm32h7xx_hal_eth.o
HAL_ETH_GetRxDataErrorCode                        build/stm32h7xx_hal_eth.o
HAL_ETH_GetState                                  build/stm32h7xx_hal_eth.o
HAL_ETH_IRQHandler                                build/stm32h7xx_hal_eth.o
HAL_ETH_Init                                      build/stm32h7xx_hal_eth.o
                                                  build/main.o
HAL_ETH_MspDeInit                                 build/stm32h7xx_hal_msp.o
HAL_ETH_MspInit                                   build/stm32h7xx_hal_msp.o
HAL_ETH_PMTCallback                               build/stm32h7xx_hal_eth.o
HAL_ETH_ReadData                                  build/stm32h7xx_hal_eth.o
HAL_ETH_ReadPHYRegister                           build/stm32h7xx_hal_eth.o
HAL_ETH_RegisterRxAllocateCallback                build/stm32h7xx_hal_eth.o
HAL_ETH_RegisterRxLinkCallback                    build/stm32h7xx_hal_eth.o
HAL_ETH_RegisterTxFreeCallback                    build/stm32h7xx_hal_eth.o
HAL_ETH_ReleaseTxPacket                           build/stm32h7xx_hal_eth.o
HAL_ETH_RxAllocateCallback                        build/stm32h7xx_hal_eth.o
HAL_ETH_RxCpltCallback                            build/stm32h7xx_hal_eth.o
HAL_ETH_RxLinkCallback                            build/stm32h7xx_hal_eth.o
HAL_ETH_SetDMAConfig                              build/stm32h7xx_hal_eth.o
HAL_ETH_SetHashTable                              build/stm32h7xx_hal_eth.o
HAL_ETH_SetMACConfig                              build/stm32h7xx_hal_eth.o
HAL_ETH_SetMACFilterConfig                        build/stm32h7xx_hal_eth.o
HAL_ETH_SetMDIOClockRange                         build/stm32h7xx_hal_eth.o
HAL_ETH_SetRxVLANIdentifier                       build/stm32h7xx_hal_eth.o
HAL_ETH_SetSourceMACAddrMatch                     build/stm32h7xx_hal_eth.o
HAL_ETH_SetWakeUpFilter                           build/stm32h7xx_hal_eth.o
HAL_ETH_Start                                     build/stm32h7xx_hal_eth.o
HAL_ETH_Start_IT                                  build/stm32h7xx_hal_eth.o
HAL_ETH_Stop                                      build/stm32h7xx_hal_eth.o
HAL_ETH_Stop_IT                                   build/stm32h7xx_hal_eth.o
HAL_ETH_Transmit                                  build/stm32h7xx_hal_eth.o
HAL_ETH_Transmit_IT                               build/stm32h7xx_hal_eth.o
HAL_ETH_TxCpltCallback                            build/stm32h7xx_hal_eth.o
HAL_ETH_TxFreeCallback                            build/stm32h7xx_hal_eth.o
HAL_ETH_UnRegisterRxAllocateCallback              build/stm32h7xx_hal_eth.o
HAL_ETH_UnRegisterRxLinkCallback                  build/stm32h7xx_hal_eth.o
HAL_ETH_UnRegisterTxFreeCallback                  build/stm32h7xx_hal_eth.o
HAL_ETH_WakeUpCallback                            build/stm32h7xx_hal_eth.o
HAL_ETH_WritePHYRegister                          build/stm32h7xx_hal_eth.o
HAL_EXTI_ClearConfigLine                          build/stm32h7xx_hal_exti.o
HAL_EXTI_ClearPending                             build/stm32h7xx_hal_exti.o
HAL_EXTI_D1_ClearFlag                             build/stm32h7xx_hal.o
HAL_EXTI_D1_EventInputConfig                      build/stm32h7xx_hal.o
HAL_EXTI_D3_EventInputConfig                      build/stm32h7xx_hal.o
HAL_EXTI_EdgeConfig                               build/stm32h7xx_hal.o
HAL_EXTI_GenerateSWI                              build/stm32h7xx_hal_exti.o
HAL_EXTI_GenerateSWInterrupt                      build/stm32h7xx_hal.o
HAL_EXTI_GetConfigLine                            build/stm32h7xx_hal_exti.o
HAL_EXTI_GetHandle                                build/stm32h7xx_hal_exti.o
HAL_EXTI_GetPending                               build/stm32h7xx_hal_exti.o
HAL_EXTI_IRQHandler                               build/stm32h7xx_hal_exti.o
HAL_EXTI_RegisterCallback                         build/stm32h7xx_hal_exti.o
HAL_EXTI_SetConfigLine                            build/stm32h7xx_hal_exti.o
HAL_EnableCompensationCell                        build/stm32h7xx_hal.o
HAL_FLASHEx_ComputeCRC                            build/stm32h7xx_hal_flash_ex.o
HAL_FLASHEx_Erase                                 build/stm32h7xx_hal_flash_ex.o
HAL_FLASHEx_Erase_IT                              build/stm32h7xx_hal_flash_ex.o
HAL_FLASHEx_Lock_Bank1                            build/stm32h7xx_hal_flash_ex.o
HAL_FLASHEx_Lock_Bank2                            build/stm32h7xx_hal_flash_ex.o
HAL_FLASHEx_OBGetConfig                           build/stm32h7xx_hal_flash_ex.o
HAL_FLASHEx_OBProgram                             build/stm32h7xx_hal_flash_ex.o
HAL_FLASHEx_Unlock_Bank1                          build/stm32h7xx_hal_flash_ex.o
HAL_FLASHEx_Unlock_Bank2                          build/stm32h7xx_hal_flash_ex.o
HAL_FLASH_EndOfOperationCallback                  build/stm32h7xx_hal_flash.o
HAL_FLASH_GetError                                build/stm32h7xx_hal_flash.o
HAL_FLASH_IRQHandler                              build/stm32h7xx_hal_flash.o
HAL_FLASH_Lock                                    build/stm32h7xx_hal_flash.o
HAL_FLASH_OB_Launch                               build/stm32h7xx_hal_flash.o
HAL_FLASH_OB_Lock                                 build/stm32h7xx_hal_flash.o
HAL_FLASH_OB_Unlock                               build/stm32h7xx_hal_flash.o
HAL_FLASH_OperationErrorCallback                  build/stm32h7xx_hal_flash.o
HAL_FLASH_Program                                 build/stm32h7xx_hal_flash.o
HAL_FLASH_Program_IT                              build/stm32h7xx_hal_flash.o
HAL_FLASH_Unlock                                  build/stm32h7xx_hal_flash.o
HAL_GPIO_DeInit                                   build/stm32h7xx_hal_gpio.o
                                                  build/stm32h7xx_hal_msp.o
HAL_GPIO_EXTI_Callback                            build/stm32h7xx_hal_gpio.o
HAL_GPIO_EXTI_IRQHandler                          build/stm32h7xx_hal_gpio.o
HAL_GPIO_Init                                     build/stm32h7xx_hal_gpio.o
                                                  build/stm32h7xx_hal_rcc.o
                                                  build/stm32h7xx_hal_msp.o
                                                  build/main.o
HAL_GPIO_LockPin                                  build/stm32h7xx_hal_gpio.o
HAL_GPIO_ReadPin                                  build/stm32h7xx_hal_gpio.o
HAL_GPIO_TogglePin                                build/stm32h7xx_hal_gpio.o
HAL_GPIO_WritePin                                 build/stm32h7xx_hal_gpio.o
                                                  build/OV7670.o
                                                  build/main.o
HAL_GetCurrentCPUID                               build/stm32h7xx_hal_cortex.o
HAL_GetDEVID                                      build/stm32h7xx_hal.o
HAL_GetFMCMemorySwappingConfig                    build/stm32h7xx_hal.o
HAL_GetHalVersion                                 build/stm32h7xx_hal.o
HAL_GetREVID                                      build/stm32h7xx_hal.o
                                                  build/stm32h7xx_hal_rcc_ex.o
                                                  build/stm32h7xx_hal_rcc.o
HAL_GetTick                                       build/stm32h7xx_hal.o
                                                  build/stm32h7xx_hal_pcd_ex.o
                                                  build/stm32h7xx_hal_uart_ex.o
                                                  build/stm32h7xx_hal_uart.o
                                                  build/stm32h7xx_hal_i2c.o
                                                  build/stm32h7xx_hal_pwr_ex.o
                                                  build/stm32h7xx_hal_mdma.o
                                                  build/stm32h7xx_hal_dma.o
                                                  build/stm32h7xx_hal_flash.o
                                                  build/stm32h7xx_hal_rcc_ex.o
                                                  build/stm32h7xx_hal_rcc.o
                                                  build/stm32h7xx_hal_eth.o
HAL_GetTickFreq                                   build/stm32h7xx_hal.o
HAL_GetTickPrio                                   build/stm32h7xx_hal.o
HAL_GetUIDw0                                      build/stm32h7xx_hal.o
HAL_GetUIDw1                                      build/stm32h7xx_hal.o
HAL_GetUIDw2                                      build/stm32h7xx_hal.o
HAL_HSEM_ActivateNotification                     build/stm32h7xx_hal_hsem.o
HAL_HSEM_DeactivateNotification                   build/stm32h7xx_hal_hsem.o
HAL_HSEM_FastTake                                 build/stm32h7xx_hal_hsem.o
HAL_HSEM_FreeCallback                             build/stm32h7xx_hal_hsem.o
HAL_HSEM_GetClearKey                              build/stm32h7xx_hal_hsem.o
HAL_HSEM_IRQHandler                               build/stm32h7xx_hal_hsem.o
HAL_HSEM_IsSemTaken                               build/stm32h7xx_hal_hsem.o
HAL_HSEM_Release                                  build/stm32h7xx_hal_hsem.o
HAL_HSEM_ReleaseAll                               build/stm32h7xx_hal_hsem.o
HAL_HSEM_SetClearKey                              build/stm32h7xx_hal_hsem.o
HAL_HSEM_Take                                     build/stm32h7xx_hal_hsem.o
HAL_HalfDuplex_EnableReceiver                     build/stm32h7xx_hal_uart.o
HAL_HalfDuplex_EnableTransmitter                  build/stm32h7xx_hal_uart.o
HAL_HalfDuplex_Init                               build/stm32h7xx_hal_uart.o
HAL_I2CEx_ConfigAnalogFilter                      build/stm32h7xx_hal_i2c_ex.o
                                                  build/main.o
HAL_I2CEx_ConfigDigitalFilter                     build/stm32h7xx_hal_i2c_ex.o
                                                  build/main.o
HAL_I2CEx_DisableFastModePlus                     build/stm32h7xx_hal_i2c_ex.o
HAL_I2CEx_DisableWakeUp                           build/stm32h7xx_hal_i2c_ex.o
HAL_I2CEx_EnableFastModePlus                      build/stm32h7xx_hal_i2c_ex.o
HAL_I2CEx_EnableWakeUp                            build/stm32h7xx_hal_i2c_ex.o
HAL_I2C_AbortCpltCallback                         build/stm32h7xx_hal_i2c.o
HAL_I2C_AddrCallback                              build/stm32h7xx_hal_i2c.o
HAL_I2C_DeInit                                    build/stm32h7xx_hal_i2c.o
HAL_I2C_DisableListen_IT                          build/stm32h7xx_hal_i2c.o
HAL_I2C_ER_IRQHandler                             build/stm32h7xx_hal_i2c.o
HAL_I2C_EV_IRQHandler                             build/stm32h7xx_hal_i2c.o
HAL_I2C_EnableListen_IT                           build/stm32h7xx_hal_i2c.o
HAL_I2C_ErrorCallback                             build/stm32h7xx_hal_i2c.o
HAL_I2C_GetError                                  build/stm32h7xx_hal_i2c.o
HAL_I2C_GetMode                                   build/stm32h7xx_hal_i2c.o
HAL_I2C_GetState                                  build/stm32h7xx_hal_i2c.o
HAL_I2C_Init                                      build/stm32h7xx_hal_i2c.o
                                                  build/main.o
HAL_I2C_IsDeviceReady                             build/stm32h7xx_hal_i2c.o
HAL_I2C_ListenCpltCallback                        build/stm32h7xx_hal_i2c.o
HAL_I2C_MasterRxCpltCallback                      build/stm32h7xx_hal_i2c.o
HAL_I2C_MasterTxCpltCallback                      build/stm32h7xx_hal_i2c.o
HAL_I2C_Master_Abort_IT                           build/stm32h7xx_hal_i2c.o
HAL_I2C_Master_Receive                            build/stm32h7xx_hal_i2c.o
                                                  build/OV7670.o
HAL_I2C_Master_Receive_DMA                        build/stm32h7xx_hal_i2c.o
HAL_I2C_Master_Receive_IT                         build/stm32h7xx_hal_i2c.o
HAL_I2C_Master_Seq_Receive_DMA                    build/stm32h7xx_hal_i2c.o
HAL_I2C_Master_Seq_Receive_IT                     build/stm32h7xx_hal_i2c.o
HAL_I2C_Master_Seq_Transmit_DMA                   build/stm32h7xx_hal_i2c.o
HAL_I2C_Master_Seq_Transmit_IT                    build/stm32h7xx_hal_i2c.o
HAL_I2C_Master_Transmit                           build/stm32h7xx_hal_i2c.o
                                                  build/OV7670.o
HAL_I2C_Master_Transmit_DMA                       build/stm32h7xx_hal_i2c.o
HAL_I2C_Master_Transmit_IT                        build/stm32h7xx_hal_i2c.o
HAL_I2C_MemRxCpltCallback                         build/stm32h7xx_hal_i2c.o
HAL_I2C_MemTxCpltCallback                         build/stm32h7xx_hal_i2c.o
HAL_I2C_Mem_Read                                  build/stm32h7xx_hal_i2c.o
HAL_I2C_Mem_Read_DMA                              build/stm32h7xx_hal_i2c.o
HAL_I2C_Mem_Read_IT                               build/stm32h7xx_hal_i2c.o
HAL_I2C_Mem_Write                                 build/stm32h7xx_hal_i2c.o
HAL_I2C_Mem_Write_DMA                             build/stm32h7xx_hal_i2c.o
HAL_I2C_Mem_Write_IT                              build/stm32h7xx_hal_i2c.o
HAL_I2C_MspDeInit                                 build/stm32h7xx_hal_msp.o
HAL_I2C_MspInit                                   build/stm32h7xx_hal_msp.o
HAL_I2C_SlaveRxCpltCallback                       build/stm32h7xx_hal_i2c.o
HAL_I2C_SlaveTxCpltCallback                       build/stm32h7xx_hal_i2c.o
HAL_I2C_Slave_Receive                             build/stm32h7xx_hal_i2c.o
HAL_I2C_Slave_Receive_DMA                         build/stm32h7xx_hal_i2c.o
HAL_I2C_Slave_Receive_IT                          build/stm32h7xx_hal_i2c.o
HAL_I2C_Slave_Seq_Receive_DMA                     build/stm32h7xx_hal_i2c.o
HAL_I2C_Slave_Seq_Receive_IT                      build/stm32h7xx_hal_i2c.o
HAL_I2C_Slave_Seq_Transmit_DMA                    build/stm32h7xx_hal_i2c.o
HAL_I2C_Slave_Seq_Transmit_IT                     build/stm32h7xx_hal_i2c.o
HAL_I2C_Slave_Transmit                            build/stm32h7xx_hal_i2c.o
HAL_I2C_Slave_Transmit_DMA                        build/stm32h7xx_hal_i2c.o
HAL_I2C_Slave_Transmit_IT                         build/stm32h7xx_hal_i2c.o
HAL_IncTick                                       build/stm32h7xx_hal.o
                                                  build/stm32h7xx_it.o
HAL_Init                                          build/stm32h7xx_hal.o
                                                  build/main.o
HAL_InitTick                                      build/stm32h7xx_hal.o
                                                  build/stm32h7xx_hal_rcc.o
HAL_LIN_Init                                      build/stm32h7xx_hal_uart.o